Archive member included to satisfy reference by file (symbol)

/mnt/OK8MP/OK8MP-linux-sdk/OK8MP-FreeRTOS/tools/gcc-arm-none-eabi-10-2020-q4-major/bin/../lib/gcc/arm-none-eabi/10.2.1/../../../../arm-none-eabi/lib/thumb/v7e-m+fp/hard/libc_nano.a(lib_a-errno.o)
                              CMakeFiles/pdm_sai_interrupt.elf.dir/mnt/OK8MP/OK8MP-linux-sdk/OK8MP-FreeRTOS/devices/MIMX8ML8/utilities/fsl_sbrk.c.obj (__errno)
/mnt/OK8MP/OK8MP-linux-sdk/OK8MP-FreeRTOS/tools/gcc-arm-none-eabi-10-2020-q4-major/bin/../lib/gcc/arm-none-eabi/10.2.1/../../../../arm-none-eabi/lib/thumb/v7e-m+fp/hard/libc_nano.a(lib_a-exit.o)
                              /mnt/OK8MP/OK8MP-linux-sdk/OK8MP-FreeRTOS/tools/gcc-arm-none-eabi-10-2020-q4-major/bin/../lib/gcc/arm-none-eabi/10.2.1/../../../../arm-none-eabi/lib/thumb/v7e-m+fp/hard/crt0.o (exit)
/mnt/OK8MP/OK8MP-linux-sdk/OK8MP-FreeRTOS/tools/gcc-arm-none-eabi-10-2020-q4-major/bin/../lib/gcc/arm-none-eabi/10.2.1/../../../../arm-none-eabi/lib/thumb/v7e-m+fp/hard/libc_nano.a(lib_a-impure.o)
                              /mnt/OK8MP/OK8MP-linux-sdk/OK8MP-FreeRTOS/tools/gcc-arm-none-eabi-10-2020-q4-major/bin/../lib/gcc/arm-none-eabi/10.2.1/../../../../arm-none-eabi/lib/thumb/v7e-m+fp/hard/libc_nano.a(lib_a-exit.o) (_global_impure_ptr)
/mnt/OK8MP/OK8MP-linux-sdk/OK8MP-FreeRTOS/tools/gcc-arm-none-eabi-10-2020-q4-major/bin/../lib/gcc/arm-none-eabi/10.2.1/../../../../arm-none-eabi/lib/thumb/v7e-m+fp/hard/libc_nano.a(lib_a-init.o)
                              /mnt/OK8MP/OK8MP-linux-sdk/OK8MP-FreeRTOS/tools/gcc-arm-none-eabi-10-2020-q4-major/bin/../lib/gcc/arm-none-eabi/10.2.1/../../../../arm-none-eabi/lib/thumb/v7e-m+fp/hard/crt0.o (__libc_init_array)
/mnt/OK8MP/OK8MP-linux-sdk/OK8MP-FreeRTOS/tools/gcc-arm-none-eabi-10-2020-q4-major/bin/../lib/gcc/arm-none-eabi/10.2.1/../../../../arm-none-eabi/lib/thumb/v7e-m+fp/hard/libc_nano.a(lib_a-malloc.o)
                              CMakeFiles/pdm_sai_interrupt.elf.dir/mnt/OK8MP/OK8MP-linux-sdk/OK8MP-FreeRTOS/devices/MIMX8ML8/drivers/fsl_common.c.obj (malloc)
/mnt/OK8MP/OK8MP-linux-sdk/OK8MP-FreeRTOS/tools/gcc-arm-none-eabi-10-2020-q4-major/bin/../lib/gcc/arm-none-eabi/10.2.1/../../../../arm-none-eabi/lib/thumb/v7e-m+fp/hard/libc_nano.a(lib_a-memcpy-stub.o)
                              CMakeFiles/pdm_sai_interrupt.elf.dir/mnt/OK8MP/OK8MP-linux-sdk/OK8MP-FreeRTOS/components/codec/wm8960/fsl_wm8960.c.obj (memcpy)
/mnt/OK8MP/OK8MP-linux-sdk/OK8MP-FreeRTOS/tools/gcc-arm-none-eabi-10-2020-q4-major/bin/../lib/gcc/arm-none-eabi/10.2.1/../../../../arm-none-eabi/lib/thumb/v7e-m+fp/hard/libc_nano.a(lib_a-memset.o)
                              /mnt/OK8MP/OK8MP-linux-sdk/OK8MP-FreeRTOS/tools/gcc-arm-none-eabi-10-2020-q4-major/bin/../lib/gcc/arm-none-eabi/10.2.1/../../../../arm-none-eabi/lib/thumb/v7e-m+fp/hard/crt0.o (memset)
/mnt/OK8MP/OK8MP-linux-sdk/OK8MP-FreeRTOS/tools/gcc-arm-none-eabi-10-2020-q4-major/bin/../lib/gcc/arm-none-eabi/10.2.1/../../../../arm-none-eabi/lib/thumb/v7e-m+fp/hard/libc_nano.a(lib_a-nano-freer.o)
                              /mnt/OK8MP/OK8MP-linux-sdk/OK8MP-FreeRTOS/tools/gcc-arm-none-eabi-10-2020-q4-major/bin/../lib/gcc/arm-none-eabi/10.2.1/../../../../arm-none-eabi/lib/thumb/v7e-m+fp/hard/libc_nano.a(lib_a-malloc.o) (_free_r)
/mnt/OK8MP/OK8MP-linux-sdk/OK8MP-FreeRTOS/tools/gcc-arm-none-eabi-10-2020-q4-major/bin/../lib/gcc/arm-none-eabi/10.2.1/../../../../arm-none-eabi/lib/thumb/v7e-m+fp/hard/libc_nano.a(lib_a-nano-mallocr.o)
                              /mnt/OK8MP/OK8MP-linux-sdk/OK8MP-FreeRTOS/tools/gcc-arm-none-eabi-10-2020-q4-major/bin/../lib/gcc/arm-none-eabi/10.2.1/../../../../arm-none-eabi/lib/thumb/v7e-m+fp/hard/libc_nano.a(lib_a-malloc.o) (_malloc_r)
/mnt/OK8MP/OK8MP-linux-sdk/OK8MP-FreeRTOS/tools/gcc-arm-none-eabi-10-2020-q4-major/bin/../lib/gcc/arm-none-eabi/10.2.1/../../../../arm-none-eabi/lib/thumb/v7e-m+fp/hard/libc_nano.a(lib_a-sbrkr.o)
                              /mnt/OK8MP/OK8MP-linux-sdk/OK8MP-FreeRTOS/tools/gcc-arm-none-eabi-10-2020-q4-major/bin/../lib/gcc/arm-none-eabi/10.2.1/../../../../arm-none-eabi/lib/thumb/v7e-m+fp/hard/libc_nano.a(lib_a-nano-mallocr.o) (_sbrk_r)
/mnt/OK8MP/OK8MP-linux-sdk/OK8MP-FreeRTOS/tools/gcc-arm-none-eabi-10-2020-q4-major/bin/../lib/gcc/arm-none-eabi/10.2.1/../../../../arm-none-eabi/lib/thumb/v7e-m+fp/hard/libc_nano.a(lib_a-strlen.o)
                              CMakeFiles/pdm_sai_interrupt.elf.dir/mnt/OK8MP/OK8MP-linux-sdk/OK8MP-FreeRTOS/devices/MIMX8ML8/utilities/debug_console_lite/fsl_debug_console.c.obj (strlen)
/mnt/OK8MP/OK8MP-linux-sdk/OK8MP-FreeRTOS/tools/gcc-arm-none-eabi-10-2020-q4-major/bin/../lib/gcc/arm-none-eabi/10.2.1/../../../../arm-none-eabi/lib/thumb/v7e-m+fp/hard/libc_nano.a(lib_a-mlock.o)
                              /mnt/OK8MP/OK8MP-linux-sdk/OK8MP-FreeRTOS/tools/gcc-arm-none-eabi-10-2020-q4-major/bin/../lib/gcc/arm-none-eabi/10.2.1/../../../../arm-none-eabi/lib/thumb/v7e-m+fp/hard/libc_nano.a(lib_a-nano-freer.o) (__malloc_lock)
[...]
Memory Configuration

Name             Origin             Length             Attributes
m_interrupts     0x0000000000000000 0x0000000000000400 xr
m_text           0x0000000000000400 0x000000000001fc00 xr
m_data           0x0000000020000000 0x0000000000020000 rw
m_data2          0x0000000080000000 0x0000000001000000 rw
*default*        0x0000000000000000 0xffffffffffffffff

Linker script and memory map

LOAD /mnt/OK8MP/OK8MP-linux-sdk/OK8MP-FreeRTOS/tools/gcc-arm-none-eabi-10-2020-q4-major/bin/../lib/gcc/arm-none-eabi/10.2.1/thumb/v7e-m+fp/hard/crti.o
LOAD /mnt/OK8MP/OK8MP-linux-sdk/OK8MP-FreeRTOS/tools/gcc-arm-none-eabi-10-2020-q4-major/bin/../lib/gcc/arm-none-eabi/10.2.1/thumb/v7e-m+fp/hard/crtbegin.o
LOAD /mnt/OK8MP/OK8MP-linux-sdk/OK8MP-FreeRTOS/tools/gcc-arm-none-eabi-10-2020-q4-major/bin/../lib/gcc/arm-none-eabi/10.2.1/../../../../arm-none-eabi/lib/thumb/v7e-m+fp/hard/crt0.o
LOAD CMakeFiles/pdm_sai_interrupt.elf.dir/mnt/OK8MP/OK8MP-linux-sdk/OK8MP-FreeRTOS/boards/evkmimx8mp/driver_examples/pdm/pdm_sai_interrupt/pdm_sai_interrupt.c.obj
LOAD CMakeFiles/pdm_sai_interrupt.elf.dir/mnt/OK8MP/OK8MP-linux-sdk/OK8MP-FreeRTOS/boards/evkmimx8mp/driver_examples/pdm/pdm_sai_interrupt/pin_mux.c.obj
LOAD CMakeFiles/pdm_sai_interrupt.elf.dir/mnt/OK8MP/OK8MP-linux-sdk/OK8MP-FreeRTOS/boards/evkmimx8mp/driver_examples/pdm/pdm_sai_interrupt/board.c.obj
LOAD CMakeFiles/pdm_sai_interrupt.elf.dir/mnt/OK8MP/OK8MP-linux-sdk/OK8MP-FreeRTOS/boards/evkmimx8mp/driver_examples/pdm/pdm_sai_interrupt/clock_config.c.obj
LOAD CMakeFiles/pdm_sai_interrupt.elf.dir/mnt/OK8MP/OK8MP-linux-sdk/OK8MP-FreeRTOS/boards/evkmimx8mp/driver_examples/pdm/pdm_sai_interrupt/empty_rsc_table.c.obj
LOAD CMakeFiles/pdm_sai_interrupt.elf.dir/mnt/OK8MP/OK8MP-linux-sdk/OK8MP-FreeRTOS/devices/MIMX8ML8/drivers/fsl_gpio.c.obj
LOAD CMakeFiles/pdm_sai_interrupt.elf.dir/mnt/OK8MP/OK8MP-linux-sdk/OK8MP-FreeRTOS/devices/MIMX8ML8/drivers/fsl_common.c.obj
LOAD CMakeFiles/pdm_sai_interrupt.elf.dir/mnt/OK8MP/OK8MP-linux-sdk/OK8MP-FreeRTOS/devices/MIMX8ML8/drivers/fsl_clock.c.obj
LOAD CMakeFiles/pdm_sai_interrupt.elf.dir/mnt/OK8MP/OK8MP-linux-sdk/OK8MP-FreeRTOS/devices/MIMX8ML8/drivers/fsl_i2c.c.obj
LOAD CMakeFiles/pdm_sai_interrupt.elf.dir/mnt/OK8MP/OK8MP-linux-sdk/OK8MP-FreeRTOS/components/codec/wm8960/fsl_wm8960.c.obj
LOAD CMakeFiles/pdm_sai_interrupt.elf.dir/mnt/OK8MP/OK8MP-linux-sdk/OK8MP-FreeRTOS/components/codec/i2c/fsl_codec_i2c.c.obj
LOAD CMakeFiles/pdm_sai_interrupt.elf.dir/mnt/OK8MP/OK8MP-linux-sdk/OK8MP-FreeRTOS/components/i2c/fsl_adapter_ii2c.c.obj
LOAD CMakeFiles/pdm_sai_interrupt.elf.dir/mnt/OK8MP/OK8MP-linux-sdk/OK8MP-FreeRTOS/components/codec/fsl_codec_common.c.obj
LOAD CMakeFiles/pdm_sai_interrupt.elf.dir/mnt/OK8MP/OK8MP-linux-sdk/OK8MP-FreeRTOS/components/codec/port/wm8960/fsl_codec_adapter.c.obj
LOAD CMakeFiles/pdm_sai_interrupt.elf.dir/mnt/OK8MP/OK8MP-linux-sdk/OK8MP-FreeRTOS/devices/MIMX8ML8/utilities/debug_console_lite/fsl_debug_console.c.obj
LOAD CMakeFiles/pdm_sai_interrupt.elf.dir/mnt/OK8MP/OK8MP-linux-sdk/OK8MP-FreeRTOS/devices/MIMX8ML8/utilities/debug_console_lite/fsl_assert.c.obj
LOAD CMakeFiles/pdm_sai_interrupt.elf.dir/mnt/OK8MP/OK8MP-linux-sdk/OK8MP-FreeRTOS/devices/MIMX8ML8/drivers/fsl_pdm.c.obj
LOAD CMakeFiles/pdm_sai_interrupt.elf.dir/mnt/OK8MP/OK8MP-linux-sdk/OK8MP-FreeRTOS/devices/MIMX8ML8/drivers/fsl_sai.c.obj
LOAD CMakeFiles/pdm_sai_interrupt.elf.dir/mnt/OK8MP/OK8MP-linux-sdk/OK8MP-FreeRTOS/devices/MIMX8ML8/drivers/fsl_rdc.c.obj
LOAD CMakeFiles/pdm_sai_interrupt.elf.dir/mnt/OK8MP/OK8MP-linux-sdk/OK8MP-FreeRTOS/devices/MIMX8ML8/drivers/fsl_audiomix.c.obj
LOAD CMakeFiles/pdm_sai_interrupt.elf.dir/mnt/OK8MP/OK8MP-linux-sdk/OK8MP-FreeRTOS/components/uart/fsl_adapter_iuart.c.obj
LOAD CMakeFiles/pdm_sai_interrupt.elf.dir/mnt/OK8MP/OK8MP-linux-sdk/OK8MP-FreeRTOS/devices/MIMX8ML8/drivers/fsl_uart.c.obj
LOAD CMakeFiles/pdm_sai_interrupt.elf.dir/mnt/OK8MP/OK8MP-linux-sdk/OK8MP-FreeRTOS/components/lists/fsl_component_generic_list.c.obj
LOAD CMakeFiles/pdm_sai_interrupt.elf.dir/mnt/OK8MP/OK8MP-linux-sdk/OK8MP-FreeRTOS/devices/MIMX8ML8/gcc/startup_MIMX8ML8_cm7.S.obj
LOAD CMakeFiles/pdm_sai_interrupt.elf.dir/mnt/OK8MP/OK8MP-linux-sdk/OK8MP-FreeRTOS/devices/MIMX8ML8/system_MIMX8ML8_cm7.c.obj
LOAD CMakeFiles/pdm_sai_interrupt.elf.dir/mnt/OK8MP/OK8MP-linux-sdk/OK8MP-FreeRTOS/devices/MIMX8ML8/utilities/fsl_sbrk.c.obj
START GROUP
LOAD /mnt/OK8MP/OK8MP-linux-sdk/OK8MP-FreeRTOS/tools/gcc-arm-none-eabi-10-2020-q4-major/bin/../lib/gcc/arm-none-eabi/10.2.1/../../../../arm-none-eabi/lib/thumb/v7e-m+fp/hard/libm.a
LOAD /mnt/OK8MP/OK8MP-linux-sdk/OK8MP-FreeRTOS/tools/gcc-arm-none-eabi-10-2020-q4-major/bin/../lib/gcc/arm-none-eabi/10.2.1/../../../../arm-none-eabi/lib/thumb/v7e-m+fp/hard/libc_nano.a
LOAD /mnt/OK8MP/OK8MP-linux-sdk/OK8MP-FreeRTOS/tools/gcc-arm-none-eabi-10-2020-q4-major/bin/../lib/gcc/arm-none-eabi/10.2.1/thumb/v7e-m+fp/hard/libgcc.a
LOAD /mnt/OK8MP/OK8MP-linux-sdk/OK8MP-FreeRTOS/tools/gcc-arm-none-eabi-10-2020-q4-major/bin/../lib/gcc/arm-none-eabi/10.2.1/../../../../arm-none-eabi/lib/thumb/v7e-m+fp/hard/libnosys.a
END GROUP
START GROUP
LOAD /mnt/OK8MP/OK8MP-linux-sdk/OK8MP-FreeRTOS/tools/gcc-arm-none-eabi-10-2020-q4-major/bin/../lib/gcc/arm-none-eabi/10.2.1/thumb/v7e-m+fp/hard/libgcc.a
LOAD /mnt/OK8MP/OK8MP-linux-sdk/OK8MP-FreeRTOS/tools/gcc-arm-none-eabi-10-2020-q4-major/bin/../lib/gcc/arm-none-eabi/10.2.1/../../../../arm-none-eabi/lib/thumb/v7e-m+fp/hard/libg_nano.a
LOAD /mnt/OK8MP/OK8MP-linux-sdk/OK8MP-FreeRTOS/tools/gcc-arm-none-eabi-10-2020-q4-major/bin/../lib/gcc/arm-none-eabi/10.2.1/../../../../arm-none-eabi/lib/thumb/v7e-m+fp/hard/libc_nano.a
END GROUP
START GROUP
LOAD /mnt/OK8MP/OK8MP-linux-sdk/OK8MP-FreeRTOS/tools/gcc-arm-none-eabi-10-2020-q4-major/bin/../lib/gcc/arm-none-eabi/10.2.1/thumb/v7e-m+fp/hard/libgcc.a
LOAD /mnt/OK8MP/OK8MP-linux-sdk/OK8MP-FreeRTOS/tools/gcc-arm-none-eabi-10-2020-q4-major/bin/../lib/gcc/arm-none-eabi/10.2.1/../../../../arm-none-eabi/lib/thumb/v7e-m+fp/hard/libc_nano.a
LOAD /mnt/OK8MP/OK8MP-linux-sdk/OK8MP-FreeRTOS/tools/gcc-arm-none-eabi-10-2020-q4-major/bin/../lib/gcc/arm-none-eabi/10.2.1/../../../../arm-none-eabi/lib/thumb/v7e-m+fp/hard/libnosys.a
END GROUP
START GROUP
LOAD /mnt/OK8MP/OK8MP-linux-sdk/OK8MP-FreeRTOS/tools/gcc-arm-none-eabi-10-2020-q4-major/bin/../lib/gcc/arm-none-eabi/10.2.1/thumb/v7e-m+fp/hard/libgcc.a
LOAD /mnt/OK8MP/OK8MP-linux-sdk/OK8MP-FreeRTOS/tools/gcc-arm-none-eabi-10-2020-q4-major/bin/../lib/gcc/arm-none-eabi/10.2.1/../../../../arm-none-eabi/lib/thumb/v7e-m+fp/hard/libc_nano.a
LOAD /mnt/OK8MP/OK8MP-linux-sdk/OK8MP-FreeRTOS/tools/gcc-arm-none-eabi-10-2020-q4-major/bin/../lib/gcc/arm-none-eabi/10.2.1/../../../../arm-none-eabi/lib/thumb/v7e-m+fp/hard/libnosys.a
END GROUP
LOAD /mnt/OK8MP/OK8MP-linux-sdk/OK8MP-FreeRTOS/tools/gcc-arm-none-eabi-10-2020-q4-major/bin/../lib/gcc/arm-none-eabi/10.2.1/thumb/v7e-m+fp/hard/crtend.o
LOAD /mnt/OK8MP/OK8MP-linux-sdk/OK8MP-FreeRTOS/tools/gcc-arm-none-eabi-10-2020-q4-major/bin/../lib/gcc/arm-none-eabi/10.2.1/thumb/v7e-m+fp/hard/crtn.o
                0x0000000000000400                HEAP_SIZE = DEFINED (__heap_size__)?__heap_size__:0x400
                0x0000000000000400                STACK_SIZE = DEFINED (__stack_size__)?__stack_size__:0x400

.interrupts     0x0000000000000000      0x2a8
                0x0000000000000000                __VECTOR_TABLE = .
                0x0000000000000000                __Vectors = .
                0x0000000000000000                . = ALIGN (0x4)
 *(.isr_vector)
 .isr_vector    0x0000000000000000      0x2a8 CMakeFiles/pdm_sai_interrupt.elf.dir/mnt/OK8MP/OK8MP-linux-sdk/OK8MP-FreeRTOS/devices/MIMX8ML8/gcc/startup_MIMX8ML8_cm7.S.obj
                0x0000000000000000                __isr_vector
                0x00000000000002a8                . = ALIGN (0x4)

.resource_table
                0x0000000000000400       0x10
                0x0000000000000400                . = ALIGN (0x8)
 *(.resource_table)
 .resource_table
                0x0000000000000400       0x10 CMakeFiles/pdm_sai_interrupt.elf.dir/mnt/OK8MP/OK8MP-linux-sdk/OK8MP-FreeRTOS/boards/evkmimx8mp/driver_examples/pdm/pdm_sai_interrupt/empty_rsc_table.c.obj
                0x0000000000000400                resource_table
                0x0000000000000410                . = ALIGN (0x8)

.text           0x0000000000000410     0x3510
                0x0000000000000410                . = ALIGN (0x4)
 *(.text)
 .text          0x0000000000000410       0x40 /mnt/OK8MP/OK8MP-linux-sdk/OK8MP-FreeRTOS/tools/gcc-arm-none-eabi-10-2020-q4-major/bin/../lib/gcc/arm-none-eabi/10.2.1/thumb/v7e-m+fp/hard/crtbegin.o
 .text          0x0000000000000450       0x7c /mnt/OK8MP/OK8MP-linux-sdk/OK8MP-FreeRTOS/tools/gcc-arm-none-eabi-10-2020-q4-major/bin/../lib/gcc/arm-none-eabi/10.2.1/../../../../arm-none-eabi/lib/thumb/v7e-m+fp/hard/crt0.o
                0x0000000000000450                _stack_init
                0x0000000000000458                _mainCRTStartup
                0x0000000000000458                _start
 .text          0x00000000000004cc      0x588 CMakeFiles/pdm_sai_interrupt.elf.dir/mnt/OK8MP/OK8MP-linux-sdk/OK8MP-FreeRTOS/devices/MIMX8ML8/gcc/startup_MIMX8ML8_cm7.S.obj
                0x00000000000004cc                Reset_Handler
                0x0000000000000558                VPU_G2_DriverIRQHandler
                0x0000000000000558                PWM2_DriverIRQHandler
                0x0000000000000558                CAAM_ERROR_DriverIRQHandler
                0x0000000000000558                DebugMon_Handler
                0x0000000000000558                EDMA1_0_15_DriverIRQHandler
                0x0000000000000558                CPU_Error_AXI_DriverIRQHandler
                0x0000000000000558                BCH_DriverIRQHandler
                0x0000000000000558                VPU_G1_DriverIRQHandler
                0x0000000000000558                SNVS_Consolidated_DriverIRQHandler
                0x0000000000000558                MIPI_CSI1_DriverIRQHandler
                0x0000000000000558                MECC_ERR_DriverIRQHandler
                0x0000000000000558                PWM4_DriverIRQHandler
                0x0000000000000558                LCDIF1_DriverIRQHandler
                0x0000000000000558                RDC_DriverIRQHandler
                0x0000000000000558                GPIO3_Combined_0_15_DriverIRQHandler
                0x0000000000000558                USB2_WAKEUP_DriverIRQHandler
                0x0000000000000558                DDR_ERR_DriverIRQHandler
                0x0000000000000558                HS_CP0_DriverIRQHandler
                0x0000000000000558                GPMI_DriverIRQHandler
                0x0000000000000558                MU3_AUDIO_DriverIRQHandler
                0x0000000000000558                ISI_DriverIRQHandler
                0x0000000000000558                ENET_QOS_PMT_DriverIRQHandler
                0x0000000000000558                MIPI_CSI2_DriverIRQHandler
                0x0000000000000558                GPIO2_Combined_16_31_DriverIRQHandler
                0x0000000000000558                PERFMON1_DriverIRQHandler
                0x0000000000000558                UsageFault_Handler
                0x0000000000000558                SCTR_IRQ0_DriverIRQHandler
                0x0000000000000558                CAAM_IRQ0_DriverIRQHandler
                0x0000000000000558                DDR_PerformanceMonitor_DriverIRQHandler
                0x0000000000000558                DefaultISR
                0x0000000000000558                CPU_PerformanceUnit_DriverIRQHandler
                0x0000000000000558                CAN_FD1_DriverIRQHandler
                0x0000000000000558                CPU_Error_L2RAM_DriverIRQHandler
                0x0000000000000558                SDMA2_DriverIRQHandler
                0x0000000000000558                SRC_DriverIRQHandler
                0x0000000000000558                GPIO1_INT4_DriverIRQHandler
                0x0000000000000558                HS_CP1_DriverIRQHandler
                0x0000000000000558                ENET1_MAC0_Rx_Tx_Done0_DriverIRQHandler
                0x0000000000000558                USDHC1_DriverIRQHandler
                0x0000000000000558                ECSPI3_DriverIRQHandler
                0x0000000000000558                WDOG1_DriverIRQHandler
                0x0000000000000558                SDMA1_DriverIRQHandler
                0x0000000000000558                ECSPI2_DriverIRQHandler
                0x0000000000000558                GPIO1_Combined_16_31_DriverIRQHandler
                0x0000000000000558                GPIO1_INT7_DriverIRQHandler
                0x0000000000000558                MIPI_DSI_DriverIRQHandler
                0x0000000000000558                TZASC_DriverIRQHandler
                0x0000000000000558                GPIO5_Combined_0_15_DriverIRQHandler
                0x0000000000000558                GPIO1_INT0_DriverIRQHandler
                0x0000000000000558                GPIO1_INT2_DriverIRQHandler
                0x0000000000000558                GPU2D_DriverIRQHandler
                0x0000000000000558                RTIC_DriverIRQHandler
                0x0000000000000558                ENET1_1588_DriverIRQHandler
                0x0000000000000558                CAN_FD1_ERROR_DriverIRQHandler
                0x0000000000000558                EDMA1_ERR_DriverIRQHandler
                0x0000000000000558                GPT2_DriverIRQHandler
                0x0000000000000558                SCTR_IRQ1_DriverIRQHandler
                0x0000000000000558                VPU_DriverIRQHandler
                0x0000000000000558                SNVS_Security_DriverIRQHandler
                0x0000000000000558                I2S7_DriverIRQHandler
                0x0000000000000558                AUD2HTX_DriverIRQHandler
                0x0000000000000558                PCIE_EDMA_DriverIRQHandler
                0x0000000000000558                PDM_ERROR_DriverIRQHandler
                0x0000000000000558                ML_DriverIRQHandler
                0x0000000000000558                SJC_DriverIRQHandler
                0x0000000000000558                CAAM_IRQ1_DriverIRQHandler
                0x0000000000000558                PCIE_CTRL1_2_DriverIRQHandler
                0x0000000000000558                PERFMON2_DriverIRQHandler
                0x0000000000000558                GPT6_DriverIRQHandler
                0x0000000000000558                EDMA1_16_31_DriverIRQHandler
                0x0000000000000558                GPT5_DriverIRQHandler
                0x0000000000000558                DDR_DriverIRQHandler
                0x0000000000000558                GPT1_DriverIRQHandler
                0x0000000000000558                CAAM_IRQ2_DriverIRQHandler
                0x0000000000000558                SNVS_DriverIRQHandler
                0x0000000000000558                CSU_DriverIRQHandler
                0x0000000000000558                USDHC3_DriverIRQHandler
                0x0000000000000558                GPIO1_INT5_DriverIRQHandler
                0x0000000000000558                QOS_DriverIRQHandler
                0x0000000000000558                HDMI_TX_DriverIRQHandler
                0x0000000000000558                FlexSPI_DriverIRQHandler
                0x0000000000000558                DEWARP_DriverIRQHandler
                0x0000000000000558                GPIO1_Combined_0_15_DriverIRQHandler
                0x0000000000000558                USDHC2_DriverIRQHandler
                0x0000000000000558                WDOG3_DriverIRQHandler
                0x0000000000000558                MemManage_Handler
                0x0000000000000558                USB1_WAKEUP_DriverIRQHandler
                0x0000000000000558                USB1_DriverIRQHandler
                0x0000000000000558                GPIO3_Combined_16_31_DriverIRQHandler
                0x0000000000000558                AUDIO_XCVR1_DriverIRQHandler
                0x0000000000000558                PWM1_DriverIRQHandler
                0x0000000000000558                MU3_M7_DriverIRQHandler
                0x0000000000000558                PCIE_CTRL1_3_DriverIRQHandler
                0x0000000000000558                GPT4_DriverIRQHandler
                0x0000000000000558                MU2_A53_DriverIRQHandler
                0x0000000000000558                AUDIO_XCVR_DriverIRQHandler
                0x0000000000000558                SDMA3_DriverIRQHandler
                0x0000000000000558                CM7_CTI_DriverIRQHandler
                0x0000000000000558                ECSPI1_DriverIRQHandler
                0x0000000000000558                DAP_DriverIRQHandler
                0x0000000000000558                Reserved16_DriverIRQHandler
                0x0000000000000558                ENET_QOS_DriverIRQHandler
                0x0000000000000558                ENET1_DriverIRQHandler
                0x0000000000000558                ISP2_DriverIRQHandler
                0x0000000000000558                GPIO1_INT3_DriverIRQHandler
                0x0000000000000558                MECC_DriverIRQHandler
                0x0000000000000558                MECC_S_DriverIRQHandler
                0x0000000000000558                PCIE_CTRL1_1_DriverIRQHandler
                0x0000000000000558                APBHDMA_DriverIRQHandler
                0x0000000000000558                ENET1_MAC0_Rx_Tx_Done1_DriverIRQHandler
                0x0000000000000558                GPC_DriverIRQHandler
                0x0000000000000558                GPIO2_Combined_0_15_DriverIRQHandler
                0x0000000000000558                GPT3_DriverIRQHandler
                0x0000000000000558                CAN_FD2_DriverIRQHandler
                0x0000000000000558                CCM_IRQ2_DriverIRQHandler
                0x0000000000000558                PCIE_CTRL1_0_DriverIRQHandler
                0x0000000000000558                LCDIF2_DriverIRQHandler
                0x0000000000000558                WDOG2_DriverIRQHandler
                0x0000000000000558                ANAMIX_DriverIRQHandler
                0x0000000000000558                MECC_S_ERR_DriverIRQHandler
                0x0000000000000558                USB2_DriverIRQHandler
                0x0000000000000558                GPIO4_Combined_0_15_DriverIRQHandler
                0x0000000000000558                GPIO4_Combined_16_31_DriverIRQHandler
                0x0000000000000558                ISP1_DriverIRQHandler
                0x0000000000000558                GPIO5_Combined_16_31_DriverIRQHandler
                0x0000000000000558                PCIE_CTRL1_ERR_DriverIRQHandler
                0x0000000000000558                ASRC_DriverIRQHandler
                0x0000000000000558                CAN_FD2_ERROR_DriverIRQHandler
                0x0000000000000558                BusFault_Handler
                0x0000000000000558                GPU3D_DriverIRQHandler
                0x0000000000000558                PDM_HWVAD_ERROR_DriverIRQHandler
                0x0000000000000558                PCIE_CTRL1_DriverIRQHandler
                0x0000000000000558                CCM_IRQ1_DriverIRQHandler
                0x0000000000000558                CPU_CTI_Trigger_DriverIRQHandler
                0x0000000000000558                PDM_HWVAD_EVENT_DriverIRQHandler
                0x0000000000000558                MU1_M7_DriverIRQHandler
                0x0000000000000558                MU2_AUDIO_DriverIRQHandler
                0x0000000000000558                PWM3_DriverIRQHandler
                0x0000000000000558                AUDIO_XCVR0_DriverIRQHandler
                0x0000000000000558                GPIO1_INT6_DriverIRQHandler
                0x0000000000000558                GPIO1_INT1_DriverIRQHandler
                0x0000000000000558                ISI_CH1_DriverIRQHandler
                0x0000000000000558                SRC_Combined_DriverIRQHandler
                0x0000000000000558                MU1_A53_DriverIRQHandler
                0x000000000000055c                NMI_Handler
                0x0000000000000560                HardFault_Handler
                0x0000000000000564                SVC_Handler
                0x0000000000000568                PendSV_Handler
                0x000000000000056c                SysTick_Handler
                0x0000000000000570                Reserved16_IRQHandler
                0x0000000000000574                DAP_IRQHandler
                0x0000000000000578                SDMA1_IRQHandler
                0x000000000000057c                GPU3D_IRQHandler
                0x0000000000000580                SNVS_IRQHandler
                0x0000000000000584                LCDIF1_IRQHandler
                0x0000000000000588                LCDIF2_IRQHandler
                0x000000000000058c                VPU_G1_IRQHandler
                0x0000000000000590                VPU_G2_IRQHandler
                0x0000000000000594                QOS_IRQHandler
                0x0000000000000598                WDOG3_IRQHandler
                0x000000000000059c                HS_CP1_IRQHandler
                0x00000000000005a0                APBHDMA_IRQHandler
                0x00000000000005a4                ML_IRQHandler
                0x00000000000005a8                BCH_IRQHandler
                0x00000000000005ac                GPMI_IRQHandler
                0x00000000000005b0                ISI_IRQHandler
                0x00000000000005b4                MIPI_CSI1_IRQHandler
                0x00000000000005b8                MIPI_DSI_IRQHandler
                0x00000000000005bc                SNVS_Consolidated_IRQHandler
                0x00000000000005c0                SNVS_Security_IRQHandler
                0x00000000000005c4                CSU_IRQHandler
                0x00000000000005c8                USDHC1_IRQHandler
                0x00000000000005cc                USDHC2_IRQHandler
                0x00000000000005d0                USDHC3_IRQHandler
                0x00000000000005d4                GPU2D_IRQHandler
                0x00000000000005d8                UART1_IRQHandler
                0x00000000000005dc                UART2_IRQHandler
                0x00000000000005e0                UART3_IRQHandler
                0x00000000000005e4                UART4_IRQHandler
                0x00000000000005e8                VPU_IRQHandler
                0x00000000000005ec                ECSPI1_IRQHandler
                0x00000000000005f0                ECSPI2_IRQHandler
                0x00000000000005f4                ECSPI3_IRQHandler
                0x00000000000005f8                SDMA3_IRQHandler
                0x00000000000005fc                I2C1_IRQHandler
                0x0000000000000600                I2C2_IRQHandler
                0x0000000000000604                I2C3_IRQHandler
                0x0000000000000608                I2C4_IRQHandler
                0x000000000000060c                RDC_IRQHandler
                0x0000000000000610                USB1_IRQHandler
                0x0000000000000614                USB2_IRQHandler
                0x0000000000000618                ISI_CH1_IRQHandler
                0x000000000000061c                HDMI_TX_IRQHandler
                0x0000000000000620                PDM_HWVAD_EVENT_IRQHandler
                0x0000000000000624                PDM_HWVAD_ERROR_IRQHandler
                0x0000000000000628                GPT6_IRQHandler
                0x000000000000062c                SCTR_IRQ0_IRQHandler
                0x0000000000000630                SCTR_IRQ1_IRQHandler
                0x0000000000000634                ANAMIX_IRQHandler
                0x0000000000000638                I2S3_IRQHandler
                0x000000000000063c                GPT5_IRQHandler
                0x0000000000000640                GPT4_IRQHandler
                0x0000000000000644                GPT3_IRQHandler
                0x0000000000000648                GPT2_IRQHandler
                0x000000000000064c                GPT1_IRQHandler
                0x0000000000000650                GPIO1_INT7_IRQHandler
                0x0000000000000654                GPIO1_INT6_IRQHandler
                0x0000000000000658                GPIO1_INT5_IRQHandler
                0x000000000000065c                GPIO1_INT4_IRQHandler
                0x0000000000000660                GPIO1_INT3_IRQHandler
                0x0000000000000664                GPIO1_INT2_IRQHandler
                0x0000000000000668                GPIO1_INT1_IRQHandler
                0x000000000000066c                GPIO1_INT0_IRQHandler
                0x0000000000000670                GPIO1_Combined_0_15_IRQHandler
                0x0000000000000674                GPIO1_Combined_16_31_IRQHandler
                0x0000000000000678                GPIO2_Combined_0_15_IRQHandler
                0x000000000000067c                GPIO2_Combined_16_31_IRQHandler
                0x0000000000000680                GPIO3_Combined_0_15_IRQHandler
                0x0000000000000684                GPIO3_Combined_16_31_IRQHandler
                0x0000000000000688                GPIO4_Combined_0_15_IRQHandler
                0x000000000000068c                GPIO4_Combined_16_31_IRQHandler
                0x0000000000000690                GPIO5_Combined_0_15_IRQHandler
                0x0000000000000694                GPIO5_Combined_16_31_IRQHandler
                0x0000000000000698                ISP1_IRQHandler
                0x000000000000069c                ISP2_IRQHandler
                0x00000000000006a0                I2C5_IRQHandler
                0x00000000000006a4                I2C6_IRQHandler
                0x00000000000006a8                WDOG1_IRQHandler
                0x00000000000006ac                WDOG2_IRQHandler
                0x00000000000006b0                MIPI_CSI2_IRQHandler
                0x00000000000006b4                PWM1_IRQHandler
                0x00000000000006b8                PWM2_IRQHandler
                0x00000000000006bc                PWM3_IRQHandler
                0x00000000000006c0                PWM4_IRQHandler
                0x00000000000006c4                CCM_IRQ1_IRQHandler
                0x00000000000006c8                CCM_IRQ2_IRQHandler
                0x00000000000006cc                GPC_IRQHandler
                0x00000000000006d0                MU1_A53_IRQHandler
                0x00000000000006d4                SRC_IRQHandler
                0x00000000000006d8                I2S56_IRQHandler
                0x00000000000006dc                RTIC_IRQHandler
                0x00000000000006e0                CPU_PerformanceUnit_IRQHandler
                0x00000000000006e4                CPU_CTI_Trigger_IRQHandler
                0x00000000000006e8                SRC_Combined_IRQHandler
                0x00000000000006ec                I2S1_IRQHandler
                0x00000000000006f0                I2S2_IRQHandler
                0x00000000000006f4                MU1_M7_IRQHandler
                0x00000000000006f8                DDR_PerformanceMonitor_IRQHandler
                0x00000000000006fc                DDR_IRQHandler
                0x0000000000000700                DEWARP_IRQHandler
                0x0000000000000704                CPU_Error_AXI_IRQHandler
                0x0000000000000708                CPU_Error_L2RAM_IRQHandler
                0x000000000000070c                SDMA2_IRQHandler
                0x0000000000000710                SJC_IRQHandler
                0x0000000000000714                CAAM_IRQ0_IRQHandler
                0x0000000000000718                CAAM_IRQ1_IRQHandler
                0x000000000000071c                FlexSPI_IRQHandler
                0x0000000000000720                TZASC_IRQHandler
                0x000000000000072c                I2S7_IRQHandler
                0x0000000000000730                PERFMON1_IRQHandler
                0x0000000000000734                PERFMON2_IRQHandler
                0x0000000000000738                CAAM_IRQ2_IRQHandler
                0x000000000000073c                CAAM_ERROR_IRQHandler
                0x0000000000000740                HS_CP0_IRQHandler
                0x0000000000000744                CM7_CTI_IRQHandler
                0x0000000000000748                ENET1_MAC0_Rx_Tx_Done0_IRQHandler
                0x000000000000074c                ENET1_MAC0_Rx_Tx_Done1_IRQHandler
                0x0000000000000750                ENET1_IRQHandler
                0x0000000000000754                ENET1_1588_IRQHandler
                0x0000000000000758                ASRC_IRQHandler
                0x000000000000075c                PCIE_CTRL1_0_IRQHandler
                0x0000000000000760                PCIE_CTRL1_1_IRQHandler
                0x0000000000000764                PCIE_CTRL1_2_IRQHandler
                0x0000000000000768                PCIE_CTRL1_3_IRQHandler
                0x000000000000076c                PCIE_EDMA_IRQHandler
                0x0000000000000770                AUDIO_XCVR0_IRQHandler
                0x0000000000000774                AUDIO_XCVR1_IRQHandler
                0x0000000000000778                AUD2HTX_IRQHandler
                0x000000000000077c                EDMA1_ERR_IRQHandler
                0x0000000000000780                EDMA1_0_15_IRQHandler
                0x0000000000000784                EDMA1_16_31_IRQHandler
                0x0000000000000788                ENET_QOS_PMT_IRQHandler
                0x000000000000078c                ENET_QOS_IRQHandler
                0x0000000000000790                MU2_A53_IRQHandler
                0x0000000000000794                MU2_AUDIO_IRQHandler
                0x0000000000000798                MU3_M7_IRQHandler
                0x000000000000079c                MU3_AUDIO_IRQHandler
                0x00000000000007a0                PCIE_CTRL1_IRQHandler
                0x00000000000007a4                PCIE_CTRL1_ERR_IRQHandler
                0x00000000000007a8                CAN_FD1_IRQHandler
                0x00000000000007ac                CAN_FD1_ERROR_IRQHandler
                0x00000000000007b0                CAN_FD2_IRQHandler
                0x00000000000007b4                CAN_FD2_ERROR_IRQHandler
                0x00000000000007b8                AUDIO_XCVR_IRQHandler
                0x00000000000007bc                DDR_ERR_IRQHandler
                0x00000000000007c0                USB1_WAKEUP_IRQHandler
                0x00000000000007c4                USB2_WAKEUP_IRQHandler
                0x00000000000007c8                MECC_IRQHandler
                0x00000000000007cc                MECC_ERR_IRQHandler
                0x00000000000007d0                MECC_S_IRQHandler
                0x00000000000007d4                MECC_S_ERR_IRQHandler
 .text          0x0000000000000a54       0x10 /mnt/OK8MP/OK8MP-linux-sdk/OK8MP-FreeRTOS/tools/gcc-arm-none-eabi-10-2020-q4-major/bin/../lib/gcc/arm-none-eabi/10.2.1/../../../../arm-none-eabi/lib/thumb/v7e-m+fp/hard/libc_nano.a(lib_a-strlen.o)
                0x0000000000000a54                strlen
 .text          0x0000000000000a64       0x30 /mnt/OK8MP/OK8MP-linux-sdk/OK8MP-FreeRTOS/tools/gcc-arm-none-eabi-10-2020-q4-major/bin/../lib/gcc/arm-none-eabi/10.2.1/thumb/v7e-m+fp/hard/libgcc.a(_aeabi_uldivmod.o)
                0x0000000000000a64                __aeabi_uldivmod
 .text          0x0000000000000a94      0x2d0 /mnt/OK8MP/OK8MP-linux-sdk/OK8MP-FreeRTOS/tools/gcc-arm-none-eabi-10-2020-q4-major/bin/../lib/gcc/arm-none-eabi/10.2.1/thumb/v7e-m+fp/hard/libgcc.a(_udivmoddi4.o)
                0x0000000000000a94                __udivmoddi4
 .text          0x0000000000000d64        0x4 /mnt/OK8MP/OK8MP-linux-sdk/OK8MP-FreeRTOS/tools/gcc-arm-none-eabi-10-2020-q4-major/bin/../lib/gcc/arm-none-eabi/10.2.1/thumb/v7e-m+fp/hard/libgcc.a(_dvmd_tls.o)
                0x0000000000000d64                __aeabi_ldiv0
                0x0000000000000d64                __aeabi_idiv0
 *(.text*)
 .text.i2c_release_bus_delay
                0x0000000000000d68        0xa CMakeFiles/pdm_sai_interrupt.elf.dir/mnt/OK8MP/OK8MP-linux-sdk/OK8MP-FreeRTOS/boards/evkmimx8mp/driver_examples/pdm/pdm_sai_interrupt/pdm_sai_interrupt.c.obj
 *fill*         0x0000000000000d72        0x2 
 .text.saiCallback
                0x0000000000000d74        0xc CMakeFiles/pdm_sai_interrupt.elf.dir/mnt/OK8MP/OK8MP-linux-sdk/OK8MP-FreeRTOS/boards/evkmimx8mp/driver_examples/pdm/pdm_sai_interrupt/pdm_sai_interrupt.c.obj
 .text.BOARD_I2C_ReleaseBus
                0x0000000000000d80       0xc8 CMakeFiles/pdm_sai_interrupt.elf.dir/mnt/OK8MP/OK8MP-linux-sdk/OK8MP-FreeRTOS/boards/evkmimx8mp/driver_examples/pdm/pdm_sai_interrupt/pdm_sai_interrupt.c.obj
                0x0000000000000d80                BOARD_I2C_ReleaseBus
 .text.BOARD_MasterClockConfig
                0x0000000000000e48       0x20 CMakeFiles/pdm_sai_interrupt.elf.dir/mnt/OK8MP/OK8MP-linux-sdk/OK8MP-FreeRTOS/boards/evkmimx8mp/driver_examples/pdm/pdm_sai_interrupt/pdm_sai_interrupt.c.obj
                0x0000000000000e48                BOARD_MasterClockConfig
 .text.PDM_ERROR_IRQHandler
                0x0000000000000e68       0x24 CMakeFiles/pdm_sai_interrupt.elf.dir/mnt/OK8MP/OK8MP-linux-sdk/OK8MP-FreeRTOS/boards/evkmimx8mp/driver_examples/pdm/pdm_sai_interrupt/pdm_sai_interrupt.c.obj
                0x0000000000000e68                PDM_ERROR_IRQHandler
 .text.PDM_EVENT_IRQHandler
                0x0000000000000e8c       0x74 CMakeFiles/pdm_sai_interrupt.elf.dir/mnt/OK8MP/OK8MP-linux-sdk/OK8MP-FreeRTOS/boards/evkmimx8mp/driver_examples/pdm/pdm_sai_interrupt/pdm_sai_interrupt.c.obj
                0x0000000000000e8c                PDM_EVENT_IRQHandler
 .text.startup.main
                0x0000000000000f00      0x1d8 CMakeFiles/pdm_sai_interrupt.elf.dir/mnt/OK8MP/OK8MP-linux-sdk/OK8MP-FreeRTOS/boards/evkmimx8mp/driver_examples/pdm/pdm_sai_interrupt/pdm_sai_interrupt.c.obj
                0x0000000000000f00                main
 .text.BOARD_InitPins
                0x00000000000010d8       0x94 CMakeFiles/pdm_sai_interrupt.elf.dir/mnt/OK8MP/OK8MP-linux-sdk/OK8MP-FreeRTOS/boards/evkmimx8mp/driver_examples/pdm/pdm_sai_interrupt/pin_mux.c.obj
                0x00000000000010d8                BOARD_InitPins
 .text.BOARD_I2C_ConfigurePins
                0x000000000000116c       0x28 CMakeFiles/pdm_sai_interrupt.elf.dir/mnt/OK8MP/OK8MP-linux-sdk/OK8MP-FreeRTOS/boards/evkmimx8mp/driver_examples/pdm/pdm_sai_interrupt/pin_mux.c.obj
                0x000000000000116c                BOARD_I2C_ConfigurePins
 .text.BOARD_InitDebugConsole
                0x0000000000001194       0x44 CMakeFiles/pdm_sai_interrupt.elf.dir/mnt/OK8MP/OK8MP-linux-sdk/OK8MP-FreeRTOS/boards/evkmimx8mp/driver_examples/pdm/pdm_sai_interrupt/board.c.obj
                0x0000000000001194                BOARD_InitDebugConsole
 .text.BOARD_InitMemory
                0x00000000000011d8      0x1d4 CMakeFiles/pdm_sai_interrupt.elf.dir/mnt/OK8MP/OK8MP-linux-sdk/OK8MP-FreeRTOS/boards/evkmimx8mp/driver_examples/pdm/pdm_sai_interrupt/board.c.obj
                0x00000000000011d8                BOARD_InitMemory
 .text.BOARD_RdcInit
                0x00000000000013ac       0x64 CMakeFiles/pdm_sai_interrupt.elf.dir/mnt/OK8MP/OK8MP-linux-sdk/OK8MP-FreeRTOS/boards/evkmimx8mp/driver_examples/pdm/pdm_sai_interrupt/board.c.obj
                0x00000000000013ac                BOARD_RdcInit
 .text.BOARD_BootClockRUN
                0x0000000000001410      0x164 CMakeFiles/pdm_sai_interrupt.elf.dir/mnt/OK8MP/OK8MP-linux-sdk/OK8MP-FreeRTOS/boards/evkmimx8mp/driver_examples/pdm/pdm_sai_interrupt/clock_config.c.obj
                0x0000000000001410                BOARD_BootClockRUN
 .text.GPIO_PinWrite
                0x0000000000001574       0x16 CMakeFiles/pdm_sai_interrupt.elf.dir/mnt/OK8MP/OK8MP-linux-sdk/OK8MP-FreeRTOS/devices/MIMX8ML8/drivers/fsl_gpio.c.obj
                0x0000000000001574                GPIO_PinWrite
 .text.GPIO_PinSetInterruptConfig
                0x000000000000158a       0x7c CMakeFiles/pdm_sai_interrupt.elf.dir/mnt/OK8MP/OK8MP-linux-sdk/OK8MP-FreeRTOS/devices/MIMX8ML8/drivers/fsl_gpio.c.obj
                0x000000000000158a                GPIO_PinSetInterruptConfig
 *fill*         0x0000000000001606        0x2 
 .text.GPIO_PinInit
                0x0000000000001608       0x9c CMakeFiles/pdm_sai_interrupt.elf.dir/mnt/OK8MP/OK8MP-linux-sdk/OK8MP-FreeRTOS/devices/MIMX8ML8/drivers/fsl_gpio.c.obj
                0x0000000000001608                GPIO_PinInit
 .text.CLOCK_GetPllRefClkFreq
                0x00000000000016a4       0x20 CMakeFiles/pdm_sai_interrupt.elf.dir/mnt/OK8MP/OK8MP-linux-sdk/OK8MP-FreeRTOS/devices/MIMX8ML8/drivers/fsl_clock.c.obj
                0x00000000000016a4                CLOCK_GetPllRefClkFreq
 .text.CLOCK_InitFracPll
                0x00000000000016c4       0x54 CMakeFiles/pdm_sai_interrupt.elf.dir/mnt/OK8MP/OK8MP-linux-sdk/OK8MP-FreeRTOS/devices/MIMX8ML8/drivers/fsl_clock.c.obj
                0x00000000000016c4                CLOCK_InitFracPll
 .text.CLOCK_InitAudioPll1
                0x0000000000001718       0x28 CMakeFiles/pdm_sai_interrupt.elf.dir/mnt/OK8MP/OK8MP-linux-sdk/OK8MP-FreeRTOS/devices/MIMX8ML8/drivers/fsl_clock.c.obj
                0x0000000000001718                CLOCK_InitAudioPll1
 .text.CLOCK_InitAudioPll2
                0x0000000000001740       0x2c CMakeFiles/pdm_sai_interrupt.elf.dir/mnt/OK8MP/OK8MP-linux-sdk/OK8MP-FreeRTOS/devices/MIMX8ML8/drivers/fsl_clock.c.obj
                0x0000000000001740                CLOCK_InitAudioPll2
 .text.CLOCK_GetFracPllFreq
                0x000000000000176c       0x40 CMakeFiles/pdm_sai_interrupt.elf.dir/mnt/OK8MP/OK8MP-linux-sdk/OK8MP-FreeRTOS/devices/MIMX8ML8/drivers/fsl_clock.c.obj
                0x000000000000176c                CLOCK_GetFracPllFreq
 .text.CLOCK_GetIntegerPllFreq
                0x00000000000017ac       0x36 CMakeFiles/pdm_sai_interrupt.elf.dir/mnt/OK8MP/OK8MP-linux-sdk/OK8MP-FreeRTOS/devices/MIMX8ML8/drivers/fsl_clock.c.obj
                0x00000000000017ac                CLOCK_GetIntegerPllFreq
 *fill*         0x00000000000017e2        0x2 
 .text.CLOCK_GetPllFreq
                0x00000000000017e4       0xb4 CMakeFiles/pdm_sai_interrupt.elf.dir/mnt/OK8MP/OK8MP-linux-sdk/OK8MP-FreeRTOS/devices/MIMX8ML8/drivers/fsl_clock.c.obj
                0x00000000000017e4                CLOCK_GetPllFreq
 .text.CLOCK_SetRootDivider
                0x0000000000001898       0x20 CMakeFiles/pdm_sai_interrupt.elf.dir/mnt/OK8MP/OK8MP-linux-sdk/OK8MP-FreeRTOS/devices/MIMX8ML8/drivers/fsl_clock.c.obj
                0x0000000000001898                CLOCK_SetRootDivider
 .text.CLOCK_EnableClock
                0x00000000000018b8       0x50 CMakeFiles/pdm_sai_interrupt.elf.dir/mnt/OK8MP/OK8MP-linux-sdk/OK8MP-FreeRTOS/devices/MIMX8ML8/drivers/fsl_clock.c.obj
                0x00000000000018b8                CLOCK_EnableClock
 .text.I2C_GetInstance
                0x0000000000001908       0x1c CMakeFiles/pdm_sai_interrupt.elf.dir/mnt/OK8MP/OK8MP-linux-sdk/OK8MP-FreeRTOS/devices/MIMX8ML8/drivers/fsl_i2c.c.obj
 .text.I2C_TransferCommonIRQHandler
                0x0000000000001924       0x34 CMakeFiles/pdm_sai_interrupt.elf.dir/mnt/OK8MP/OK8MP-linux-sdk/OK8MP-FreeRTOS/devices/MIMX8ML8/drivers/fsl_i2c.c.obj
 .text.I2C_CheckAndClearError
                0x0000000000001958       0x3a CMakeFiles/pdm_sai_interrupt.elf.dir/mnt/OK8MP/OK8MP-linux-sdk/OK8MP-FreeRTOS/devices/MIMX8ML8/drivers/fsl_i2c.c.obj
 *fill*         0x0000000000001992        0x2 
 .text.I2C_MasterGetDefaultConfig
                0x0000000000001994       0x1c CMakeFiles/pdm_sai_interrupt.elf.dir/mnt/OK8MP/OK8MP-linux-sdk/OK8MP-FreeRTOS/devices/MIMX8ML8/drivers/fsl_i2c.c.obj
                0x0000000000001994                I2C_MasterGetDefaultConfig
 .text.I2C_MasterSetBaudRate
                0x00000000000019b0       0x40 CMakeFiles/pdm_sai_interrupt.elf.dir/mnt/OK8MP/OK8MP-linux-sdk/OK8MP-FreeRTOS/devices/MIMX8ML8/drivers/fsl_i2c.c.obj
                0x00000000000019b0                I2C_MasterSetBaudRate
 .text.I2C_MasterInit
                0x00000000000019f0       0x50 CMakeFiles/pdm_sai_interrupt.elf.dir/mnt/OK8MP/OK8MP-linux-sdk/OK8MP-FreeRTOS/devices/MIMX8ML8/drivers/fsl_i2c.c.obj
                0x00000000000019f0                I2C_MasterInit
 .text.I2C_MasterStart
                0x0000000000001a40       0x2a CMakeFiles/pdm_sai_interrupt.elf.dir/mnt/OK8MP/OK8MP-linux-sdk/OK8MP-FreeRTOS/devices/MIMX8ML8/drivers/fsl_i2c.c.obj
                0x0000000000001a40                I2C_MasterStart
 .text.I2C_MasterRepeatedStart
                0x0000000000001a6a       0x2c CMakeFiles/pdm_sai_interrupt.elf.dir/mnt/OK8MP/OK8MP-linux-sdk/OK8MP-FreeRTOS/devices/MIMX8ML8/drivers/fsl_i2c.c.obj
                0x0000000000001a6a                I2C_MasterRepeatedStart
 .text.I2C_MasterStop
                0x0000000000001a96       0x18 CMakeFiles/pdm_sai_interrupt.elf.dir/mnt/OK8MP/OK8MP-linux-sdk/OK8MP-FreeRTOS/devices/MIMX8ML8/drivers/fsl_i2c.c.obj
                0x0000000000001a96                I2C_MasterStop
 .text.I2C_MasterWriteBlocking
                0x0000000000001aae       0x8a CMakeFiles/pdm_sai_interrupt.elf.dir/mnt/OK8MP/OK8MP-linux-sdk/OK8MP-FreeRTOS/devices/MIMX8ML8/drivers/fsl_i2c.c.obj
                0x0000000000001aae                I2C_MasterWriteBlocking
 .text.I2C_MasterReadBlocking
                0x0000000000001b38       0xa2 CMakeFiles/pdm_sai_interrupt.elf.dir/mnt/OK8MP/OK8MP-linux-sdk/OK8MP-FreeRTOS/devices/MIMX8ML8/drivers/fsl_i2c.c.obj
                0x0000000000001b38                I2C_MasterReadBlocking
 .text.I2C_MasterTransferBlocking
                0x0000000000001bda      0x146 CMakeFiles/pdm_sai_interrupt.elf.dir/mnt/OK8MP/OK8MP-linux-sdk/OK8MP-FreeRTOS/devices/MIMX8ML8/drivers/fsl_i2c.c.obj
                0x0000000000001bda                I2C_MasterTransferBlocking
 .text.I2C1_DriverIRQHandler
                0x0000000000001d20       0x14 CMakeFiles/pdm_sai_interrupt.elf.dir/mnt/OK8MP/OK8MP-linux-sdk/OK8MP-FreeRTOS/devices/MIMX8ML8/drivers/fsl_i2c.c.obj
                0x0000000000001d20                I2C1_DriverIRQHandler
 .text.I2C2_DriverIRQHandler
                0x0000000000001d34       0x14 CMakeFiles/pdm_sai_interrupt.elf.dir/mnt/OK8MP/OK8MP-linux-sdk/OK8MP-FreeRTOS/devices/MIMX8ML8/drivers/fsl_i2c.c.obj
                0x0000000000001d34                I2C2_DriverIRQHandler
 .text.I2C3_DriverIRQHandler
                0x0000000000001d48       0x14 CMakeFiles/pdm_sai_interrupt.elf.dir/mnt/OK8MP/OK8MP-linux-sdk/OK8MP-FreeRTOS/devices/MIMX8ML8/drivers/fsl_i2c.c.obj
                0x0000000000001d48                I2C3_DriverIRQHandler
 .text.I2C4_DriverIRQHandler
                0x0000000000001d5c       0x14 CMakeFiles/pdm_sai_interrupt.elf.dir/mnt/OK8MP/OK8MP-linux-sdk/OK8MP-FreeRTOS/devices/MIMX8ML8/drivers/fsl_i2c.c.obj
                0x0000000000001d5c                I2C4_DriverIRQHandler
 .text.I2C5_DriverIRQHandler
                0x0000000000001d70       0x14 CMakeFiles/pdm_sai_interrupt.elf.dir/mnt/OK8MP/OK8MP-linux-sdk/OK8MP-FreeRTOS/devices/MIMX8ML8/drivers/fsl_i2c.c.obj
                0x0000000000001d70                I2C5_DriverIRQHandler
 .text.I2C6_DriverIRQHandler
                0x0000000000001d84       0x14 CMakeFiles/pdm_sai_interrupt.elf.dir/mnt/OK8MP/OK8MP-linux-sdk/OK8MP-FreeRTOS/devices/MIMX8ML8/drivers/fsl_i2c.c.obj
                0x0000000000001d84                I2C6_DriverIRQHandler
 .text.WM8960_WriteReg
                0x0000000000001d98       0x34 CMakeFiles/pdm_sai_interrupt.elf.dir/mnt/OK8MP/OK8MP-linux-sdk/OK8MP-FreeRTOS/components/codec/wm8960/fsl_wm8960.c.obj
                0x0000000000001d98                WM8960_WriteReg
 .text.WM8960_SetLeftInput
                0x0000000000001dcc       0xa0 CMakeFiles/pdm_sai_interrupt.elf.dir/mnt/OK8MP/OK8MP-linux-sdk/OK8MP-FreeRTOS/components/codec/wm8960/fsl_wm8960.c.obj
                0x0000000000001dcc                WM8960_SetLeftInput
 .text.WM8960_SetRightInput
                0x0000000000001e6c       0xa0 CMakeFiles/pdm_sai_interrupt.elf.dir/mnt/OK8MP/OK8MP-linux-sdk/OK8MP-FreeRTOS/components/codec/wm8960/fsl_wm8960.c.obj
                0x0000000000001e6c                WM8960_SetRightInput
 .text.WM8960_ReadReg
                0x0000000000001f0c       0x18 CMakeFiles/pdm_sai_interrupt.elf.dir/mnt/OK8MP/OK8MP-linux-sdk/OK8MP-FreeRTOS/components/codec/wm8960/fsl_wm8960.c.obj
                0x0000000000001f0c                WM8960_ReadReg
 .text.WM8960_ModifyReg
                0x0000000000001f24       0x40 CMakeFiles/pdm_sai_interrupt.elf.dir/mnt/OK8MP/OK8MP-linux-sdk/OK8MP-FreeRTOS/components/codec/wm8960/fsl_wm8960.c.obj
                0x0000000000001f24                WM8960_ModifyReg
 .text.WM8960_SetMasterSlave
                0x0000000000001f64        0xe CMakeFiles/pdm_sai_interrupt.elf.dir/mnt/OK8MP/OK8MP-linux-sdk/OK8MP-FreeRTOS/components/codec/wm8960/fsl_wm8960.c.obj
                0x0000000000001f64                WM8960_SetMasterSlave
 .text.WM8960_SetModule
                0x0000000000001f72       0xd2 CMakeFiles/pdm_sai_interrupt.elf.dir/mnt/OK8MP/OK8MP-linux-sdk/OK8MP-FreeRTOS/components/codec/wm8960/fsl_wm8960.c.obj
                0x0000000000001f72                WM8960_SetModule
 .text.WM8960_SetDataRoute
                0x0000000000002044       0xc0 CMakeFiles/pdm_sai_interrupt.elf.dir/mnt/OK8MP/OK8MP-linux-sdk/OK8MP-FreeRTOS/components/codec/wm8960/fsl_wm8960.c.obj
                0x0000000000002044                WM8960_SetDataRoute
 .text.WM8960_SetProtocol
                0x0000000000002104        0xa CMakeFiles/pdm_sai_interrupt.elf.dir/mnt/OK8MP/OK8MP-linux-sdk/OK8MP-FreeRTOS/components/codec/wm8960/fsl_wm8960.c.obj
                0x0000000000002104                WM8960_SetProtocol
 .text.WM8960_ConfigDataFormat
                0x000000000000210e       0x5c CMakeFiles/pdm_sai_interrupt.elf.dir/mnt/OK8MP/OK8MP-linux-sdk/OK8MP-FreeRTOS/components/codec/wm8960/fsl_wm8960.c.obj
                0x000000000000210e                WM8960_ConfigDataFormat
 *fill*         0x000000000000216a        0x2 
 .text.WM8960_Init
                0x000000000000216c      0x164 CMakeFiles/pdm_sai_interrupt.elf.dir/mnt/OK8MP/OK8MP-linux-sdk/OK8MP-FreeRTOS/components/codec/wm8960/fsl_wm8960.c.obj
                0x000000000000216c                WM8960_Init
 .text.CODEC_I2C_Init
                0x00000000000022d0       0x1a CMakeFiles/pdm_sai_interrupt.elf.dir/mnt/OK8MP/OK8MP-linux-sdk/OK8MP-FreeRTOS/components/codec/i2c/fsl_codec_i2c.c.obj
                0x00000000000022d0                CODEC_I2C_Init
 .text.CODEC_I2C_Send
                0x00000000000022ea       0x2a CMakeFiles/pdm_sai_interrupt.elf.dir/mnt/OK8MP/OK8MP-linux-sdk/OK8MP-FreeRTOS/components/codec/i2c/fsl_codec_i2c.c.obj
                0x00000000000022ea                CODEC_I2C_Send
 .text.HAL_I2cGetStatus
                0x0000000000002314       0x42 CMakeFiles/pdm_sai_interrupt.elf.dir/mnt/OK8MP/OK8MP-linux-sdk/OK8MP-FreeRTOS/components/i2c/fsl_adapter_ii2c.c.obj
 *fill*         0x0000000000002356        0x2 
 .text.HAL_I2cMasterInit
                0x0000000000002358       0x34 CMakeFiles/pdm_sai_interrupt.elf.dir/mnt/OK8MP/OK8MP-linux-sdk/OK8MP-FreeRTOS/components/i2c/fsl_adapter_ii2c.c.obj
                0x0000000000002358                HAL_I2cMasterInit
 .text.HAL_I2cMasterTransferBlocking
                0x000000000000238c       0x48 CMakeFiles/pdm_sai_interrupt.elf.dir/mnt/OK8MP/OK8MP-linux-sdk/OK8MP-FreeRTOS/components/i2c/fsl_adapter_ii2c.c.obj
                0x000000000000238c                HAL_I2cMasterTransferBlocking
 .text.CODEC_Init
                0x00000000000023d4        0x6 CMakeFiles/pdm_sai_interrupt.elf.dir/mnt/OK8MP/OK8MP-linux-sdk/OK8MP-FreeRTOS/components/codec/fsl_codec_common.c.obj
                0x00000000000023d4                CODEC_Init
 *fill*         0x00000000000023da        0x2 
 .text.HAL_CODEC_Init
                0x00000000000023dc       0x14 CMakeFiles/pdm_sai_interrupt.elf.dir/mnt/OK8MP/OK8MP-linux-sdk/OK8MP-FreeRTOS/components/codec/port/wm8960/fsl_codec_adapter.c.obj
                0x00000000000023dc                HAL_CODEC_Init
 .text.DbgConsole_Putchar
                0x00000000000023f0       0x24 CMakeFiles/pdm_sai_interrupt.elf.dir/mnt/OK8MP/OK8MP-linux-sdk/OK8MP-FreeRTOS/devices/MIMX8ML8/utilities/debug_console_lite/fsl_debug_console.c.obj
                0x00000000000023f0                DbgConsole_Putchar
 .text.DbgConsole_Init
                0x0000000000002414       0x48 CMakeFiles/pdm_sai_interrupt.elf.dir/mnt/OK8MP/OK8MP-linux-sdk/OK8MP-FreeRTOS/devices/MIMX8ML8/utilities/debug_console_lite/fsl_debug_console.c.obj
                0x0000000000002414                DbgConsole_Init
 .text.DbgConsole_Printf
                0x000000000000245c      0x28c CMakeFiles/pdm_sai_interrupt.elf.dir/mnt/OK8MP/OK8MP-linux-sdk/OK8MP-FreeRTOS/devices/MIMX8ML8/utilities/debug_console_lite/fsl_debug_console.c.obj
                0x000000000000245c                DbgConsole_Printf
 .text.PDM_ReadFifo
                0x00000000000026e8       0x48 CMakeFiles/pdm_sai_interrupt.elf.dir/mnt/OK8MP/OK8MP-linux-sdk/OK8MP-FreeRTOS/devices/MIMX8ML8/drivers/fsl_pdm.c.obj
                0x00000000000026e8                PDM_ReadFifo
 .text.PDM_SetSampleRateConfig
                0x0000000000002730       0x7a CMakeFiles/pdm_sai_interrupt.elf.dir/mnt/OK8MP/OK8MP-linux-sdk/OK8MP-FreeRTOS/devices/MIMX8ML8/drivers/fsl_pdm.c.obj
                0x0000000000002730                PDM_SetSampleRateConfig
 *fill*         0x00000000000027aa        0x2 
 .text.PDM_Init
                0x00000000000027ac       0x64 CMakeFiles/pdm_sai_interrupt.elf.dir/mnt/OK8MP/OK8MP-linux-sdk/OK8MP-FreeRTOS/devices/MIMX8ML8/drivers/fsl_pdm.c.obj
                0x00000000000027ac                PDM_Init
 .text.PDM_EnableInterrupts
                0x0000000000002810       0x1e CMakeFiles/pdm_sai_interrupt.elf.dir/mnt/OK8MP/OK8MP-linux-sdk/OK8MP-FreeRTOS/devices/MIMX8ML8/drivers/fsl_pdm.c.obj
                0x0000000000002810                PDM_EnableInterrupts
 .text.PDM_SetChannelConfig
                0x000000000000282e       0x38 CMakeFiles/pdm_sai_interrupt.elf.dir/mnt/OK8MP/OK8MP-linux-sdk/OK8MP-FreeRTOS/devices/MIMX8ML8/drivers/fsl_pdm.c.obj
                0x000000000000282e                PDM_SetChannelConfig
 *fill*         0x0000000000002866        0x2 
 .text.PDM_EVENT_DriverIRQHandler
                0x0000000000002868       0x20 CMakeFiles/pdm_sai_interrupt.elf.dir/mnt/OK8MP/OK8MP-linux-sdk/OK8MP-FreeRTOS/devices/MIMX8ML8/drivers/fsl_pdm.c.obj
                0x0000000000002868                PDM_EVENT_DriverIRQHandler
 .text.__NVIC_EnableIRQ
                0x0000000000002888       0x1c CMakeFiles/pdm_sai_interrupt.elf.dir/mnt/OK8MP/OK8MP-linux-sdk/OK8MP-FreeRTOS/devices/MIMX8ML8/drivers/fsl_sai.c.obj
 .text.SAI_GetInstance
                0x00000000000028a4       0x1c CMakeFiles/pdm_sai_interrupt.elf.dir/mnt/OK8MP/OK8MP-linux-sdk/OK8MP-FreeRTOS/devices/MIMX8ML8/drivers/fsl_sai.c.obj
 .text.SAI_WriteNonBlocking
                0x00000000000028c0       0x5e CMakeFiles/pdm_sai_interrupt.elf.dir/mnt/OK8MP/OK8MP-linux-sdk/OK8MP-FreeRTOS/devices/MIMX8ML8/drivers/fsl_sai.c.obj
 *fill*         0x000000000000291e        0x2 
 .text.SAI_GetCommonConfig
                0x0000000000002920       0x44 CMakeFiles/pdm_sai_interrupt.elf.dir/mnt/OK8MP/OK8MP-linux-sdk/OK8MP-FreeRTOS/devices/MIMX8ML8/drivers/fsl_sai.c.obj
 .text.SAI_TxEnable.part.0
                0x0000000000002964       0x34 CMakeFiles/pdm_sai_interrupt.elf.dir/mnt/OK8MP/OK8MP-linux-sdk/OK8MP-FreeRTOS/devices/MIMX8ML8/drivers/fsl_sai.c.obj
 .text.SAI_Init
                0x0000000000002998       0x30 CMakeFiles/pdm_sai_interrupt.elf.dir/mnt/OK8MP/OK8MP-linux-sdk/OK8MP-FreeRTOS/devices/MIMX8ML8/drivers/fsl_sai.c.obj
                0x0000000000002998                SAI_Init
 .text.SAI_TxReset
                0x00000000000029c8       0x1c CMakeFiles/pdm_sai_interrupt.elf.dir/mnt/OK8MP/OK8MP-linux-sdk/OK8MP-FreeRTOS/devices/MIMX8ML8/drivers/fsl_sai.c.obj
                0x00000000000029c8                SAI_TxReset
 .text.SAI_TxEnable
                0x00000000000029e4       0x1e CMakeFiles/pdm_sai_interrupt.elf.dir/mnt/OK8MP/OK8MP-linux-sdk/OK8MP-FreeRTOS/devices/MIMX8ML8/drivers/fsl_sai.c.obj
                0x00000000000029e4                SAI_TxEnable
 .text.SAI_TxSoftwareReset
                0x0000000000002a02       0x10 CMakeFiles/pdm_sai_interrupt.elf.dir/mnt/OK8MP/OK8MP-linux-sdk/OK8MP-FreeRTOS/devices/MIMX8ML8/drivers/fsl_sai.c.obj
                0x0000000000002a02                SAI_TxSoftwareReset
 .text.SAI_TxSetBitClockRate
                0x0000000000002a12       0x3a CMakeFiles/pdm_sai_interrupt.elf.dir/mnt/OK8MP/OK8MP-linux-sdk/OK8MP-FreeRTOS/devices/MIMX8ML8/drivers/fsl_sai.c.obj
                0x0000000000002a12                SAI_TxSetBitClockRate
 .text.SAI_TxSetBitclockConfig
                0x0000000000002a4c       0x3c CMakeFiles/pdm_sai_interrupt.elf.dir/mnt/OK8MP/OK8MP-linux-sdk/OK8MP-FreeRTOS/devices/MIMX8ML8/drivers/fsl_sai.c.obj
                0x0000000000002a4c                SAI_TxSetBitclockConfig
 .text.SAI_SetMasterClockConfig
                0x0000000000002a88       0x50 CMakeFiles/pdm_sai_interrupt.elf.dir/mnt/OK8MP/OK8MP-linux-sdk/OK8MP-FreeRTOS/devices/MIMX8ML8/drivers/fsl_sai.c.obj
                0x0000000000002a88                SAI_SetMasterClockConfig
 .text.SAI_TxSetFifoConfig
                0x0000000000002ad8       0x32 CMakeFiles/pdm_sai_interrupt.elf.dir/mnt/OK8MP/OK8MP-linux-sdk/OK8MP-FreeRTOS/devices/MIMX8ML8/drivers/fsl_sai.c.obj
                0x0000000000002ad8                SAI_TxSetFifoConfig
 .text.SAI_TxSetFrameSyncConfig
                0x0000000000002b0a       0x3a CMakeFiles/pdm_sai_interrupt.elf.dir/mnt/OK8MP/OK8MP-linux-sdk/OK8MP-FreeRTOS/devices/MIMX8ML8/drivers/fsl_sai.c.obj
                0x0000000000002b0a                SAI_TxSetFrameSyncConfig
 .text.SAI_TxSetSerialDataConfig
                0x0000000000002b44       0x5e CMakeFiles/pdm_sai_interrupt.elf.dir/mnt/OK8MP/OK8MP-linux-sdk/OK8MP-FreeRTOS/devices/MIMX8ML8/drivers/fsl_sai.c.obj
                0x0000000000002b44                SAI_TxSetSerialDataConfig
 .text.SAI_TxSetConfig
                0x0000000000002ba2       0xb8 CMakeFiles/pdm_sai_interrupt.elf.dir/mnt/OK8MP/OK8MP-linux-sdk/OK8MP-FreeRTOS/devices/MIMX8ML8/drivers/fsl_sai.c.obj
                0x0000000000002ba2                SAI_TxSetConfig
 .text.SAI_TransferTxSetConfig
                0x0000000000002c5a       0x28 CMakeFiles/pdm_sai_interrupt.elf.dir/mnt/OK8MP/OK8MP-linux-sdk/OK8MP-FreeRTOS/devices/MIMX8ML8/drivers/fsl_sai.c.obj
                0x0000000000002c5a                SAI_TransferTxSetConfig
 .text.SAI_GetClassicI2SConfig
                0x0000000000002c82        0x4 CMakeFiles/pdm_sai_interrupt.elf.dir/mnt/OK8MP/OK8MP-linux-sdk/OK8MP-FreeRTOS/devices/MIMX8ML8/drivers/fsl_sai.c.obj
                0x0000000000002c82                SAI_GetClassicI2SConfig
 *fill*         0x0000000000002c86        0x2 
 .text.SAI_TransferTxCreateHandle
                0x0000000000002c88       0x54 CMakeFiles/pdm_sai_interrupt.elf.dir/mnt/OK8MP/OK8MP-linux-sdk/OK8MP-FreeRTOS/devices/MIMX8ML8/drivers/fsl_sai.c.obj
                0x0000000000002c88                SAI_TransferTxCreateHandle
 .text.SAI_TransferSendNonBlocking
                0x0000000000002cdc       0x5a CMakeFiles/pdm_sai_interrupt.elf.dir/mnt/OK8MP/OK8MP-linux-sdk/OK8MP-FreeRTOS/devices/MIMX8ML8/drivers/fsl_sai.c.obj
                0x0000000000002cdc                SAI_TransferSendNonBlocking
 .text.SAI_TransferAbortSend
                0x0000000000002d36       0x32 CMakeFiles/pdm_sai_interrupt.elf.dir/mnt/OK8MP/OK8MP-linux-sdk/OK8MP-FreeRTOS/devices/MIMX8ML8/drivers/fsl_sai.c.obj
                0x0000000000002d36                SAI_TransferAbortSend
 .text.SAI_TransferTxHandleIRQ
                0x0000000000002d68       0xf8 CMakeFiles/pdm_sai_interrupt.elf.dir/mnt/OK8MP/OK8MP-linux-sdk/OK8MP-FreeRTOS/devices/MIMX8ML8/drivers/fsl_sai.c.obj
                0x0000000000002d68                SAI_TransferTxHandleIRQ
 .text.I2S1_DriverIRQHandler
                0x0000000000002e60       0x50 CMakeFiles/pdm_sai_interrupt.elf.dir/mnt/OK8MP/OK8MP-linux-sdk/OK8MP-FreeRTOS/devices/MIMX8ML8/drivers/fsl_sai.c.obj
                0x0000000000002e60                I2S1_DriverIRQHandler
 .text.I2S2_DriverIRQHandler
                0x0000000000002eb0       0x50 CMakeFiles/pdm_sai_interrupt.elf.dir/mnt/OK8MP/OK8MP-linux-sdk/OK8MP-FreeRTOS/devices/MIMX8ML8/drivers/fsl_sai.c.obj
                0x0000000000002eb0                I2S2_DriverIRQHandler
 .text.I2S3_DriverIRQHandler
                0x0000000000002f00       0x50 CMakeFiles/pdm_sai_interrupt.elf.dir/mnt/OK8MP/OK8MP-linux-sdk/OK8MP-FreeRTOS/devices/MIMX8ML8/drivers/fsl_sai.c.obj
                0x0000000000002f00                I2S3_DriverIRQHandler
 .text.I2S56_DriverIRQHandler
                0x0000000000002f50       0x48 CMakeFiles/pdm_sai_interrupt.elf.dir/mnt/OK8MP/OK8MP-linux-sdk/OK8MP-FreeRTOS/devices/MIMX8ML8/drivers/fsl_sai.c.obj
                0x0000000000002f50                I2S56_DriverIRQHandler
 .text.RDC_SetMasterDomainAssignment
                0x0000000000002f98        0xa CMakeFiles/pdm_sai_interrupt.elf.dir/mnt/OK8MP/OK8MP-linux-sdk/OK8MP-FreeRTOS/devices/MIMX8ML8/drivers/fsl_rdc.c.obj
                0x0000000000002f98                RDC_SetMasterDomainAssignment
 .text.AUDIOMIX_AttachClk
                0x0000000000002fa2       0x16 CMakeFiles/pdm_sai_interrupt.elf.dir/mnt/OK8MP/OK8MP-linux-sdk/OK8MP-FreeRTOS/devices/MIMX8ML8/drivers/fsl_audiomix.c.obj
                0x0000000000002fa2                AUDIOMIX_AttachClk
 .text.AUDIOMIX_InitAudioPll
                0x0000000000002fb8       0x64 CMakeFiles/pdm_sai_interrupt.elf.dir/mnt/OK8MP/OK8MP-linux-sdk/OK8MP-FreeRTOS/devices/MIMX8ML8/drivers/fsl_audiomix.c.obj
                0x0000000000002fb8                AUDIOMIX_InitAudioPll
 .text.HAL_UartInit
                0x000000000000301c       0x6c CMakeFiles/pdm_sai_interrupt.elf.dir/mnt/OK8MP/OK8MP-linux-sdk/OK8MP-FreeRTOS/components/uart/fsl_adapter_iuart.c.obj
                0x000000000000301c                HAL_UartInit
 .text.HAL_UartReceiveBlocking
                0x0000000000003088       0x20 CMakeFiles/pdm_sai_interrupt.elf.dir/mnt/OK8MP/OK8MP-linux-sdk/OK8MP-FreeRTOS/components/uart/fsl_adapter_iuart.c.obj
                0x0000000000003088                HAL_UartReceiveBlocking
 .text.HAL_UartSendBlocking
                0x00000000000030a8       0x18 CMakeFiles/pdm_sai_interrupt.elf.dir/mnt/OK8MP/OK8MP-linux-sdk/OK8MP-FreeRTOS/components/uart/fsl_adapter_iuart.c.obj
                0x00000000000030a8                HAL_UartSendBlocking
 .text.UART_GetInstance
                0x00000000000030c0       0x38 CMakeFiles/pdm_sai_interrupt.elf.dir/mnt/OK8MP/OK8MP-linux-sdk/OK8MP-FreeRTOS/devices/MIMX8ML8/drivers/fsl_uart.c.obj
                0x00000000000030c0                UART_GetInstance
 .text.UART_GetDefaultConfig
                0x00000000000030f8       0x28 CMakeFiles/pdm_sai_interrupt.elf.dir/mnt/OK8MP/OK8MP-linux-sdk/OK8MP-FreeRTOS/devices/MIMX8ML8/drivers/fsl_uart.c.obj
                0x00000000000030f8                UART_GetDefaultConfig
 .text.UART_SetBaudRate
                0x0000000000003120      0x13c CMakeFiles/pdm_sai_interrupt.elf.dir/mnt/OK8MP/OK8MP-linux-sdk/OK8MP-FreeRTOS/devices/MIMX8ML8/drivers/fsl_uart.c.obj
                0x0000000000003120                UART_SetBaudRate
 .text.UART_Init
                0x000000000000325c      0x154 CMakeFiles/pdm_sai_interrupt.elf.dir/mnt/OK8MP/OK8MP-linux-sdk/OK8MP-FreeRTOS/devices/MIMX8ML8/drivers/fsl_uart.c.obj
                0x000000000000325c                UART_Init
 .text.UART_WriteBlocking
                0x00000000000033b0       0x22 CMakeFiles/pdm_sai_interrupt.elf.dir/mnt/OK8MP/OK8MP-linux-sdk/OK8MP-FreeRTOS/devices/MIMX8ML8/drivers/fsl_uart.c.obj
                0x00000000000033b0                UART_WriteBlocking
 .text.UART_ReadBlocking
                0x00000000000033d2       0x66 CMakeFiles/pdm_sai_interrupt.elf.dir/mnt/OK8MP/OK8MP-linux-sdk/OK8MP-FreeRTOS/devices/MIMX8ML8/drivers/fsl_uart.c.obj
                0x00000000000033d2                UART_ReadBlocking
 .text.UART1_DriverIRQHandler
                0x0000000000003438       0x20 CMakeFiles/pdm_sai_interrupt.elf.dir/mnt/OK8MP/OK8MP-linux-sdk/OK8MP-FreeRTOS/devices/MIMX8ML8/drivers/fsl_uart.c.obj
                0x0000000000003438                UART1_DriverIRQHandler
 .text.UART2_DriverIRQHandler
                0x0000000000003458       0x20 CMakeFiles/pdm_sai_interrupt.elf.dir/mnt/OK8MP/OK8MP-linux-sdk/OK8MP-FreeRTOS/devices/MIMX8ML8/drivers/fsl_uart.c.obj
                0x0000000000003458                UART2_DriverIRQHandler
 .text.UART3_DriverIRQHandler
                0x0000000000003478       0x20 CMakeFiles/pdm_sai_interrupt.elf.dir/mnt/OK8MP/OK8MP-linux-sdk/OK8MP-FreeRTOS/devices/MIMX8ML8/drivers/fsl_uart.c.obj
                0x0000000000003478                UART3_DriverIRQHandler
 .text.UART4_DriverIRQHandler
                0x0000000000003498       0x20 CMakeFiles/pdm_sai_interrupt.elf.dir/mnt/OK8MP/OK8MP-linux-sdk/OK8MP-FreeRTOS/devices/MIMX8ML8/drivers/fsl_uart.c.obj
                0x0000000000003498                UART4_DriverIRQHandler
 .text.GetFracPllFreq
                0x00000000000034b8       0x44 CMakeFiles/pdm_sai_interrupt.elf.dir/mnt/OK8MP/OK8MP-linux-sdk/OK8MP-FreeRTOS/devices/MIMX8ML8/system_MIMX8ML8_cm7.c.obj
                0x00000000000034b8                GetFracPllFreq
 .text.GetIntegerPllFreq
                0x00000000000034fc       0x44 CMakeFiles/pdm_sai_interrupt.elf.dir/mnt/OK8MP/OK8MP-linux-sdk/OK8MP-FreeRTOS/devices/MIMX8ML8/system_MIMX8ML8_cm7.c.obj
                0x00000000000034fc                GetIntegerPllFreq
 .text.SystemCoreClockUpdate
                0x0000000000003540       0x9c CMakeFiles/pdm_sai_interrupt.elf.dir/mnt/OK8MP/OK8MP-linux-sdk/OK8MP-FreeRTOS/devices/MIMX8ML8/system_MIMX8ML8_cm7.c.obj
                0x0000000000003540                SystemCoreClockUpdate
 .text.SystemInitHook
                0x00000000000035dc        0x2 CMakeFiles/pdm_sai_interrupt.elf.dir/mnt/OK8MP/OK8MP-linux-sdk/OK8MP-FreeRTOS/devices/MIMX8ML8/system_MIMX8ML8_cm7.c.obj
                0x00000000000035dc                SystemInitHook
 *fill*         0x00000000000035de        0x2 
 .text.SystemInit
                0x00000000000035e0       0x1c CMakeFiles/pdm_sai_interrupt.elf.dir/mnt/OK8MP/OK8MP-linux-sdk/OK8MP-FreeRTOS/devices/MIMX8ML8/system_MIMX8ML8_cm7.c.obj
                0x00000000000035e0                SystemInit
 .text.exit     0x00000000000035fc       0x28 /mnt/OK8MP/OK8MP-linux-sdk/OK8MP-FreeRTOS/tools/gcc-arm-none-eabi-10-2020-q4-major/bin/../lib/gcc/arm-none-eabi/10.2.1/../../../../arm-none-eabi/lib/thumb/v7e-m+fp/hard/libc_nano.a(lib_a-exit.o)
                0x00000000000035fc                exit
 .text.__libc_init_array
                0x0000000000003624       0x48 /mnt/OK8MP/OK8MP-linux-sdk/OK8MP-FreeRTOS/tools/gcc-arm-none-eabi-10-2020-q4-major/bin/../lib/gcc/arm-none-eabi/10.2.1/../../../../arm-none-eabi/lib/thumb/v7e-m+fp/hard/libc_nano.a(lib_a-init.o)
                0x0000000000003624                __libc_init_array
 .text.memcpy   0x000000000000366c       0x1c /mnt/OK8MP/OK8MP-linux-sdk/OK8MP-FreeRTOS/tools/gcc-arm-none-eabi-10-2020-q4-major/bin/../lib/gcc/arm-none-eabi/10.2.1/../../../../arm-none-eabi/lib/thumb/v7e-m+fp/hard/libc_nano.a(lib_a-memcpy-stub.o)
                0x000000000000366c                memcpy
 .text.memset   0x0000000000003688       0x10 /mnt/OK8MP/OK8MP-linux-sdk/OK8MP-FreeRTOS/tools/gcc-arm-none-eabi-10-2020-q4-major/bin/../lib/gcc/arm-none-eabi/10.2.1/../../../../arm-none-eabi/lib/thumb/v7e-m+fp/hard/libc_nano.a(lib_a-memset.o)
                0x0000000000003688                memset
 .text._exit    0x0000000000003698        0x4 /mnt/OK8MP/OK8MP-linux-sdk/OK8MP-FreeRTOS/tools/gcc-arm-none-eabi-10-2020-q4-major/bin/../lib/gcc/arm-none-eabi/10.2.1/../../../../arm-none-eabi/lib/thumb/v7e-m+fp/hard/libnosys.a(_exit.o)
                0x0000000000003698                _exit
 *(.rodata)
 .rodata        0x000000000000369c        0x3 CMakeFiles/pdm_sai_interrupt.elf.dir/mnt/OK8MP/OK8MP-linux-sdk/OK8MP-FreeRTOS/boards/evkmimx8mp/driver_examples/pdm/pdm_sai_interrupt/pdm_sai_interrupt.c.obj
 *(.rodata*)
 .rodata.main.str1.1
                0x000000000000369f       0x49 CMakeFiles/pdm_sai_interrupt.elf.dir/mnt/OK8MP/OK8MP-linux-sdk/OK8MP-FreeRTOS/boards/evkmimx8mp/driver_examples/pdm/pdm_sai_interrupt/pdm_sai_interrupt.c.obj
 .rodata.pdmConfig
                0x00000000000036e8        0x4 CMakeFiles/pdm_sai_interrupt.elf.dir/mnt/OK8MP/OK8MP-linux-sdk/OK8MP-FreeRTOS/boards/evkmimx8mp/driver_examples/pdm/pdm_sai_interrupt/pdm_sai_interrupt.c.obj
 .rodata.g_audioPll1Config
                0x00000000000036ec       0x10 CMakeFiles/pdm_sai_interrupt.elf.dir/mnt/OK8MP/OK8MP-linux-sdk/OK8MP-FreeRTOS/boards/evkmimx8mp/driver_examples/pdm/pdm_sai_interrupt/clock_config.c.obj
                0x00000000000036ec                g_audioPll1Config
 .rodata.g_audioPll2Config
                0x00000000000036fc       0x10 CMakeFiles/pdm_sai_interrupt.elf.dir/mnt/OK8MP/OK8MP-linux-sdk/OK8MP-FreeRTOS/boards/evkmimx8mp/driver_examples/pdm/pdm_sai_interrupt/clock_config.c.obj
                0x00000000000036fc                g_audioPll2Config
 .rodata.g_saiPLLConfig
                0x000000000000370c       0x10 CMakeFiles/pdm_sai_interrupt.elf.dir/mnt/OK8MP/OK8MP-linux-sdk/OK8MP-FreeRTOS/boards/evkmimx8mp/driver_examples/pdm/pdm_sai_interrupt/clock_config.c.obj
                0x000000000000370c                g_saiPLLConfig
 .rodata.s_gpioClock
                0x000000000000371c       0x18 CMakeFiles/pdm_sai_interrupt.elf.dir/mnt/OK8MP/OK8MP-linux-sdk/OK8MP-FreeRTOS/devices/MIMX8ML8/drivers/fsl_gpio.c.obj
 .rodata.s_i2cBases
                0x0000000000003734       0x1c CMakeFiles/pdm_sai_interrupt.elf.dir/mnt/OK8MP/OK8MP-linux-sdk/OK8MP-FreeRTOS/devices/MIMX8ML8/drivers/fsl_i2c.c.obj
 .rodata.s_i2cClocks
                0x0000000000003750       0x1c CMakeFiles/pdm_sai_interrupt.elf.dir/mnt/OK8MP/OK8MP-linux-sdk/OK8MP-FreeRTOS/devices/MIMX8ML8/drivers/fsl_i2c.c.obj
 .rodata.s_i2cDividerTable
                0x000000000000376c       0x80 CMakeFiles/pdm_sai_interrupt.elf.dir/mnt/OK8MP/OK8MP-linux-sdk/OK8MP-FreeRTOS/devices/MIMX8ML8/drivers/fsl_i2c.c.obj
 .rodata.wm8960_reg
                0x00000000000037ec       0x70 CMakeFiles/pdm_sai_interrupt.elf.dir/mnt/OK8MP/OK8MP-linux-sdk/OK8MP-FreeRTOS/components/codec/wm8960/fsl_wm8960.c.obj
 .rodata.s_i2cBases
                0x000000000000385c       0x1c CMakeFiles/pdm_sai_interrupt.elf.dir/mnt/OK8MP/OK8MP-linux-sdk/OK8MP-FreeRTOS/components/i2c/fsl_adapter_ii2c.c.obj
 .rodata.s_wm8960_capability
                0x0000000000003878        0xc CMakeFiles/pdm_sai_interrupt.elf.dir/mnt/OK8MP/OK8MP-linux-sdk/OK8MP-FreeRTOS/components/codec/port/wm8960/fsl_codec_adapter.c.obj
 .rodata.s_saiBases
                0x0000000000003884       0x20 CMakeFiles/pdm_sai_interrupt.elf.dir/mnt/OK8MP/OK8MP-linux-sdk/OK8MP-FreeRTOS/devices/MIMX8ML8/drivers/fsl_sai.c.obj
 .rodata.s_saiClock
                0x00000000000038a4       0x20 CMakeFiles/pdm_sai_interrupt.elf.dir/mnt/OK8MP/OK8MP-linux-sdk/OK8MP-FreeRTOS/devices/MIMX8ML8/drivers/fsl_sai.c.obj
 .rodata.s_saiTxIRQ
                0x00000000000038c4       0x10 CMakeFiles/pdm_sai_interrupt.elf.dir/mnt/OK8MP/OK8MP-linux-sdk/OK8MP-FreeRTOS/devices/MIMX8ML8/drivers/fsl_sai.c.obj
 .rodata.s_UartAdapterBase
                0x00000000000038d4       0x14 CMakeFiles/pdm_sai_interrupt.elf.dir/mnt/OK8MP/OK8MP-linux-sdk/OK8MP-FreeRTOS/components/uart/fsl_adapter_iuart.c.obj
 .rodata.CSWTCH.36
                0x00000000000038e8        0x6 CMakeFiles/pdm_sai_interrupt.elf.dir/mnt/OK8MP/OK8MP-linux-sdk/OK8MP-FreeRTOS/devices/MIMX8ML8/drivers/fsl_uart.c.obj
 *fill*         0x00000000000038ee        0x2 
 .rodata.s_uartClock
                0x00000000000038f0       0x14 CMakeFiles/pdm_sai_interrupt.elf.dir/mnt/OK8MP/OK8MP-linux-sdk/OK8MP-FreeRTOS/devices/MIMX8ML8/drivers/fsl_uart.c.obj
 .rodata._global_impure_ptr
                0x0000000000003904        0x4 /mnt/OK8MP/OK8MP-linux-sdk/OK8MP-FreeRTOS/tools/gcc-arm-none-eabi-10-2020-q4-major/bin/../lib/gcc/arm-none-eabi/10.2.1/../../../../arm-none-eabi/lib/thumb/v7e-m+fp/hard/libc_nano.a(lib_a-impure.o)
                0x0000000000003904                _global_impure_ptr
 *(.glue_7)
 .glue_7        0x0000000000003908        0x0 linker stubs
 *(.glue_7t)
 .glue_7t       0x0000000000003908        0x0 linker stubs
 *(.eh_frame)
 .eh_frame      0x0000000000003908        0x0 /mnt/OK8MP/OK8MP-linux-sdk/OK8MP-FreeRTOS/tools/gcc-arm-none-eabi-10-2020-q4-major/bin/../lib/gcc/arm-none-eabi/10.2.1/thumb/v7e-m+fp/hard/crtbegin.o
 *(.init)
 .init          0x0000000000003908        0x4 /mnt/OK8MP/OK8MP-linux-sdk/OK8MP-FreeRTOS/tools/gcc-arm-none-eabi-10-2020-q4-major/bin/../lib/gcc/arm-none-eabi/10.2.1/thumb/v7e-m+fp/hard/crti.o
                0x0000000000003908                _init
 .init          0x000000000000390c        0x8 /mnt/OK8MP/OK8MP-linux-sdk/OK8MP-FreeRTOS/tools/gcc-arm-none-eabi-10-2020-q4-major/bin/../lib/gcc/arm-none-eabi/10.2.1/thumb/v7e-m+fp/hard/crtn.o
 *(.fini)
 .fini          0x0000000000003914        0x4 /mnt/OK8MP/OK8MP-linux-sdk/OK8MP-FreeRTOS/tools/gcc-arm-none-eabi-10-2020-q4-major/bin/../lib/gcc/arm-none-eabi/10.2.1/thumb/v7e-m+fp/hard/crti.o
                0x0000000000003914                _fini
 .fini          0x0000000000003918        0x8 /mnt/OK8MP/OK8MP-linux-sdk/OK8MP-FreeRTOS/tools/gcc-arm-none-eabi-10-2020-q4-major/bin/../lib/gcc/arm-none-eabi/10.2.1/thumb/v7e-m+fp/hard/crtn.o
                0x0000000000003920                . = ALIGN (0x4)

.vfp11_veneer   0x0000000000003920        0x0
 .vfp11_veneer  0x0000000000003920        0x0 linker stubs

.v4_bx          0x0000000000003920        0x0
 .v4_bx         0x0000000000003920        0x0 linker stubs

.iplt           0x0000000000003920        0x0
 .iplt          0x0000000000003920        0x0 /mnt/OK8MP/OK8MP-linux-sdk/OK8MP-FreeRTOS/tools/gcc-arm-none-eabi-10-2020-q4-major/bin/../lib/gcc/arm-none-eabi/10.2.1/thumb/v7e-m+fp/hard/crtbegin.o

.ARM.extab
 *(.ARM.extab* .gnu.linkonce.armextab.*)

.ARM            0x0000000000003920        0x8
                0x0000000000003920                __exidx_start = .
 *(.ARM.exidx*)
 .ARM.exidx     0x0000000000003920        0x8 /mnt/OK8MP/OK8MP-linux-sdk/OK8MP-FreeRTOS/tools/gcc-arm-none-eabi-10-2020-q4-major/bin/../lib/gcc/arm-none-eabi/10.2.1/../../../../arm-none-eabi/lib/thumb/v7e-m+fp/hard/crt0.o
                                         0x10 (size before relaxing)
 .ARM.exidx     0x0000000000003928        0x0 /mnt/OK8MP/OK8MP-linux-sdk/OK8MP-FreeRTOS/tools/gcc-arm-none-eabi-10-2020-q4-major/bin/../lib/gcc/arm-none-eabi/10.2.1/thumb/v7e-m+fp/hard/libgcc.a(_udivmoddi4.o)
                                          0x8 (size before relaxing)
                0x0000000000003928                __exidx_end = .

.rel.dyn        0x0000000000003928        0x0
 .rel.iplt      0x0000000000003928        0x0 /mnt/OK8MP/OK8MP-linux-sdk/OK8MP-FreeRTOS/tools/gcc-arm-none-eabi-10-2020-q4-major/bin/../lib/gcc/arm-none-eabi/10.2.1/thumb/v7e-m+fp/hard/crtbegin.o

.ctors          0x0000000000003928        0x0
                0x0000000000003928                __CTOR_LIST__ = .
 *crtbegin.o(.ctors)
 *crtbegin?.o(.ctors)
 *(EXCLUDE_FILE(*crtend.o *crtend?.o) .ctors)
 *(SORT_BY_NAME(.ctors.*))
 *(.ctors)
                0x0000000000003928                __CTOR_END__ = .

.dtors          0x0000000000003928        0x0
                0x0000000000003928                __DTOR_LIST__ = .
 *crtbegin.o(.dtors)
 *crtbegin?.o(.dtors)
 *(EXCLUDE_FILE(*crtend.o *crtend?.o) .dtors)
 *(SORT_BY_NAME(.dtors.*))
 *(.dtors)
                0x0000000000003928                __DTOR_END__ = .

.preinit_array  0x0000000000003928        0x0
                0x0000000000003928                PROVIDE (__preinit_array_start = .)
 *(.preinit_array*)
                0x0000000000003928                PROVIDE (__preinit_array_end = .)

.init_array     0x0000000000003928        0x4
                0x0000000000003928                PROVIDE (__init_array_start = .)
 *(SORT_BY_NAME(.init_array.*))
 *(.init_array*)
 .init_array    0x0000000000003928        0x4 /mnt/OK8MP/OK8MP-linux-sdk/OK8MP-FreeRTOS/tools/gcc-arm-none-eabi-10-2020-q4-major/bin/../lib/gcc/arm-none-eabi/10.2.1/thumb/v7e-m+fp/hard/crtbegin.o
                0x000000000000392c                PROVIDE (__init_array_end = .)

.fini_array     0x000000000000392c        0x4
                [!provide]                        PROVIDE (__fini_array_start = .)
 *(SORT_BY_NAME(.fini_array.*))
 *(.fini_array*)
 .fini_array    0x000000000000392c        0x4 /mnt/OK8MP/OK8MP-linux-sdk/OK8MP-FreeRTOS/tools/gcc-arm-none-eabi-10-2020-q4-major/bin/../lib/gcc/arm-none-eabi/10.2.1/thumb/v7e-m+fp/hard/crtbegin.o
                [!provide]                        PROVIDE (__fini_array_end = .)
                0x0000000000003930                __etext = .
                0x0000000000003930                __DATA_ROM = .

.data           0x0000000020000000       0x90 load address 0x0000000000003930
                0x0000000020000000                . = ALIGN (0x4)
                0x0000000020000000                __DATA_RAM = .
                0x0000000020000000                __data_start__ = .
 *(.data)
 *(.data*)
 .data.boardCodecConfig
                0x0000000020000000        0x8 CMakeFiles/pdm_sai_interrupt.elf.dir/mnt/OK8MP/OK8MP-linux-sdk/OK8MP-FreeRTOS/boards/evkmimx8mp/driver_examples/pdm/pdm_sai_interrupt/pdm_sai_interrupt.c.obj
                0x0000000020000000                boardCodecConfig
 .data.channelConfig
                0x0000000020000008        0x2 CMakeFiles/pdm_sai_interrupt.elf.dir/mnt/OK8MP/OK8MP-linux-sdk/OK8MP-FreeRTOS/boards/evkmimx8mp/driver_examples/pdm/pdm_sai_interrupt/pdm_sai_interrupt.c.obj
 *fill*         0x000000002000000a        0x2 
 .data.wm8960Config
                0x000000002000000c       0x20 CMakeFiles/pdm_sai_interrupt.elf.dir/mnt/OK8MP/OK8MP-linux-sdk/OK8MP-FreeRTOS/boards/evkmimx8mp/driver_examples/pdm/pdm_sai_interrupt/pdm_sai_interrupt.c.obj
                0x000000002000000c                wm8960Config
 .data.SystemCoreClock
                0x000000002000002c        0x4 CMakeFiles/pdm_sai_interrupt.elf.dir/mnt/OK8MP/OK8MP-linux-sdk/OK8MP-FreeRTOS/devices/MIMX8ML8/system_MIMX8ML8_cm7.c.obj
                0x000000002000002c                SystemCoreClock
 .data.impure_data
                0x0000000020000030       0x60 /mnt/OK8MP/OK8MP-linux-sdk/OK8MP-FreeRTOS/tools/gcc-arm-none-eabi-10-2020-q4-major/bin/../lib/gcc/arm-none-eabi/10.2.1/../../../../arm-none-eabi/lib/thumb/v7e-m+fp/hard/libc_nano.a(lib_a-impure.o)
 *(.jcr*)
                0x0000000020000090                . = ALIGN (0x4)
                0x0000000020000090                __data_end__ = .
                0x0000000000000000                __CACHE_REGION_START = ORIGIN (m_interrupts)
                0x0000000000000000                __CACHE_REGION_SIZE = 0x0
                0x00000000000039c0                __NDATA_ROM = (__DATA_ROM + SIZEOF (.data))

.igot.plt       0x0000000020000090        0x0 load address 0x00000000000039c0
 .igot.plt      0x0000000020000090        0x0 /mnt/OK8MP/OK8MP-linux-sdk/OK8MP-FreeRTOS/tools/gcc-arm-none-eabi-10-2020-q4-major/bin/../lib/gcc/arm-none-eabi/10.2.1/thumb/v7e-m+fp/hard/crtbegin.o

.ncache.init    0x0000000080000000        0x0 load address 0x00000000000039c0
                0x0000000080000000                __noncachedata_start__ = .
 *(NonCacheable.init)
                0x0000000080000000                . = ALIGN (0x4)
                0x0000000080000000                __noncachedata_init_end__ = .
                0x0000000080000000                . = __noncachedata_init_end__

.ncache         0x0000000080000000        0x0
 *(NonCacheable)
                0x0000000080000000                . = ALIGN (0x4)
                0x0000000080000000                __noncachedata_end__ = .
                0x00000000000039c0                __DATA_END = (__DATA_ROM + (__data_end__ - __data_start__))
                0x0000000000020000                text_end = (ORIGIN (m_text) + LENGTH (m_text))
                0x0000000000000001                ASSERT ((__DATA_END <= text_end), region m_text overflowed with text and data)

.bss            0x0000000020000090     0x39f0 load address 0x00000000000039c0
                0x0000000020000090                . = ALIGN (0x4)
                0x0000000020000090                __START_BSS = .
                0x0000000020000090                __bss_start__ = .
 *(.bss)
 .bss           0x0000000020000090       0x1c /mnt/OK8MP/OK8MP-linux-sdk/OK8MP-FreeRTOS/tools/gcc-arm-none-eabi-10-2020-q4-major/bin/../lib/gcc/arm-none-eabi/10.2.1/thumb/v7e-m+fp/hard/crtbegin.o
 *(.bss*)
 .bss.codecHandle
                0x00000000200000ac       0x5c CMakeFiles/pdm_sai_interrupt.elf.dir/mnt/OK8MP/OK8MP-linux-sdk/OK8MP-FreeRTOS/boards/evkmimx8mp/driver_examples/pdm/pdm_sai_interrupt/pdm_sai_interrupt.c.obj
                0x00000000200000ac                codecHandle
 .bss.isSaiFinished
                0x0000000020000108        0x1 CMakeFiles/pdm_sai_interrupt.elf.dir/mnt/OK8MP/OK8MP-linux-sdk/OK8MP-FreeRTOS/boards/evkmimx8mp/driver_examples/pdm/pdm_sai_interrupt/pdm_sai_interrupt.c.obj
 *fill*         0x0000000020000109        0x3 
 .bss.mclkConfig
                0x000000002000010c        0xc CMakeFiles/pdm_sai_interrupt.elf.dir/mnt/OK8MP/OK8MP-linux-sdk/OK8MP-FreeRTOS/boards/evkmimx8mp/driver_examples/pdm/pdm_sai_interrupt/pdm_sai_interrupt.c.obj
                0x000000002000010c                mclkConfig
 .bss.s_dataReadFinishedFlag
                0x0000000020000118        0x1 CMakeFiles/pdm_sai_interrupt.elf.dir/mnt/OK8MP/OK8MP-linux-sdk/OK8MP-FreeRTOS/boards/evkmimx8mp/driver_examples/pdm/pdm_sai_interrupt/pdm_sai_interrupt.c.obj
 *fill*         0x0000000020000119        0x3 
 .bss.s_readIndex
                0x000000002000011c        0x4 CMakeFiles/pdm_sai_interrupt.elf.dir/mnt/OK8MP/OK8MP-linux-sdk/OK8MP-FreeRTOS/boards/evkmimx8mp/driver_examples/pdm/pdm_sai_interrupt/pdm_sai_interrupt.c.obj
 .bss.s_saiTxHandle
                0x0000000020000120       0x4c CMakeFiles/pdm_sai_interrupt.elf.dir/mnt/OK8MP/OK8MP-linux-sdk/OK8MP-FreeRTOS/boards/evkmimx8mp/driver_examples/pdm/pdm_sai_interrupt/pdm_sai_interrupt.c.obj
                0x0000000020000120                s_saiTxHandle
 .bss.s_writeIndex
                0x000000002000016c        0x4 CMakeFiles/pdm_sai_interrupt.elf.dir/mnt/OK8MP/OK8MP-linux-sdk/OK8MP-FreeRTOS/boards/evkmimx8mp/driver_examples/pdm/pdm_sai_interrupt/pdm_sai_interrupt.c.obj
 .bss.txBuff    0x0000000020000170     0x3800 CMakeFiles/pdm_sai_interrupt.elf.dir/mnt/OK8MP/OK8MP-linux-sdk/OK8MP-FreeRTOS/boards/evkmimx8mp/driver_examples/pdm/pdm_sai_interrupt/pdm_sai_interrupt.c.obj
 .bss.s_i2cHandle
                0x0000000020003970       0x1c CMakeFiles/pdm_sai_interrupt.elf.dir/mnt/OK8MP/OK8MP-linux-sdk/OK8MP-FreeRTOS/devices/MIMX8ML8/drivers/fsl_i2c.c.obj
 .bss.s_i2cMasterIsr
                0x000000002000398c        0x4 CMakeFiles/pdm_sai_interrupt.elf.dir/mnt/OK8MP/OK8MP-linux-sdk/OK8MP-FreeRTOS/devices/MIMX8ML8/drivers/fsl_i2c.c.obj
 .bss.s_i2cSlaveIsr
                0x0000000020003990        0x4 CMakeFiles/pdm_sai_interrupt.elf.dir/mnt/OK8MP/OK8MP-linux-sdk/OK8MP-FreeRTOS/devices/MIMX8ML8/drivers/fsl_i2c.c.obj
 .bss.reg_cache
                0x0000000020003994       0x70 CMakeFiles/pdm_sai_interrupt.elf.dir/mnt/OK8MP/OK8MP-linux-sdk/OK8MP-FreeRTOS/components/codec/wm8960/fsl_wm8960.c.obj
 .bss.s_debugConsole
                0x0000000020003a04       0x14 CMakeFiles/pdm_sai_interrupt.elf.dir/mnt/OK8MP/OK8MP-linux-sdk/OK8MP-FreeRTOS/devices/MIMX8ML8/utilities/debug_console_lite/fsl_debug_console.c.obj
 .bss.s_pdmHandle
                0x0000000020003a18        0x4 CMakeFiles/pdm_sai_interrupt.elf.dir/mnt/OK8MP/OK8MP-linux-sdk/OK8MP-FreeRTOS/devices/MIMX8ML8/drivers/fsl_pdm.c.obj
 .bss.s_pdmIsr  0x0000000020003a1c        0x4 CMakeFiles/pdm_sai_interrupt.elf.dir/mnt/OK8MP/OK8MP-linux-sdk/OK8MP-FreeRTOS/devices/MIMX8ML8/drivers/fsl_pdm.c.obj
 .bss.s_saiHandle
                0x0000000020003a20       0x40 CMakeFiles/pdm_sai_interrupt.elf.dir/mnt/OK8MP/OK8MP-linux-sdk/OK8MP-FreeRTOS/devices/MIMX8ML8/drivers/fsl_sai.c.obj
 .bss.s_saiRxIsr
                0x0000000020003a60        0x4 CMakeFiles/pdm_sai_interrupt.elf.dir/mnt/OK8MP/OK8MP-linux-sdk/OK8MP-FreeRTOS/devices/MIMX8ML8/drivers/fsl_sai.c.obj
 .bss.s_saiTxIsr
                0x0000000020003a64        0x4 CMakeFiles/pdm_sai_interrupt.elf.dir/mnt/OK8MP/OK8MP-linux-sdk/OK8MP-FreeRTOS/devices/MIMX8ML8/drivers/fsl_sai.c.obj
 .bss.s_uartHandle
                0x0000000020003a68       0x14 CMakeFiles/pdm_sai_interrupt.elf.dir/mnt/OK8MP/OK8MP-linux-sdk/OK8MP-FreeRTOS/devices/MIMX8ML8/drivers/fsl_uart.c.obj
 .bss.s_uartIsr
                0x0000000020003a7c        0x4 CMakeFiles/pdm_sai_interrupt.elf.dir/mnt/OK8MP/OK8MP-linux-sdk/OK8MP-FreeRTOS/devices/MIMX8ML8/drivers/fsl_uart.c.obj
 *(COMMON)
                0x0000000020003a80                . = ALIGN (0x4)
                0x0000000020003a80                __bss_end__ = .
                0x0000000020003a80                __END_BSS = .

.heap           0x0000000020003a80      0x400 load address 0x00000000000073b0
                0x0000000020003a80                . = ALIGN (0x8)
                0x0000000020003a80                __end__ = .
                0x0000000020003a80                PROVIDE (end = .)
                0x0000000020003a80                __HeapBase = .
                0x0000000020003e80                . = (. + HEAP_SIZE)
 *fill*         0x0000000020003a80      0x400 
                0x0000000020003e80                __HeapLimit = .
                0x0000000020003e80                __heap_limit = .

.stack          0x0000000020003e80      0x400 load address 0x00000000000077b0
                0x0000000020003e80                . = ALIGN (0x8)
                0x0000000020004280                . = (. + STACK_SIZE)
 *fill*         0x0000000020003e80      0x400 
                0x0000000020020000                __StackTop = (ORIGIN (m_data) + LENGTH (m_data))
                0x000000002001fc00                __StackLimit = (__StackTop - STACK_SIZE)
                0x0000000020020000                PROVIDE (__stack = __StackTop)

.ARM.attributes
                0x0000000000000000       0x30
 *(.ARM.attributes)
 .ARM.attributes
                0x0000000000000000       0x1e /mnt/OK8MP/OK8MP-linux-sdk/OK8MP-FreeRTOS/tools/gcc-arm-none-eabi-10-2020-q4-major/bin/../lib/gcc/arm-none-eabi/10.2.1/thumb/v7e-m+fp/hard/crti.o
 .ARM.attributes
                0x000000000000001e       0x34 /mnt/OK8MP/OK8MP-linux-sdk/OK8MP-FreeRTOS/tools/gcc-arm-none-eabi-10-2020-q4-major/bin/../lib/gcc/arm-none-eabi/10.2.1/thumb/v7e-m+fp/hard/crtbegin.o
 .ARM.attributes
                0x0000000000000052       0x1c /mnt/OK8MP/OK8MP-linux-sdk/OK8MP-FreeRTOS/tools/gcc-arm-none-eabi-10-2020-q4-major/bin/../lib/gcc/arm-none-eabi/10.2.1/../../../../arm-none-eabi/lib/thumb/v7e-m+fp/hard/crt0.o
 .ARM.attributes
                0x000000000000006e       0x34 CMakeFiles/pdm_sai_interrupt.elf.dir/mnt/OK8MP/OK8MP-linux-sdk/OK8MP-FreeRTOS/boards/evkmimx8mp/driver_examples/pdm/pdm_sai_interrupt/pdm_sai_interrupt.c.obj
 .ARM.attributes
                0x00000000000000a2       0x34 CMakeFiles/pdm_sai_interrupt.elf.dir/mnt/OK8MP/OK8MP-linux-sdk/OK8MP-FreeRTOS/boards/evkmimx8mp/driver_examples/pdm/pdm_sai_interrupt/pin_mux.c.obj
 .ARM.attributes
                0x00000000000000d6       0x34 CMakeFiles/pdm_sai_interrupt.elf.dir/mnt/OK8MP/OK8MP-linux-sdk/OK8MP-FreeRTOS/boards/evkmimx8mp/driver_examples/pdm/pdm_sai_interrupt/board.c.obj
 .ARM.attributes
                0x000000000000010a       0x34 CMakeFiles/pdm_sai_interrupt.elf.dir/mnt/OK8MP/OK8MP-linux-sdk/OK8MP-FreeRTOS/boards/evkmimx8mp/driver_examples/pdm/pdm_sai_interrupt/clock_config.c.obj
 .ARM.attributes
                0x000000000000013e       0x39 CMakeFiles/pdm_sai_interrupt.elf.dir/mnt/OK8MP/OK8MP-linux-sdk/OK8MP-FreeRTOS/boards/evkmimx8mp/driver_examples/pdm/pdm_sai_interrupt/empty_rsc_table.c.obj
 .ARM.attributes
                0x0000000000000177       0x34 CMakeFiles/pdm_sai_interrupt.elf.dir/mnt/OK8MP/OK8MP-linux-sdk/OK8MP-FreeRTOS/devices/MIMX8ML8/drivers/fsl_gpio.c.obj
 .ARM.attributes
                0x00000000000001ab       0x34 CMakeFiles/pdm_sai_interrupt.elf.dir/mnt/OK8MP/OK8MP-linux-sdk/OK8MP-FreeRTOS/devices/MIMX8ML8/drivers/fsl_clock.c.obj
 .ARM.attributes
                0x00000000000001df       0x34 CMakeFiles/pdm_sai_interrupt.elf.dir/mnt/OK8MP/OK8MP-linux-sdk/OK8MP-FreeRTOS/devices/MIMX8ML8/drivers/fsl_i2c.c.obj
 .ARM.attributes
                0x0000000000000213       0x34 CMakeFiles/pdm_sai_interrupt.elf.dir/mnt/OK8MP/OK8MP-linux-sdk/OK8MP-FreeRTOS/components/codec/wm8960/fsl_wm8960.c.obj
 .ARM.attributes
                0x0000000000000247       0x34 CMakeFiles/pdm_sai_interrupt.elf.dir/mnt/OK8MP/OK8MP-linux-sdk/OK8MP-FreeRTOS/components/codec/i2c/fsl_codec_i2c.c.obj
 .ARM.attributes
                0x000000000000027b       0x34 CMakeFiles/pdm_sai_interrupt.elf.dir/mnt/OK8MP/OK8MP-linux-sdk/OK8MP-FreeRTOS/components/i2c/fsl_adapter_ii2c.c.obj
 .ARM.attributes
                0x00000000000002af       0x34 CMakeFiles/pdm_sai_interrupt.elf.dir/mnt/OK8MP/OK8MP-linux-sdk/OK8MP-FreeRTOS/components/codec/fsl_codec_common.c.obj
 .ARM.attributes
                0x00000000000002e3       0x34 CMakeFiles/pdm_sai_interrupt.elf.dir/mnt/OK8MP/OK8MP-linux-sdk/OK8MP-FreeRTOS/components/codec/port/wm8960/fsl_codec_adapter.c.obj
 .ARM.attributes
                0x0000000000000317       0x34 CMakeFiles/pdm_sai_interrupt.elf.dir/mnt/OK8MP/OK8MP-linux-sdk/OK8MP-FreeRTOS/devices/MIMX8ML8/utilities/debug_console_lite/fsl_debug_console.c.obj
 .ARM.attributes
                0x000000000000034b       0x34 CMakeFiles/pdm_sai_interrupt.elf.dir/mnt/OK8MP/OK8MP-linux-sdk/OK8MP-FreeRTOS/devices/MIMX8ML8/drivers/fsl_pdm.c.obj
 .ARM.attributes
                0x000000000000037f       0x34 CMakeFiles/pdm_sai_interrupt.elf.dir/mnt/OK8MP/OK8MP-linux-sdk/OK8MP-FreeRTOS/devices/MIMX8ML8/drivers/fsl_sai.c.obj
 .ARM.attributes
                0x00000000000003b3       0x34 CMakeFiles/pdm_sai_interrupt.elf.dir/mnt/OK8MP/OK8MP-linux-sdk/OK8MP-FreeRTOS/devices/MIMX8ML8/drivers/fsl_rdc.c.obj
 .ARM.attributes
                0x00000000000003e7       0x34 CMakeFiles/pdm_sai_interrupt.elf.dir/mnt/OK8MP/OK8MP-linux-sdk/OK8MP-FreeRTOS/devices/MIMX8ML8/drivers/fsl_audiomix.c.obj
 .ARM.attributes
                0x000000000000041b       0x34 CMakeFiles/pdm_sai_interrupt.elf.dir/mnt/OK8MP/OK8MP-linux-sdk/OK8MP-FreeRTOS/components/uart/fsl_adapter_iuart.c.obj
 .ARM.attributes
                0x000000000000044f       0x34 CMakeFiles/pdm_sai_interrupt.elf.dir/mnt/OK8MP/OK8MP-linux-sdk/OK8MP-FreeRTOS/devices/MIMX8ML8/drivers/fsl_uart.c.obj
 .ARM.attributes
                0x0000000000000483       0x1f CMakeFiles/pdm_sai_interrupt.elf.dir/mnt/OK8MP/OK8MP-linux-sdk/OK8MP-FreeRTOS/devices/MIMX8ML8/gcc/startup_MIMX8ML8_cm7.S.obj
 .ARM.attributes
                0x00000000000004a2       0x34 CMakeFiles/pdm_sai_interrupt.elf.dir/mnt/OK8MP/OK8MP-linux-sdk/OK8MP-FreeRTOS/devices/MIMX8ML8/system_MIMX8ML8_cm7.c.obj
 .ARM.attributes
                0x00000000000004d6       0x34 /mnt/OK8MP/OK8MP-linux-sdk/OK8MP-FreeRTOS/tools/gcc-arm-none-eabi-10-2020-q4-major/bin/../lib/gcc/arm-none-eabi/10.2.1/../../../../arm-none-eabi/lib/thumb/v7e-m+fp/hard/libc_nano.a(lib_a-exit.o)
 .ARM.attributes
                0x000000000000050a       0x32 /mnt/OK8MP/OK8MP-linux-sdk/OK8MP-FreeRTOS/tools/gcc-arm-none-eabi-10-2020-q4-major/bin/../lib/gcc/arm-none-eabi/10.2.1/../../../../arm-none-eabi/lib/thumb/v7e-m+fp/hard/libc_nano.a(lib_a-impure.o)
 .ARM.attributes
                0x000000000000053c       0x34 /mnt/OK8MP/OK8MP-linux-sdk/OK8MP-FreeRTOS/tools/gcc-arm-none-eabi-10-2020-q4-major/bin/../lib/gcc/arm-none-eabi/10.2.1/../../../../arm-none-eabi/lib/thumb/v7e-m+fp/hard/libc_nano.a(lib_a-init.o)
 .ARM.attributes
                0x0000000000000570       0x34 /mnt/OK8MP/OK8MP-linux-sdk/OK8MP-FreeRTOS/tools/gcc-arm-none-eabi-10-2020-q4-major/bin/../lib/gcc/arm-none-eabi/10.2.1/../../../../arm-none-eabi/lib/thumb/v7e-m+fp/hard/libc_nano.a(lib_a-memcpy-stub.o)
 .ARM.attributes
                0x00000000000005a4       0x34 /mnt/OK8MP/OK8MP-linux-sdk/OK8MP-FreeRTOS/tools/gcc-arm-none-eabi-10-2020-q4-major/bin/../lib/gcc/arm-none-eabi/10.2.1/../../../../arm-none-eabi/lib/thumb/v7e-m+fp/hard/libc_nano.a(lib_a-memset.o)
 .ARM.attributes
                0x00000000000005d8       0x17 /mnt/OK8MP/OK8MP-linux-sdk/OK8MP-FreeRTOS/tools/gcc-arm-none-eabi-10-2020-q4-major/bin/../lib/gcc/arm-none-eabi/10.2.1/../../../../arm-none-eabi/lib/thumb/v7e-m+fp/hard/libc_nano.a(lib_a-strlen.o)
 .ARM.attributes
                0x00000000000005ef       0x1e /mnt/OK8MP/OK8MP-linux-sdk/OK8MP-FreeRTOS/tools/gcc-arm-none-eabi-10-2020-q4-major/bin/../lib/gcc/arm-none-eabi/10.2.1/thumb/v7e-m+fp/hard/libgcc.a(_aeabi_uldivmod.o)
 .ARM.attributes
                0x000000000000060d       0x34 /mnt/OK8MP/OK8MP-linux-sdk/OK8MP-FreeRTOS/tools/gcc-arm-none-eabi-10-2020-q4-major/bin/../lib/gcc/arm-none-eabi/10.2.1/thumb/v7e-m+fp/hard/libgcc.a(_udivmoddi4.o)
 .ARM.attributes
                0x0000000000000641       0x1e /mnt/OK8MP/OK8MP-linux-sdk/OK8MP-FreeRTOS/tools/gcc-arm-none-eabi-10-2020-q4-major/bin/../lib/gcc/arm-none-eabi/10.2.1/thumb/v7e-m+fp/hard/libgcc.a(_dvmd_tls.o)
 .ARM.attributes
                0x000000000000065f       0x34 /mnt/OK8MP/OK8MP-linux-sdk/OK8MP-FreeRTOS/tools/gcc-arm-none-eabi-10-2020-q4-major/bin/../lib/gcc/arm-none-eabi/10.2.1/../../../../arm-none-eabi/lib/thumb/v7e-m+fp/hard/libnosys.a(_exit.o)
 .ARM.attributes
                0x0000000000000693       0x1e /mnt/OK8MP/OK8MP-linux-sdk/OK8MP-FreeRTOS/tools/gcc-arm-none-eabi-10-2020-q4-major/bin/../lib/gcc/arm-none-eabi/10.2.1/thumb/v7e-m+fp/hard/crtn.o
                0x0000000000000001                ASSERT ((__StackLimit >= __HeapLimit), region m_data overflowed with stack and heap)
OUTPUT(release/pdm_sai_interrupt.elf elf32-littlearm)
LOAD linker stubs

.debug_info     0x0000000000000000    0x20cfa
 .debug_info    0x0000000000000000     0x3380 CMakeFiles/pdm_sai_interrupt.elf.dir/mnt/OK8MP/OK8MP-linux-sdk/OK8MP-FreeRTOS/boards/evkmimx8mp/driver_examples/pdm/pdm_sai_interrupt/pdm_sai_interrupt.c.obj
 .debug_info    0x0000000000003380      0xbe1 CMakeFiles/pdm_sai_interrupt.elf.dir/mnt/OK8MP/OK8MP-linux-sdk/OK8MP-FreeRTOS/boards/evkmimx8mp/driver_examples/pdm/pdm_sai_interrupt/pin_mux.c.obj
 .debug_info    0x0000000000003f61     0x16ad CMakeFiles/pdm_sai_interrupt.elf.dir/mnt/OK8MP/OK8MP-linux-sdk/OK8MP-FreeRTOS/boards/evkmimx8mp/driver_examples/pdm/pdm_sai_interrupt/board.c.obj
 .debug_info    0x000000000000560e     0x1832 CMakeFiles/pdm_sai_interrupt.elf.dir/mnt/OK8MP/OK8MP-linux-sdk/OK8MP-FreeRTOS/boards/evkmimx8mp/driver_examples/pdm/pdm_sai_interrupt/clock_config.c.obj
 .debug_info    0x0000000000006e40       0x9c CMakeFiles/pdm_sai_interrupt.elf.dir/mnt/OK8MP/OK8MP-linux-sdk/OK8MP-FreeRTOS/boards/evkmimx8mp/driver_examples/pdm/pdm_sai_interrupt/empty_rsc_table.c.obj
 .debug_info    0x0000000000006edc      0xe20 CMakeFiles/pdm_sai_interrupt.elf.dir/mnt/OK8MP/OK8MP-linux-sdk/OK8MP-FreeRTOS/devices/MIMX8ML8/drivers/fsl_gpio.c.obj
 .debug_info    0x0000000000007cfc     0x2975 CMakeFiles/pdm_sai_interrupt.elf.dir/mnt/OK8MP/OK8MP-linux-sdk/OK8MP-FreeRTOS/devices/MIMX8ML8/drivers/fsl_clock.c.obj
 .debug_info    0x000000000000a671     0x2e96 CMakeFiles/pdm_sai_interrupt.elf.dir/mnt/OK8MP/OK8MP-linux-sdk/OK8MP-FreeRTOS/devices/MIMX8ML8/drivers/fsl_i2c.c.obj
 .debug_info    0x000000000000d507     0x2265 CMakeFiles/pdm_sai_interrupt.elf.dir/mnt/OK8MP/OK8MP-linux-sdk/OK8MP-FreeRTOS/components/codec/wm8960/fsl_wm8960.c.obj
 .debug_info    0x000000000000f76c      0x442 CMakeFiles/pdm_sai_interrupt.elf.dir/mnt/OK8MP/OK8MP-linux-sdk/OK8MP-FreeRTOS/components/codec/i2c/fsl_codec_i2c.c.obj
 .debug_info    0x000000000000fbae     0x1940 CMakeFiles/pdm_sai_interrupt.elf.dir/mnt/OK8MP/OK8MP-linux-sdk/OK8MP-FreeRTOS/components/i2c/fsl_adapter_ii2c.c.obj
 .debug_info    0x00000000000114ee      0x7e6 CMakeFiles/pdm_sai_interrupt.elf.dir/mnt/OK8MP/OK8MP-linux-sdk/OK8MP-FreeRTOS/components/codec/fsl_codec_common.c.obj
 .debug_info    0x0000000000011cd4     0x105d CMakeFiles/pdm_sai_interrupt.elf.dir/mnt/OK8MP/OK8MP-linux-sdk/OK8MP-FreeRTOS/components/codec/port/wm8960/fsl_codec_adapter.c.obj
 .debug_info    0x0000000000012d31     0x141d CMakeFiles/pdm_sai_interrupt.elf.dir/mnt/OK8MP/OK8MP-linux-sdk/OK8MP-FreeRTOS/devices/MIMX8ML8/utilities/debug_console_lite/fsl_debug_console.c.obj
 .debug_info    0x000000000001414e     0x218a CMakeFiles/pdm_sai_interrupt.elf.dir/mnt/OK8MP/OK8MP-linux-sdk/OK8MP-FreeRTOS/devices/MIMX8ML8/drivers/fsl_pdm.c.obj
 .debug_info    0x00000000000162d8     0x47e1 CMakeFiles/pdm_sai_interrupt.elf.dir/mnt/OK8MP/OK8MP-linux-sdk/OK8MP-FreeRTOS/devices/MIMX8ML8/drivers/fsl_sai.c.obj
 .debug_info    0x000000000001aab9     0x1244 CMakeFiles/pdm_sai_interrupt.elf.dir/mnt/OK8MP/OK8MP-linux-sdk/OK8MP-FreeRTOS/devices/MIMX8ML8/drivers/fsl_rdc.c.obj
 .debug_info    0x000000000001bcfd      0x857 CMakeFiles/pdm_sai_interrupt.elf.dir/mnt/OK8MP/OK8MP-linux-sdk/OK8MP-FreeRTOS/devices/MIMX8ML8/drivers/fsl_audiomix.c.obj
 .debug_info    0x000000000001c554      0xdb2 CMakeFiles/pdm_sai_interrupt.elf.dir/mnt/OK8MP/OK8MP-linux-sdk/OK8MP-FreeRTOS/components/uart/fsl_adapter_iuart.c.obj
 .debug_info    0x000000000001d306     0x2cd7 CMakeFiles/pdm_sai_interrupt.elf.dir/mnt/OK8MP/OK8MP-linux-sdk/OK8MP-FreeRTOS/devices/MIMX8ML8/drivers/fsl_uart.c.obj
 .debug_info    0x000000000001ffdd      0xd1d CMakeFiles/pdm_sai_interrupt.elf.dir/mnt/OK8MP/OK8MP-linux-sdk/OK8MP-FreeRTOS/devices/MIMX8ML8/system_MIMX8ML8_cm7.c.obj

.debug_abbrev   0x0000000000000000     0x3cfc