Archive member included to satisfy reference by file (symbol)

/work1/zyj/OK8MP/OK8MP-linux-sdk/gcc-arm-none-eabi-10-2020-q4-major/bin/../lib/gcc/arm-none-eabi/10.2.1/../../../../arm-none-eabi/lib/thumb/v7e-m+fp/hard/libc_nano.a(lib_a-errno.o)
                              CMakeFiles/ii2c_polling_b2b_transfer_master.elf.dir/work1/zyj/OK8MP/OK8MP-linux-sdk/OK8MP-FreeRTOS/devices/MIMX8ML8/utilities/fsl_sbrk.c.obj (__errno)
/work1/zyj/OK8MP/OK8MP-linux-sdk/gcc-arm-none-eabi-10-2020-q4-major/bin/../lib/gcc/arm-none-eabi/10.2.1/../../../../arm-none-eabi/lib/thumb/v7e-m+fp/hard/libc_nano.a(lib_a-exit.o)
                              /work1/zyj/OK8MP/OK8MP-linux-sdk/gcc-arm-none-eabi-10-2020-q4-major/bin/../lib/gcc/arm-none-eabi/10.2.1/../../../../arm-none-eabi/lib/thumb/v7e-m+fp/hard/crt0.o (exit)
/work1/zyj/OK8MP/OK8MP-linux-sdk/gcc-arm-none-eabi-10-2020-q4-major/bin/../lib/gcc/arm-none-eabi/10.2.1/../../../../arm-none-eabi/lib/thumb/v7e-m+fp/hard/libc_nano.a(lib_a-impure.o)
                              /work1/zyj/OK8MP/OK8MP-linux-sdk/gcc-arm-none-eabi-10-2020-q4-major/bin/../lib/gcc/arm-none-eabi/10.2.1/../../../../arm-none-eabi/lib/thumb/v7e-m+fp/hard/libc_nano.a(lib_a-exit.o) (_global_impure_ptr)
/work1/zyj/OK8MP/OK8MP-linux-sdk/gcc-arm-none-eabi-10-2020-q4-major/bin/../lib/gcc/arm-none-eabi/10.2.1/../../../../arm-none-eabi/lib/thumb/v7e-m+fp/hard/libc_nano.a(lib_a-init.o)
                              /work1/zyj/OK8MP/OK8MP-linux-sdk/gcc-arm-none-eabi-10-2020-q4-major/bin/../lib/gcc/arm-none-eabi/10.2.1/../../../../arm-none-eabi/lib/thumb/v7e-m+fp/hard/crt0.o (__libc_init_array)
/work1/zyj/OK8MP/OK8MP-linux-sdk/gcc-arm-none-eabi-10-2020-q4-major/bin/../lib/gcc/arm-none-eabi/10.2.1/../../../../arm-none-eabi/lib/thumb/v7e-m+fp/hard/libc_nano.a(lib_a-malloc.o)
                              CMakeFiles/ii2c_polling_b2b_transfer_master.elf.dir/work1/zyj/OK8MP/OK8MP-linux-sdk/OK8MP-FreeRTOS/devices/MIMX8ML8/drivers/fsl_common.c.obj (malloc)
/work1/zyj/OK8MP/OK8MP-linux-sdk/gcc-arm-none-eabi-10-2020-q4-major/bin/../lib/gcc/arm-none-eabi/10.2.1/../../../../arm-none-eabi/lib/thumb/v7e-m+fp/hard/libc_nano.a(lib_a-memset.o)
                              /work1/zyj/OK8MP/OK8MP-linux-sdk/gcc-arm-none-eabi-10-2020-q4-major/bin/../lib/gcc/arm-none-eabi/10.2.1/../../../../arm-none-eabi/lib/thumb/v7e-m+fp/hard/crt0.o (memset)
/work1/zyj/OK8MP/OK8MP-linux-sdk/gcc-arm-none-eabi-10-2020-q4-major/bin/../lib/gcc/arm-none-eabi/10.2.1/../../../../arm-none-eabi/lib/thumb/v7e-m+fp/hard/libc_nano.a(lib_a-nano-freer.o)
                              /work1/zyj/OK8MP/OK8MP-linux-sdk/gcc-arm-none-eabi-10-2020-q4-major/bin/../lib/gcc/arm-none-eabi/10.2.1/../../../../arm-none-eabi/lib/thumb/v7e-m+fp/hard/libc_nano.a(lib_a-malloc.o) (_free_r)
/work1/zyj/OK8MP/OK8MP-linux-sdk/gcc-arm-none-eabi-10-2020-q4-major/bin/../lib/gcc/arm-none-eabi/10.2.1/../../../../arm-none-eabi/lib/thumb/v7e-m+fp/hard/libc_nano.a(lib_a-nano-mallocr.o)
                              /work1/zyj/OK8MP/OK8MP-linux-sdk/gcc-arm-none-eabi-10-2020-q4-major/bin/../lib/gcc/arm-none-eabi/10.2.1/../../../../arm-none-eabi/lib/thumb/v7e-m+fp/hard/libc_nano.a(lib_a-malloc.o) (_malloc_r)
/work1/zyj/OK8MP/OK8MP-linux-sdk/gcc-arm-none-eabi-10-2020-q4-major/bin/../lib/gcc/arm-none-eabi/10.2.1/../../../../arm-none-eabi/lib/thumb/v7e-m+fp/hard/libc_nano.a(lib_a-sbrkr.o)
                              /work1/zyj/OK8MP/OK8MP-linux-sdk/gcc-arm-none-eabi-10-2020-q4-major/bin/../lib/gcc/arm-none-eabi/10.2.1/../../../../arm-none-eabi/lib/thumb/v7e-m+fp/hard/libc_nano.a(lib_a-nano-mallocr.o) (_sbrk_r)
/work1/zyj/OK8MP/OK8MP-linux-sdk/gcc-arm-none-eabi-10-2020-q4-major/bin/../lib/gcc/arm-none-eabi/10.2.1/../../../../arm-none-eabi/lib/thumb/v7e-m+fp/hard/libc_nano.a(lib_a-strlen.o)
                              CMakeFiles/ii2c_polling_b2b_transfer_master.elf.dir/work1/zyj/OK8MP/OK8MP-linux-sdk/OK8MP-FreeRTOS/devices/MIMX8ML8/utilities/debug_console_lite/fsl_debug_console.c.obj (strlen)
/work1/zyj/OK8MP/OK8MP-linux-sdk/gcc-arm-none-eabi-10-2020-q4-major/bin/../lib/gcc/arm-none-eabi/10.2.1/../../../../arm-none-eabi/lib/thumb/v7e-m+fp/hard/libc_nano.a(lib_a-mlock.o)
                              /work1/zyj/OK8MP/OK8MP-linux-sdk/gcc-arm-none-eabi-10-2020-q4-major/bin/../lib/gcc/arm-none-eabi/10.2.1/../../../../arm-none-eabi/lib/thumb/v7e-m+fp/hard/libc_nano.a(lib_a-nano-freer.o) (__malloc_lock)
/work1/zyj/OK8MP/OK8MP-linux-sdk/gcc-arm-none-eabi-10-2020-q4-major/bin/../lib/gcc/arm-none-eabi/10.2.1/../../../../arm-none-eabi/lib/thumb/v7e-m+fp/hard/libc_nano.a(lib_a-reent.o)
                              /work1/zyj/OK8MP/OK8MP-linux-sdk/gcc-arm-none-eabi-10-2020-q4-major/bin/../lib/gcc/arm-none-eabi/10.2.1/../../../../arm-none-eabi/lib/thumb/v7e-m+fp/hard/libc_nano.a(lib_a-sbrkr.o) (errno)
/work1/zyj/OK8MP/OK8MP-linux-sdk/gcc-arm-none-eabi-10-2020-q4-major/bin/../lib/gcc/arm-none-eabi/10.2.1/../../../../arm-none-eabi/lib/thumb/v7e-m+fp/hard/libc_nano.a(lib_a-lock.o)
[...]
Memory Configuration

Name             Origin             Length             Attributes
m_interrupts     0x0000000000000000 0x0000000000000400 xr
m_text           0x0000000000000400 0x000000000001fc00 xr
m_data           0x0000000020000000 0x0000000000020000 rw
m_data2          0x0000000080000000 0x0000000001000000 rw
*default*        0x0000000000000000 0xffffffffffffffff

Linker script and memory map

LOAD /work1/zyj/OK8MP/OK8MP-linux-sdk/gcc-arm-none-eabi-10-2020-q4-major/bin/../lib/gcc/arm-none-eabi/10.2.1/thumb/v7e-m+fp/hard/crti.o
LOAD /work1/zyj/OK8MP/OK8MP-linux-sdk/gcc-arm-none-eabi-10-2020-q4-major/bin/../lib/gcc/arm-none-eabi/10.2.1/thumb/v7e-m+fp/hard/crtbegin.o
LOAD /work1/zyj/OK8MP/OK8MP-linux-sdk/gcc-arm-none-eabi-10-2020-q4-major/bin/../lib/gcc/arm-none-eabi/10.2.1/../../../../arm-none-eabi/lib/thumb/v7e-m+fp/hard/crt0.o
LOAD CMakeFiles/ii2c_polling_b2b_transfer_master.elf.dir/work1/zyj/OK8MP/OK8MP-linux-sdk/OK8MP-FreeRTOS/boards/evkmimx8mp/driver_examples/i2c/polling_b2b_transfer/master/i2c_polling_b2b_transfer_master.c.obj
LOAD CMakeFiles/ii2c_polling_b2b_transfer_master.elf.dir/work1/zyj/OK8MP/OK8MP-linux-sdk/OK8MP-FreeRTOS/boards/evkmimx8mp/driver_examples/i2c/polling_b2b_transfer/master/pin_mux.c.obj
LOAD CMakeFiles/ii2c_polling_b2b_transfer_master.elf.dir/work1/zyj/OK8MP/OK8MP-linux-sdk/OK8MP-FreeRTOS/boards/evkmimx8mp/driver_examples/i2c/polling_b2b_transfer/master/board.c.obj
LOAD CMakeFiles/ii2c_polling_b2b_transfer_master.elf.dir/work1/zyj/OK8MP/OK8MP-linux-sdk/OK8MP-FreeRTOS/boards/evkmimx8mp/driver_examples/i2c/polling_b2b_transfer/master/clock_config.c.obj
LOAD CMakeFiles/ii2c_polling_b2b_transfer_master.elf.dir/work1/zyj/OK8MP/OK8MP-linux-sdk/OK8MP-FreeRTOS/boards/evkmimx8mp/driver_examples/i2c/polling_b2b_transfer/master/empty_rsc_table.c.obj
LOAD CMakeFiles/ii2c_polling_b2b_transfer_master.elf.dir/work1/zyj/OK8MP/OK8MP-linux-sdk/OK8MP-FreeRTOS/devices/MIMX8ML8/utilities/debug_console_lite/fsl_debug_console.c.obj
LOAD CMakeFiles/ii2c_polling_b2b_transfer_master.elf.dir/work1/zyj/OK8MP/OK8MP-linux-sdk/OK8MP-FreeRTOS/devices/MIMX8ML8/drivers/fsl_common.c.obj
LOAD CMakeFiles/ii2c_polling_b2b_transfer_master.elf.dir/work1/zyj/OK8MP/OK8MP-linux-sdk/OK8MP-FreeRTOS/devices/MIMX8ML8/drivers/fsl_clock.c.obj
LOAD CMakeFiles/ii2c_polling_b2b_transfer_master.elf.dir/work1/zyj/OK8MP/OK8MP-linux-sdk/OK8MP-FreeRTOS/devices/MIMX8ML8/utilities/debug_console_lite/fsl_assert.c.obj
LOAD CMakeFiles/ii2c_polling_b2b_transfer_master.elf.dir/work1/zyj/OK8MP/OK8MP-linux-sdk/OK8MP-FreeRTOS/devices/MIMX8ML8/drivers/fsl_i2c.c.obj
LOAD CMakeFiles/ii2c_polling_b2b_transfer_master.elf.dir/work1/zyj/OK8MP/OK8MP-linux-sdk/OK8MP-FreeRTOS/devices/MIMX8ML8/drivers/fsl_rdc.c.obj
LOAD CMakeFiles/ii2c_polling_b2b_transfer_master.elf.dir/work1/zyj/OK8MP/OK8MP-linux-sdk/OK8MP-FreeRTOS/devices/MIMX8ML8/drivers/fsl_audiomix.c.obj
LOAD CMakeFiles/ii2c_polling_b2b_transfer_master.elf.dir/work1/zyj/OK8MP/OK8MP-linux-sdk/OK8MP-FreeRTOS/components/uart/fsl_adapter_iuart.c.obj
LOAD CMakeFiles/ii2c_polling_b2b_transfer_master.elf.dir/work1/zyj/OK8MP/OK8MP-linux-sdk/OK8MP-FreeRTOS/devices/MIMX8ML8/drivers/fsl_uart.c.obj
LOAD CMakeFiles/ii2c_polling_b2b_transfer_master.elf.dir/work1/zyj/OK8MP/OK8MP-linux-sdk/OK8MP-FreeRTOS/components/lists/fsl_component_generic_list.c.obj
LOAD CMakeFiles/ii2c_polling_b2b_transfer_master.elf.dir/work1/zyj/OK8MP/OK8MP-linux-sdk/OK8MP-FreeRTOS/devices/MIMX8ML8/gcc/startup_MIMX8ML8_cm7.S.obj
LOAD CMakeFiles/ii2c_polling_b2b_transfer_master.elf.dir/work1/zyj/OK8MP/OK8MP-linux-sdk/OK8MP-FreeRTOS/devices/MIMX8ML8/system_MIMX8ML8_cm7.c.obj
LOAD CMakeFiles/ii2c_polling_b2b_transfer_master.elf.dir/work1/zyj/OK8MP/OK8MP-linux-sdk/OK8MP-FreeRTOS/devices/MIMX8ML8/utilities/fsl_sbrk.c.obj
START GROUP
LOAD /work1/zyj/OK8MP/OK8MP-linux-sdk/gcc-arm-none-eabi-10-2020-q4-major/bin/../lib/gcc/arm-none-eabi/10.2.1/../../../../arm-none-eabi/lib/thumb/v7e-m+fp/hard/libm.a
LOAD /work1/zyj/OK8MP/OK8MP-linux-sdk/gcc-arm-none-eabi-10-2020-q4-major/bin/../lib/gcc/arm-none-eabi/10.2.1/../../../../arm-none-eabi/lib/thumb/v7e-m+fp/hard/libc_nano.a
LOAD /work1/zyj/OK8MP/OK8MP-linux-sdk/gcc-arm-none-eabi-10-2020-q4-major/bin/../lib/gcc/arm-none-eabi/10.2.1/thumb/v7e-m+fp/hard/libgcc.a
LOAD /work1/zyj/OK8MP/OK8MP-linux-sdk/gcc-arm-none-eabi-10-2020-q4-major/bin/../lib/gcc/arm-none-eabi/10.2.1/../../../../arm-none-eabi/lib/thumb/v7e-m+fp/hard/libnosys.a
END GROUP
START GROUP
LOAD /work1/zyj/OK8MP/OK8MP-linux-sdk/gcc-arm-none-eabi-10-2020-q4-major/bin/../lib/gcc/arm-none-eabi/10.2.1/thumb/v7e-m+fp/hard/libgcc.a
LOAD /work1/zyj/OK8MP/OK8MP-linux-sdk/gcc-arm-none-eabi-10-2020-q4-major/bin/../lib/gcc/arm-none-eabi/10.2.1/../../../../arm-none-eabi/lib/thumb/v7e-m+fp/hard/libg_nano.a
LOAD /work1/zyj/OK8MP/OK8MP-linux-sdk/gcc-arm-none-eabi-10-2020-q4-major/bin/../lib/gcc/arm-none-eabi/10.2.1/../../../../arm-none-eabi/lib/thumb/v7e-m+fp/hard/libc_nano.a
END GROUP
START GROUP
LOAD /work1/zyj/OK8MP/OK8MP-linux-sdk/gcc-arm-none-eabi-10-2020-q4-major/bin/../lib/gcc/arm-none-eabi/10.2.1/thumb/v7e-m+fp/hard/libgcc.a
LOAD /work1/zyj/OK8MP/OK8MP-linux-sdk/gcc-arm-none-eabi-10-2020-q4-major/bin/../lib/gcc/arm-none-eabi/10.2.1/../../../../arm-none-eabi/lib/thumb/v7e-m+fp/hard/libc_nano.a
LOAD /work1/zyj/OK8MP/OK8MP-linux-sdk/gcc-arm-none-eabi-10-2020-q4-major/bin/../lib/gcc/arm-none-eabi/10.2.1/../../../../arm-none-eabi/lib/thumb/v7e-m+fp/hard/libnosys.a
END GROUP
START GROUP
LOAD /work1/zyj/OK8MP/OK8MP-linux-sdk/gcc-arm-none-eabi-10-2020-q4-major/bin/../lib/gcc/arm-none-eabi/10.2.1/thumb/v7e-m+fp/hard/libgcc.a
LOAD /work1/zyj/OK8MP/OK8MP-linux-sdk/gcc-arm-none-eabi-10-2020-q4-major/bin/../lib/gcc/arm-none-eabi/10.2.1/../../../../arm-none-eabi/lib/thumb/v7e-m+fp/hard/libc_nano.a
LOAD /work1/zyj/OK8MP/OK8MP-linux-sdk/gcc-arm-none-eabi-10-2020-q4-major/bin/../lib/gcc/arm-none-eabi/10.2.1/../../../../arm-none-eabi/lib/thumb/v7e-m+fp/hard/libnosys.a
END GROUP
LOAD /work1/zyj/OK8MP/OK8MP-linux-sdk/gcc-arm-none-eabi-10-2020-q4-major/bin/../lib/gcc/arm-none-eabi/10.2.1/thumb/v7e-m+fp/hard/crtend.o
LOAD /work1/zyj/OK8MP/OK8MP-linux-sdk/gcc-arm-none-eabi-10-2020-q4-major/bin/../lib/gcc/arm-none-eabi/10.2.1/thumb/v7e-m+fp/hard/crtn.o
                0x0000000000000400                HEAP_SIZE = DEFINED (__heap_size__)?__heap_size__:0x400
                0x0000000000000400                STACK_SIZE = DEFINED (__stack_size__)?__stack_size__:0x400

.interrupts     0x0000000000000000      0x2a8
                0x0000000000000000                __VECTOR_TABLE = .
                0x0000000000000000                __Vectors = .
                0x0000000000000000                . = ALIGN (0x4)
 *(.isr_vector)
 .isr_vector    0x0000000000000000      0x2a8 CMakeFiles/ii2c_polling_b2b_transfer_master.elf.dir/work1/zyj/OK8MP/OK8MP-linux-sdk/OK8MP-FreeRTOS/devices/MIMX8ML8/gcc/startup_MIMX8ML8_cm7.S.obj
                0x0000000000000000                __isr_vector
                0x00000000000002a8                . = ALIGN (0x4)

.resource_table
                0x0000000000000400       0x10
                0x0000000000000400                . = ALIGN (0x8)
 *(.resource_table)
 .resource_table
                0x0000000000000400       0x10 CMakeFiles/ii2c_polling_b2b_transfer_master.elf.dir/work1/zyj/OK8MP/OK8MP-linux-sdk/OK8MP-FreeRTOS/boards/evkmimx8mp/driver_examples/i2c/polling_b2b_transfer/master/empty_rsc_table.c.obj
                0x0000000000000400                resource_table
                0x0000000000000410                . = ALIGN (0x8)

.text           0x0000000000000410     0x21b8
                0x0000000000000410                . = ALIGN (0x4)
 *(.text)
 .text          0x0000000000000410       0x40 /work1/zyj/OK8MP/OK8MP-linux-sdk/gcc-arm-none-eabi-10-2020-q4-major/bin/../lib/gcc/arm-none-eabi/10.2.1/thumb/v7e-m+fp/hard/crtbegin.o
 .text          0x0000000000000450       0x7c /work1/zyj/OK8MP/OK8MP-linux-sdk/gcc-arm-none-eabi-10-2020-q4-major/bin/../lib/gcc/arm-none-eabi/10.2.1/../../../../arm-none-eabi/lib/thumb/v7e-m+fp/hard/crt0.o
                0x0000000000000450                _stack_init
                0x0000000000000458                _mainCRTStartup
                0x0000000000000458                _start
 .text          0x00000000000004cc      0x588 CMakeFiles/ii2c_polling_b2b_transfer_master.elf.dir/work1/zyj/OK8MP/OK8MP-linux-sdk/OK8MP-FreeRTOS/devices/MIMX8ML8/gcc/startup_MIMX8ML8_cm7.S.obj
                0x00000000000004cc                Reset_Handler
                0x0000000000000558                VPU_G2_DriverIRQHandler
                0x0000000000000558                PWM2_DriverIRQHandler
                0x0000000000000558                CAAM_ERROR_DriverIRQHandler
                0x0000000000000558                DebugMon_Handler
                0x0000000000000558                EDMA1_0_15_DriverIRQHandler
                0x0000000000000558                CPU_Error_AXI_DriverIRQHandler
                0x0000000000000558                BCH_DriverIRQHandler
                0x0000000000000558                VPU_G1_DriverIRQHandler
                0x0000000000000558                SNVS_Consolidated_DriverIRQHandler
                0x0000000000000558                MIPI_CSI1_DriverIRQHandler
                0x0000000000000558                MECC_ERR_DriverIRQHandler
                0x0000000000000558                PWM4_DriverIRQHandler
                0x0000000000000558                LCDIF1_DriverIRQHandler
                0x0000000000000558                RDC_DriverIRQHandler
                0x0000000000000558                GPIO3_Combined_0_15_DriverIRQHandler
                0x0000000000000558                USB2_WAKEUP_DriverIRQHandler
                0x0000000000000558                DDR_ERR_DriverIRQHandler
                0x0000000000000558                I2S2_DriverIRQHandler
                0x0000000000000558                HS_CP0_DriverIRQHandler
                0x0000000000000558                GPMI_DriverIRQHandler
                0x0000000000000558                MU3_AUDIO_DriverIRQHandler
                0x0000000000000558                ISI_DriverIRQHandler
                0x0000000000000558                ENET_QOS_PMT_DriverIRQHandler
                0x0000000000000558                MIPI_CSI2_DriverIRQHandler
                0x0000000000000558                GPIO2_Combined_16_31_DriverIRQHandler
                0x0000000000000558                PERFMON1_DriverIRQHandler
                0x0000000000000558                UsageFault_Handler
                0x0000000000000558                SCTR_IRQ0_DriverIRQHandler
                0x0000000000000558                CAAM_IRQ0_DriverIRQHandler
                0x0000000000000558                DDR_PerformanceMonitor_DriverIRQHandler
                0x0000000000000558                DefaultISR
                0x0000000000000558                CPU_PerformanceUnit_DriverIRQHandler
                0x0000000000000558                CAN_FD1_DriverIRQHandler
                0x0000000000000558                CPU_Error_L2RAM_DriverIRQHandler
                0x0000000000000558                I2S3_DriverIRQHandler
                0x0000000000000558                SDMA2_DriverIRQHandler
                0x0000000000000558                SRC_DriverIRQHandler
                0x0000000000000558                GPIO1_INT4_DriverIRQHandler
                0x0000000000000558                HS_CP1_DriverIRQHandler
                0x0000000000000558                ENET1_MAC0_Rx_Tx_Done0_DriverIRQHandler
                0x0000000000000558                USDHC1_DriverIRQHandler
                0x0000000000000558                ECSPI3_DriverIRQHandler
                0x0000000000000558                WDOG1_DriverIRQHandler
                0x0000000000000558                SDMA1_DriverIRQHandler
                0x0000000000000558                ECSPI2_DriverIRQHandler
                0x0000000000000558                GPIO1_Combined_16_31_DriverIRQHandler
                0x0000000000000558                GPIO1_INT7_DriverIRQHandler
                0x0000000000000558                MIPI_DSI_DriverIRQHandler
                0x0000000000000558                TZASC_DriverIRQHandler
                0x0000000000000558                GPIO5_Combined_0_15_DriverIRQHandler
                0x0000000000000558                GPIO1_INT0_DriverIRQHandler
                0x0000000000000558                GPIO1_INT2_DriverIRQHandler
                0x0000000000000558                GPU2D_DriverIRQHandler
                0x0000000000000558                RTIC_DriverIRQHandler
                0x0000000000000558                ENET1_1588_DriverIRQHandler
                0x0000000000000558                CAN_FD1_ERROR_DriverIRQHandler
                0x0000000000000558                EDMA1_ERR_DriverIRQHandler
                0x0000000000000558                GPT2_DriverIRQHandler
                0x0000000000000558                SCTR_IRQ1_DriverIRQHandler
                0x0000000000000558                VPU_DriverIRQHandler
                0x0000000000000558                I2S1_DriverIRQHandler
                0x0000000000000558                SNVS_Security_DriverIRQHandler
                0x0000000000000558                I2S7_DriverIRQHandler
                0x0000000000000558                AUD2HTX_DriverIRQHandler
                0x0000000000000558                PCIE_EDMA_DriverIRQHandler
                0x0000000000000558                PDM_ERROR_DriverIRQHandler
                0x0000000000000558                I2S56_DriverIRQHandler
                0x0000000000000558                ML_DriverIRQHandler
                0x0000000000000558                SJC_DriverIRQHandler
                0x0000000000000558                CAAM_IRQ1_DriverIRQHandler
                0x0000000000000558                PCIE_CTRL1_2_DriverIRQHandler
                0x0000000000000558                PERFMON2_DriverIRQHandler
                0x0000000000000558                GPT6_DriverIRQHandler
                0x0000000000000558                EDMA1_16_31_DriverIRQHandler
                0x0000000000000558                GPT5_DriverIRQHandler
                0x0000000000000558                DDR_DriverIRQHandler
                0x0000000000000558                GPT1_DriverIRQHandler
                0x0000000000000558                CAAM_IRQ2_DriverIRQHandler
                0x0000000000000558                SNVS_DriverIRQHandler
                0x0000000000000558                CSU_DriverIRQHandler
                0x0000000000000558                USDHC3_DriverIRQHandler
                0x0000000000000558                GPIO1_INT5_DriverIRQHandler
                0x0000000000000558                QOS_DriverIRQHandler
                0x0000000000000558                HDMI_TX_DriverIRQHandler
                0x0000000000000558                FlexSPI_DriverIRQHandler
                0x0000000000000558                DEWARP_DriverIRQHandler
                0x0000000000000558                GPIO1_Combined_0_15_DriverIRQHandler
                0x0000000000000558                USDHC2_DriverIRQHandler
                0x0000000000000558                WDOG3_DriverIRQHandler
                0x0000000000000558                MemManage_Handler
                0x0000000000000558                USB1_WAKEUP_DriverIRQHandler
                0x0000000000000558                PDM_EVENT_DriverIRQHandler
                0x0000000000000558                USB1_DriverIRQHandler
                0x0000000000000558                GPIO3_Combined_16_31_DriverIRQHandler
                0x0000000000000558                AUDIO_XCVR1_DriverIRQHandler
                0x0000000000000558                PWM1_DriverIRQHandler
                0x0000000000000558                MU3_M7_DriverIRQHandler
                0x0000000000000558                PCIE_CTRL1_3_DriverIRQHandler
                0x0000000000000558                GPT4_DriverIRQHandler
                0x0000000000000558                MU2_A53_DriverIRQHandler
                0x0000000000000558                AUDIO_XCVR_DriverIRQHandler
                0x0000000000000558                SDMA3_DriverIRQHandler
                0x0000000000000558                CM7_CTI_DriverIRQHandler
                0x0000000000000558                ECSPI1_DriverIRQHandler
                0x0000000000000558                DAP_DriverIRQHandler
                0x0000000000000558                Reserved16_DriverIRQHandler
                0x0000000000000558                ENET_QOS_DriverIRQHandler
                0x0000000000000558                ENET1_DriverIRQHandler
                0x0000000000000558                ISP2_DriverIRQHandler
                0x0000000000000558                GPIO1_INT3_DriverIRQHandler
                0x0000000000000558                MECC_DriverIRQHandler
                0x0000000000000558                MECC_S_DriverIRQHandler
                0x0000000000000558                PCIE_CTRL1_1_DriverIRQHandler
                0x0000000000000558                APBHDMA_DriverIRQHandler
                0x0000000000000558                ENET1_MAC0_Rx_Tx_Done1_DriverIRQHandler
                0x0000000000000558                GPC_DriverIRQHandler
                0x0000000000000558                GPIO2_Combined_0_15_DriverIRQHandler
                0x0000000000000558                GPT3_DriverIRQHandler
                0x0000000000000558                CAN_FD2_DriverIRQHandler
                0x0000000000000558                CCM_IRQ2_DriverIRQHandler
                0x0000000000000558                PCIE_CTRL1_0_DriverIRQHandler
                0x0000000000000558                LCDIF2_DriverIRQHandler
                0x0000000000000558                WDOG2_DriverIRQHandler
                0x0000000000000558                ANAMIX_DriverIRQHandler
                0x0000000000000558                MECC_S_ERR_DriverIRQHandler
                0x0000000000000558                USB2_DriverIRQHandler
                0x0000000000000558                GPIO4_Combined_0_15_DriverIRQHandler
                0x0000000000000558                GPIO4_Combined_16_31_DriverIRQHandler
                0x0000000000000558                ISP1_DriverIRQHandler
                0x0000000000000558                GPIO5_Combined_16_31_DriverIRQHandler
                0x0000000000000558                PCIE_CTRL1_ERR_DriverIRQHandler
                0x0000000000000558                ASRC_DriverIRQHandler
                0x0000000000000558                CAN_FD2_ERROR_DriverIRQHandler
                0x0000000000000558                BusFault_Handler
                0x0000000000000558                GPU3D_DriverIRQHandler
                0x0000000000000558                PDM_HWVAD_ERROR_DriverIRQHandler
                0x0000000000000558                PCIE_CTRL1_DriverIRQHandler
                0x0000000000000558                CCM_IRQ1_DriverIRQHandler
                0x0000000000000558                CPU_CTI_Trigger_DriverIRQHandler
                0x0000000000000558                PDM_HWVAD_EVENT_DriverIRQHandler
                0x0000000000000558                MU1_M7_DriverIRQHandler
                0x0000000000000558                MU2_AUDIO_DriverIRQHandler
                0x0000000000000558                PWM3_DriverIRQHandler
                0x0000000000000558                AUDIO_XCVR0_DriverIRQHandler
                0x0000000000000558                GPIO1_INT6_DriverIRQHandler
                0x0000000000000558                GPIO1_INT1_DriverIRQHandler
                0x0000000000000558                ISI_CH1_DriverIRQHandler
                0x0000000000000558                SRC_Combined_DriverIRQHandler
                0x0000000000000558                MU1_A53_DriverIRQHandler
                0x000000000000055c                NMI_Handler
                0x0000000000000560                HardFault_Handler
                0x0000000000000564                SVC_Handler
                0x0000000000000568                PendSV_Handler
                0x000000000000056c                SysTick_Handler
                0x0000000000000570                Reserved16_IRQHandler
                0x0000000000000574                DAP_IRQHandler
                0x0000000000000578                SDMA1_IRQHandler
                0x000000000000057c                GPU3D_IRQHandler
                0x0000000000000580                SNVS_IRQHandler
                0x0000000000000584                LCDIF1_IRQHandler
                0x0000000000000588                LCDIF2_IRQHandler
                0x000000000000058c                VPU_G1_IRQHandler
                0x0000000000000590                VPU_G2_IRQHandler
                0x0000000000000594                QOS_IRQHandler
                0x0000000000000598                WDOG3_IRQHandler
                0x000000000000059c                HS_CP1_IRQHandler
                0x00000000000005a0                APBHDMA_IRQHandler
                0x00000000000005a4                ML_IRQHandler
                0x00000000000005a8                BCH_IRQHandler
                0x00000000000005ac                GPMI_IRQHandler
                0x00000000000005b0                ISI_IRQHandler
                0x00000000000005b4                MIPI_CSI1_IRQHandler
                0x00000000000005b8                MIPI_DSI_IRQHandler
                0x00000000000005bc                SNVS_Consolidated_IRQHandler
                0x00000000000005c0                SNVS_Security_IRQHandler
                0x00000000000005c4                CSU_IRQHandler
                0x00000000000005c8                USDHC1_IRQHandler
                0x00000000000005cc                USDHC2_IRQHandler
                0x00000000000005d0                USDHC3_IRQHandler
                0x00000000000005d4                GPU2D_IRQHandler
                0x00000000000005d8                UART1_IRQHandler
                0x00000000000005dc                UART2_IRQHandler
                0x00000000000005e0                UART3_IRQHandler
                0x00000000000005e4                UART4_IRQHandler
                0x00000000000005e8                VPU_IRQHandler
                0x00000000000005ec                ECSPI1_IRQHandler
                0x00000000000005f0                ECSPI2_IRQHandler
                0x00000000000005f4                ECSPI3_IRQHandler
                0x00000000000005f8                SDMA3_IRQHandler
                0x00000000000005fc                I2C1_IRQHandler
                0x0000000000000600                I2C2_IRQHandler
                0x0000000000000604                I2C3_IRQHandler
                0x0000000000000608                I2C4_IRQHandler
                0x000000000000060c                RDC_IRQHandler
                0x0000000000000610                USB1_IRQHandler
                0x0000000000000614                USB2_IRQHandler
                0x0000000000000618                ISI_CH1_IRQHandler
                0x000000000000061c                HDMI_TX_IRQHandler
                0x0000000000000620                PDM_HWVAD_EVENT_IRQHandler
                0x0000000000000624                PDM_HWVAD_ERROR_IRQHandler
                0x0000000000000628                GPT6_IRQHandler
                0x000000000000062c                SCTR_IRQ0_IRQHandler
                0x0000000000000630                SCTR_IRQ1_IRQHandler
                0x0000000000000634                ANAMIX_IRQHandler
                0x0000000000000638                I2S3_IRQHandler
                0x000000000000063c                GPT5_IRQHandler
                0x0000000000000640                GPT4_IRQHandler
                0x0000000000000644                GPT3_IRQHandler
                0x0000000000000648                GPT2_IRQHandler
                0x000000000000064c                GPT1_IRQHandler
                0x0000000000000650                GPIO1_INT7_IRQHandler
                0x0000000000000654                GPIO1_INT6_IRQHandler
                0x0000000000000658                GPIO1_INT5_IRQHandler
                0x000000000000065c                GPIO1_INT4_IRQHandler
                0x0000000000000660                GPIO1_INT3_IRQHandler
                0x0000000000000664                GPIO1_INT2_IRQHandler
                0x0000000000000668                GPIO1_INT1_IRQHandler
                0x000000000000066c                GPIO1_INT0_IRQHandler
                0x0000000000000670                GPIO1_Combined_0_15_IRQHandler
                0x0000000000000674                GPIO1_Combined_16_31_IRQHandler
                0x0000000000000678                GPIO2_Combined_0_15_IRQHandler
                0x000000000000067c                GPIO2_Combined_16_31_IRQHandler
                0x0000000000000680                GPIO3_Combined_0_15_IRQHandler
                0x0000000000000684                GPIO3_Combined_16_31_IRQHandler
                0x0000000000000688                GPIO4_Combined_0_15_IRQHandler
                0x000000000000068c                GPIO4_Combined_16_31_IRQHandler
                0x0000000000000690                GPIO5_Combined_0_15_IRQHandler
                0x0000000000000694                GPIO5_Combined_16_31_IRQHandler
                0x0000000000000698                ISP1_IRQHandler
                0x000000000000069c                ISP2_IRQHandler
                0x00000000000006a0                I2C5_IRQHandler
                0x00000000000006a4                I2C6_IRQHandler
                0x00000000000006a8                WDOG1_IRQHandler
                0x00000000000006ac                WDOG2_IRQHandler
                0x00000000000006b0                MIPI_CSI2_IRQHandler
                0x00000000000006b4                PWM1_IRQHandler
                0x00000000000006b8                PWM2_IRQHandler
                0x00000000000006bc                PWM3_IRQHandler
                0x00000000000006c0                PWM4_IRQHandler
                0x00000000000006c4                CCM_IRQ1_IRQHandler
                0x00000000000006c8                CCM_IRQ2_IRQHandler
                0x00000000000006cc                GPC_IRQHandler
                0x00000000000006d0                MU1_A53_IRQHandler
                0x00000000000006d4                SRC_IRQHandler
                0x00000000000006d8                I2S56_IRQHandler
                0x00000000000006dc                RTIC_IRQHandler
                0x00000000000006e0                CPU_PerformanceUnit_IRQHandler
                0x00000000000006e4                CPU_CTI_Trigger_IRQHandler
                0x00000000000006e8                SRC_Combined_IRQHandler
                0x00000000000006ec                I2S1_IRQHandler
                0x00000000000006f0                I2S2_IRQHandler
                0x00000000000006f4                MU1_M7_IRQHandler
                0x00000000000006f8                DDR_PerformanceMonitor_IRQHandler
                0x00000000000006fc                DDR_IRQHandler
                0x0000000000000700                DEWARP_IRQHandler
                0x0000000000000704                CPU_Error_AXI_IRQHandler
                0x0000000000000708                CPU_Error_L2RAM_IRQHandler
                0x000000000000070c                SDMA2_IRQHandler
                0x0000000000000710                SJC_IRQHandler
                0x0000000000000714                CAAM_IRQ0_IRQHandler
                0x0000000000000718                CAAM_IRQ1_IRQHandler
                0x000000000000071c                FlexSPI_IRQHandler
                0x0000000000000720                TZASC_IRQHandler
                0x0000000000000724                PDM_EVENT_IRQHandler
                0x0000000000000728                PDM_ERROR_IRQHandler
                0x000000000000072c                I2S7_IRQHandler
                0x0000000000000730                PERFMON1_IRQHandler
                0x0000000000000734                PERFMON2_IRQHandler
                0x0000000000000738                CAAM_IRQ2_IRQHandler
                0x000000000000073c                CAAM_ERROR_IRQHandler
                0x0000000000000740                HS_CP0_IRQHandler
                0x0000000000000744                CM7_CTI_IRQHandler
                0x0000000000000748                ENET1_MAC0_Rx_Tx_Done0_IRQHandler
                0x000000000000074c                ENET1_MAC0_Rx_Tx_Done1_IRQHandler
                0x0000000000000750                ENET1_IRQHandler
                0x0000000000000754                ENET1_1588_IRQHandler
                0x0000000000000758                ASRC_IRQHandler
                0x000000000000075c                PCIE_CTRL1_0_IRQHandler
                0x0000000000000760                PCIE_CTRL1_1_IRQHandler
                0x0000000000000764                PCIE_CTRL1_2_IRQHandler
                0x0000000000000768                PCIE_CTRL1_3_IRQHandler
                0x000000000000076c                PCIE_EDMA_IRQHandler
                0x0000000000000770                AUDIO_XCVR0_IRQHandler
                0x0000000000000774                AUDIO_XCVR1_IRQHandler
                0x0000000000000778                AUD2HTX_IRQHandler
                0x000000000000077c                EDMA1_ERR_IRQHandler
                0x0000000000000780                EDMA1_0_15_IRQHandler
                0x0000000000000784                EDMA1_16_31_IRQHandler
                0x0000000000000788                ENET_QOS_PMT_IRQHandler
                0x000000000000078c                ENET_QOS_IRQHandler
                0x0000000000000790                MU2_A53_IRQHandler
                0x0000000000000794                MU2_AUDIO_IRQHandler
                0x0000000000000798                MU3_M7_IRQHandler
                0x000000000000079c                MU3_AUDIO_IRQHandler
                0x00000000000007a0                PCIE_CTRL1_IRQHandler
                0x00000000000007a4                PCIE_CTRL1_ERR_IRQHandler
                0x00000000000007a8                CAN_FD1_IRQHandler
                0x00000000000007ac                CAN_FD1_ERROR_IRQHandler
                0x00000000000007b0                CAN_FD2_IRQHandler
                0x00000000000007b4                CAN_FD2_ERROR_IRQHandler
                0x00000000000007b8                AUDIO_XCVR_IRQHandler
                0x00000000000007bc                DDR_ERR_IRQHandler
                0x00000000000007c0                USB1_WAKEUP_IRQHandler
                0x00000000000007c4                USB2_WAKEUP_IRQHandler
                0x00000000000007c8                MECC_IRQHandler
                0x00000000000007cc                MECC_ERR_IRQHandler
                0x00000000000007d0                MECC_S_IRQHandler
                0x00000000000007d4                MECC_S_ERR_IRQHandler
 .text          0x0000000000000a54       0x10 /work1/zyj/OK8MP/OK8MP-linux-sdk/gcc-arm-none-eabi-10-2020-q4-major/bin/../lib/gcc/arm-none-eabi/10.2.1/../../../../arm-none-eabi/lib/thumb/v7e-m+fp/hard/libc_nano.a(lib_a-strlen.o)
                0x0000000000000a54                strlen
 .text          0x0000000000000a64       0x30 /work1/zyj/OK8MP/OK8MP-linux-sdk/gcc-arm-none-eabi-10-2020-q4-major/bin/../lib/gcc/arm-none-eabi/10.2.1/thumb/v7e-m+fp/hard/libgcc.a(_aeabi_uldivmod.o)
                0x0000000000000a64                __aeabi_uldivmod
 .text          0x0000000000000a94      0x2d0 /work1/zyj/OK8MP/OK8MP-linux-sdk/gcc-arm-none-eabi-10-2020-q4-major/bin/../lib/gcc/arm-none-eabi/10.2.1/thumb/v7e-m+fp/hard/libgcc.a(_udivmoddi4.o)
                0x0000000000000a94                __udivmoddi4
 .text          0x0000000000000d64        0x4 /work1/zyj/OK8MP/OK8MP-linux-sdk/gcc-arm-none-eabi-10-2020-q4-major/bin/../lib/gcc/arm-none-eabi/10.2.1/thumb/v7e-m+fp/hard/libgcc.a(_dvmd_tls.o)
                0x0000000000000d64                __aeabi_ldiv0
                0x0000000000000d64                __aeabi_idiv0
 *(.text*)
 .text.startup.main
                0x0000000000000d68      0x18c CMakeFiles/ii2c_polling_b2b_transfer_master.elf.dir/work1/zyj/OK8MP/OK8MP-linux-sdk/OK8MP-FreeRTOS/boards/evkmimx8mp/driver_examples/i2c/polling_b2b_transfer/master/i2c_polling_b2b_transfer_master.c.obj
                0x0000000000000d68                main
 .text.BOARD_InitPins
                0x0000000000000ef4       0x44 CMakeFiles/ii2c_polling_b2b_transfer_master.elf.dir/work1/zyj/OK8MP/OK8MP-linux-sdk/OK8MP-FreeRTOS/boards/evkmimx8mp/driver_examples/i2c/polling_b2b_transfer/master/pin_mux.c.obj
                0x0000000000000ef4                BOARD_InitPins
 .text.BOARD_InitDebugConsole
                0x0000000000000f38       0x44 CMakeFiles/ii2c_polling_b2b_transfer_master.elf.dir/work1/zyj/OK8MP/OK8MP-linux-sdk/OK8MP-FreeRTOS/boards/evkmimx8mp/driver_examples/i2c/polling_b2b_transfer/master/board.c.obj
                0x0000000000000f38                BOARD_InitDebugConsole
 .text.BOARD_InitMemory
                0x0000000000000f7c      0x1d4 CMakeFiles/ii2c_polling_b2b_transfer_master.elf.dir/work1/zyj/OK8MP/OK8MP-linux-sdk/OK8MP-FreeRTOS/boards/evkmimx8mp/driver_examples/i2c/polling_b2b_transfer/master/board.c.obj
                0x0000000000000f7c                BOARD_InitMemory
 .text.BOARD_RdcInit
                0x0000000000001150       0x64 CMakeFiles/ii2c_polling_b2b_transfer_master.elf.dir/work1/zyj/OK8MP/OK8MP-linux-sdk/OK8MP-FreeRTOS/boards/evkmimx8mp/driver_examples/i2c/polling_b2b_transfer/master/board.c.obj
                0x0000000000001150                BOARD_RdcInit
 .text.BOARD_BootClockRUN
                0x00000000000011b4      0x164 CMakeFiles/ii2c_polling_b2b_transfer_master.elf.dir/work1/zyj/OK8MP/OK8MP-linux-sdk/OK8MP-FreeRTOS/boards/evkmimx8mp/driver_examples/i2c/polling_b2b_transfer/master/clock_config.c.obj
                0x00000000000011b4                BOARD_BootClockRUN
 .text.DbgConsole_Putchar
                0x0000000000001318       0x24 CMakeFiles/ii2c_polling_b2b_transfer_master.elf.dir/work1/zyj/OK8MP/OK8MP-linux-sdk/OK8MP-FreeRTOS/devices/MIMX8ML8/utilities/debug_console_lite/fsl_debug_console.c.obj
                0x0000000000001318                DbgConsole_Putchar
 .text.DbgConsole_Init
                0x000000000000133c       0x48 CMakeFiles/ii2c_polling_b2b_transfer_master.elf.dir/work1/zyj/OK8MP/OK8MP-linux-sdk/OK8MP-FreeRTOS/devices/MIMX8ML8/utilities/debug_console_lite/fsl_debug_console.c.obj
                0x000000000000133c                DbgConsole_Init
 .text.DbgConsole_Printf
                0x0000000000001384      0x28c CMakeFiles/ii2c_polling_b2b_transfer_master.elf.dir/work1/zyj/OK8MP/OK8MP-linux-sdk/OK8MP-FreeRTOS/devices/MIMX8ML8/utilities/debug_console_lite/fsl_debug_console.c.obj
                0x0000000000001384                DbgConsole_Printf
 .text.CLOCK_GetPllRefClkFreq
                0x0000000000001610       0x20 CMakeFiles/ii2c_polling_b2b_transfer_master.elf.dir/work1/zyj/OK8MP/OK8MP-linux-sdk/OK8MP-FreeRTOS/devices/MIMX8ML8/drivers/fsl_clock.c.obj
                0x0000000000001610                CLOCK_GetPllRefClkFreq
 .text.CLOCK_InitFracPll
                0x0000000000001630       0x54 CMakeFiles/ii2c_polling_b2b_transfer_master.elf.dir/work1/zyj/OK8MP/OK8MP-linux-sdk/OK8MP-FreeRTOS/devices/MIMX8ML8/drivers/fsl_clock.c.obj
                0x0000000000001630                CLOCK_InitFracPll
 .text.CLOCK_InitAudioPll1
                0x0000000000001684       0x28 CMakeFiles/ii2c_polling_b2b_transfer_master.elf.dir/work1/zyj/OK8MP/OK8MP-linux-sdk/OK8MP-FreeRTOS/devices/MIMX8ML8/drivers/fsl_clock.c.obj
                0x0000000000001684                CLOCK_InitAudioPll1
 .text.CLOCK_InitAudioPll2
                0x00000000000016ac       0x2c CMakeFiles/ii2c_polling_b2b_transfer_master.elf.dir/work1/zyj/OK8MP/OK8MP-linux-sdk/OK8MP-FreeRTOS/devices/MIMX8ML8/drivers/fsl_clock.c.obj
                0x00000000000016ac                CLOCK_InitAudioPll2
 .text.CLOCK_GetFracPllFreq
                0x00000000000016d8       0x40 CMakeFiles/ii2c_polling_b2b_transfer_master.elf.dir/work1/zyj/OK8MP/OK8MP-linux-sdk/OK8MP-FreeRTOS/devices/MIMX8ML8/drivers/fsl_clock.c.obj
                0x00000000000016d8                CLOCK_GetFracPllFreq
 .text.CLOCK_GetIntegerPllFreq
                0x0000000000001718       0x36 CMakeFiles/ii2c_polling_b2b_transfer_master.elf.dir/work1/zyj/OK8MP/OK8MP-linux-sdk/OK8MP-FreeRTOS/devices/MIMX8ML8/drivers/fsl_clock.c.obj
                0x0000000000001718                CLOCK_GetIntegerPllFreq
 *fill*         0x000000000000174e        0x2 
 .text.CLOCK_GetPllFreq
                0x0000000000001750       0xb4 CMakeFiles/ii2c_polling_b2b_transfer_master.elf.dir/work1/zyj/OK8MP/OK8MP-linux-sdk/OK8MP-FreeRTOS/devices/MIMX8ML8/drivers/fsl_clock.c.obj
                0x0000000000001750                CLOCK_GetPllFreq
 .text.CLOCK_SetRootDivider
                0x0000000000001804       0x20 CMakeFiles/ii2c_polling_b2b_transfer_master.elf.dir/work1/zyj/OK8MP/OK8MP-linux-sdk/OK8MP-FreeRTOS/devices/MIMX8ML8/drivers/fsl_clock.c.obj
                0x0000000000001804                CLOCK_SetRootDivider
 .text.CLOCK_EnableClock
                0x0000000000001824       0x50 CMakeFiles/ii2c_polling_b2b_transfer_master.elf.dir/work1/zyj/OK8MP/OK8MP-linux-sdk/OK8MP-FreeRTOS/devices/MIMX8ML8/drivers/fsl_clock.c.obj
                0x0000000000001824                CLOCK_EnableClock
 .text.I2C_GetInstance
                0x0000000000001874       0x1c CMakeFiles/ii2c_polling_b2b_transfer_master.elf.dir/work1/zyj/OK8MP/OK8MP-linux-sdk/OK8MP-FreeRTOS/devices/MIMX8ML8/drivers/fsl_i2c.c.obj
 .text.I2C_TransferCommonIRQHandler
                0x0000000000001890       0x34 CMakeFiles/ii2c_polling_b2b_transfer_master.elf.dir/work1/zyj/OK8MP/OK8MP-linux-sdk/OK8MP-FreeRTOS/devices/MIMX8ML8/drivers/fsl_i2c.c.obj
 .text.I2C_CheckAndClearError
                0x00000000000018c4       0x3a CMakeFiles/ii2c_polling_b2b_transfer_master.elf.dir/work1/zyj/OK8MP/OK8MP-linux-sdk/OK8MP-FreeRTOS/devices/MIMX8ML8/drivers/fsl_i2c.c.obj
 *fill*         0x00000000000018fe        0x2 
 .text.I2C_MasterGetDefaultConfig
                0x0000000000001900       0x1c CMakeFiles/ii2c_polling_b2b_transfer_master.elf.dir/work1/zyj/OK8MP/OK8MP-linux-sdk/OK8MP-FreeRTOS/devices/MIMX8ML8/drivers/fsl_i2c.c.obj
                0x0000000000001900                I2C_MasterGetDefaultConfig
 .text.I2C_MasterSetBaudRate
                0x000000000000191c       0x40 CMakeFiles/ii2c_polling_b2b_transfer_master.elf.dir/work1/zyj/OK8MP/OK8MP-linux-sdk/OK8MP-FreeRTOS/devices/MIMX8ML8/drivers/fsl_i2c.c.obj
                0x000000000000191c                I2C_MasterSetBaudRate
 .text.I2C_MasterInit
                0x000000000000195c       0x50 CMakeFiles/ii2c_polling_b2b_transfer_master.elf.dir/work1/zyj/OK8MP/OK8MP-linux-sdk/OK8MP-FreeRTOS/devices/MIMX8ML8/drivers/fsl_i2c.c.obj
                0x000000000000195c                I2C_MasterInit
 .text.I2C_MasterStart
                0x00000000000019ac       0x2a CMakeFiles/ii2c_polling_b2b_transfer_master.elf.dir/work1/zyj/OK8MP/OK8MP-linux-sdk/OK8MP-FreeRTOS/devices/MIMX8ML8/drivers/fsl_i2c.c.obj
                0x00000000000019ac                I2C_MasterStart
 .text.I2C_MasterRepeatedStart
                0x00000000000019d6       0x2c CMakeFiles/ii2c_polling_b2b_transfer_master.elf.dir/work1/zyj/OK8MP/OK8MP-linux-sdk/OK8MP-FreeRTOS/devices/MIMX8ML8/drivers/fsl_i2c.c.obj
                0x00000000000019d6                I2C_MasterRepeatedStart
 .text.I2C_MasterStop
                0x0000000000001a02       0x18 CMakeFiles/ii2c_polling_b2b_transfer_master.elf.dir/work1/zyj/OK8MP/OK8MP-linux-sdk/OK8MP-FreeRTOS/devices/MIMX8ML8/drivers/fsl_i2c.c.obj
                0x0000000000001a02                I2C_MasterStop
 .text.I2C_MasterWriteBlocking
                0x0000000000001a1a       0x8a CMakeFiles/ii2c_polling_b2b_transfer_master.elf.dir/work1/zyj/OK8MP/OK8MP-linux-sdk/OK8MP-FreeRTOS/devices/MIMX8ML8/drivers/fsl_i2c.c.obj
                0x0000000000001a1a                I2C_MasterWriteBlocking
 .text.I2C_MasterReadBlocking
                0x0000000000001aa4       0xa2 CMakeFiles/ii2c_polling_b2b_transfer_master.elf.dir/work1/zyj/OK8MP/OK8MP-linux-sdk/OK8MP-FreeRTOS/devices/MIMX8ML8/drivers/fsl_i2c.c.obj
                0x0000000000001aa4                I2C_MasterReadBlocking
 .text.I2C_MasterTransferBlocking
                0x0000000000001b46      0x146 CMakeFiles/ii2c_polling_b2b_transfer_master.elf.dir/work1/zyj/OK8MP/OK8MP-linux-sdk/OK8MP-FreeRTOS/devices/MIMX8ML8/drivers/fsl_i2c.c.obj
                0x0000000000001b46                I2C_MasterTransferBlocking
 .text.I2C1_DriverIRQHandler
                0x0000000000001c8c       0x14 CMakeFiles/ii2c_polling_b2b_transfer_master.elf.dir/work1/zyj/OK8MP/OK8MP-linux-sdk/OK8MP-FreeRTOS/devices/MIMX8ML8/drivers/fsl_i2c.c.obj
                0x0000000000001c8c                I2C1_DriverIRQHandler
 .text.I2C2_DriverIRQHandler
                0x0000000000001ca0       0x14 CMakeFiles/ii2c_polling_b2b_transfer_master.elf.dir/work1/zyj/OK8MP/OK8MP-linux-sdk/OK8MP-FreeRTOS/devices/MIMX8ML8/drivers/fsl_i2c.c.obj
                0x0000000000001ca0                I2C2_DriverIRQHandler
 .text.I2C3_DriverIRQHandler
                0x0000000000001cb4       0x14 CMakeFiles/ii2c_polling_b2b_transfer_master.elf.dir/work1/zyj/OK8MP/OK8MP-linux-sdk/OK8MP-FreeRTOS/devices/MIMX8ML8/drivers/fsl_i2c.c.obj
                0x0000000000001cb4                I2C3_DriverIRQHandler
 .text.I2C4_DriverIRQHandler
                0x0000000000001cc8       0x14 CMakeFiles/ii2c_polling_b2b_transfer_master.elf.dir/work1/zyj/OK8MP/OK8MP-linux-sdk/OK8MP-FreeRTOS/devices/MIMX8ML8/drivers/fsl_i2c.c.obj
                0x0000000000001cc8                I2C4_DriverIRQHandler
 .text.I2C5_DriverIRQHandler
                0x0000000000001cdc       0x14 CMakeFiles/ii2c_polling_b2b_transfer_master.elf.dir/work1/zyj/OK8MP/OK8MP-linux-sdk/OK8MP-FreeRTOS/devices/MIMX8ML8/drivers/fsl_i2c.c.obj
                0x0000000000001cdc                I2C5_DriverIRQHandler
 .text.I2C6_DriverIRQHandler
                0x0000000000001cf0       0x14 CMakeFiles/ii2c_polling_b2b_transfer_master.elf.dir/work1/zyj/OK8MP/OK8MP-linux-sdk/OK8MP-FreeRTOS/devices/MIMX8ML8/drivers/fsl_i2c.c.obj
                0x0000000000001cf0                I2C6_DriverIRQHandler
 .text.RDC_SetMasterDomainAssignment
                0x0000000000001d04        0xa CMakeFiles/ii2c_polling_b2b_transfer_master.elf.dir/work1/zyj/OK8MP/OK8MP-linux-sdk/OK8MP-FreeRTOS/devices/MIMX8ML8/drivers/fsl_rdc.c.obj
                0x0000000000001d04                RDC_SetMasterDomainAssignment
 *fill*         0x0000000000001d0e        0x2 
 .text.AUDIOMIX_InitAudioPll
                0x0000000000001d10       0x64 CMakeFiles/ii2c_polling_b2b_transfer_master.elf.dir/work1/zyj/OK8MP/OK8MP-linux-sdk/OK8MP-FreeRTOS/devices/MIMX8ML8/drivers/fsl_audiomix.c.obj
                0x0000000000001d10                AUDIOMIX_InitAudioPll
 .text.HAL_UartInit
                0x0000000000001d74       0x6c CMakeFiles/ii2c_polling_b2b_transfer_master.elf.dir/work1/zyj/OK8MP/OK8MP-linux-sdk/OK8MP-FreeRTOS/components/uart/fsl_adapter_iuart.c.obj
                0x0000000000001d74                HAL_UartInit
 .text.HAL_UartReceiveBlocking
                0x0000000000001de0       0x20 CMakeFiles/ii2c_polling_b2b_transfer_master.elf.dir/work1/zyj/OK8MP/OK8MP-linux-sdk/OK8MP-FreeRTOS/components/uart/fsl_adapter_iuart.c.obj
                0x0000000000001de0                HAL_UartReceiveBlocking
 .text.HAL_UartSendBlocking
                0x0000000000001e00       0x18 CMakeFiles/ii2c_polling_b2b_transfer_master.elf.dir/work1/zyj/OK8MP/OK8MP-linux-sdk/OK8MP-FreeRTOS/components/uart/fsl_adapter_iuart.c.obj
                0x0000000000001e00                HAL_UartSendBlocking
 .text.UART_GetInstance
                0x0000000000001e18       0x38 CMakeFiles/ii2c_polling_b2b_transfer_master.elf.dir/work1/zyj/OK8MP/OK8MP-linux-sdk/OK8MP-FreeRTOS/devices/MIMX8ML8/drivers/fsl_uart.c.obj
                0x0000000000001e18                UART_GetInstance
 .text.UART_GetDefaultConfig
                0x0000000000001e50       0x28 CMakeFiles/ii2c_polling_b2b_transfer_master.elf.dir/work1/zyj/OK8MP/OK8MP-linux-sdk/OK8MP-FreeRTOS/devices/MIMX8ML8/drivers/fsl_uart.c.obj
                0x0000000000001e50                UART_GetDefaultConfig
 .text.UART_SetBaudRate
                0x0000000000001e78      0x13c CMakeFiles/ii2c_polling_b2b_transfer_master.elf.dir/work1/zyj/OK8MP/OK8MP-linux-sdk/OK8MP-FreeRTOS/devices/MIMX8ML8/drivers/fsl_uart.c.obj
                0x0000000000001e78                UART_SetBaudRate
 .text.UART_Init
                0x0000000000001fb4      0x154 CMakeFiles/ii2c_polling_b2b_transfer_master.elf.dir/work1/zyj/OK8MP/OK8MP-linux-sdk/OK8MP-FreeRTOS/devices/MIMX8ML8/drivers/fsl_uart.c.obj
                0x0000000000001fb4                UART_Init
 .text.UART_WriteBlocking
                0x0000000000002108       0x22 CMakeFiles/ii2c_polling_b2b_transfer_master.elf.dir/work1/zyj/OK8MP/OK8MP-linux-sdk/OK8MP-FreeRTOS/devices/MIMX8ML8/drivers/fsl_uart.c.obj
                0x0000000000002108                UART_WriteBlocking
 .text.UART_ReadBlocking
                0x000000000000212a       0x66 CMakeFiles/ii2c_polling_b2b_transfer_master.elf.dir/work1/zyj/OK8MP/OK8MP-linux-sdk/OK8MP-FreeRTOS/devices/MIMX8ML8/drivers/fsl_uart.c.obj
                0x000000000000212a                UART_ReadBlocking
 .text.UART1_DriverIRQHandler
                0x0000000000002190       0x20 CMakeFiles/ii2c_polling_b2b_transfer_master.elf.dir/work1/zyj/OK8MP/OK8MP-linux-sdk/OK8MP-FreeRTOS/devices/MIMX8ML8/drivers/fsl_uart.c.obj
                0x0000000000002190                UART1_DriverIRQHandler
 .text.UART2_DriverIRQHandler
                0x00000000000021b0       0x20 CMakeFiles/ii2c_polling_b2b_transfer_master.elf.dir/work1/zyj/OK8MP/OK8MP-linux-sdk/OK8MP-FreeRTOS/devices/MIMX8ML8/drivers/fsl_uart.c.obj
                0x00000000000021b0                UART2_DriverIRQHandler
 .text.UART3_DriverIRQHandler
                0x00000000000021d0       0x20 CMakeFiles/ii2c_polling_b2b_transfer_master.elf.dir/work1/zyj/OK8MP/OK8MP-linux-sdk/OK8MP-FreeRTOS/devices/MIMX8ML8/drivers/fsl_uart.c.obj
                0x00000000000021d0                UART3_DriverIRQHandler
 .text.UART4_DriverIRQHandler
                0x00000000000021f0       0x20 CMakeFiles/ii2c_polling_b2b_transfer_master.elf.dir/work1/zyj/OK8MP/OK8MP-linux-sdk/OK8MP-FreeRTOS/devices/MIMX8ML8/drivers/fsl_uart.c.obj
                0x00000000000021f0                UART4_DriverIRQHandler
 .text.GetFracPllFreq
                0x0000000000002210       0x44 CMakeFiles/ii2c_polling_b2b_transfer_master.elf.dir/work1/zyj/OK8MP/OK8MP-linux-sdk/OK8MP-FreeRTOS/devices/MIMX8ML8/system_MIMX8ML8_cm7.c.obj
                0x0000000000002210                GetFracPllFreq
 .text.GetIntegerPllFreq
                0x0000000000002254       0x44 CMakeFiles/ii2c_polling_b2b_transfer_master.elf.dir/work1/zyj/OK8MP/OK8MP-linux-sdk/OK8MP-FreeRTOS/devices/MIMX8ML8/system_MIMX8ML8_cm7.c.obj
                0x0000000000002254                GetIntegerPllFreq
 .text.SystemCoreClockUpdate
                0x0000000000002298       0x9c CMakeFiles/ii2c_polling_b2b_transfer_master.elf.dir/work1/zyj/OK8MP/OK8MP-linux-sdk/OK8MP-FreeRTOS/devices/MIMX8ML8/system_MIMX8ML8_cm7.c.obj
                0x0000000000002298                SystemCoreClockUpdate
 .text.SystemInitHook
                0x0000000000002334        0x2 CMakeFiles/ii2c_polling_b2b_transfer_master.elf.dir/work1/zyj/OK8MP/OK8MP-linux-sdk/OK8MP-FreeRTOS/devices/MIMX8ML8/system_MIMX8ML8_cm7.c.obj
                0x0000000000002334                SystemInitHook
 *fill*         0x0000000000002336        0x2 
 .text.SystemInit
                0x0000000000002338       0x1c CMakeFiles/ii2c_polling_b2b_transfer_master.elf.dir/work1/zyj/OK8MP/OK8MP-linux-sdk/OK8MP-FreeRTOS/devices/MIMX8ML8/system_MIMX8ML8_cm7.c.obj
                0x0000000000002338                SystemInit
 .text.exit     0x0000000000002354       0x28 /work1/zyj/OK8MP/OK8MP-linux-sdk/gcc-arm-none-eabi-10-2020-q4-major/bin/../lib/gcc/arm-none-eabi/10.2.1/../../../../arm-none-eabi/lib/thumb/v7e-m+fp/hard/libc_nano.a(lib_a-exit.o)
                0x0000000000002354                exit
 .text.__libc_init_array
                0x000000000000237c       0x48 /work1/zyj/OK8MP/OK8MP-linux-sdk/gcc-arm-none-eabi-10-2020-q4-major/bin/../lib/gcc/arm-none-eabi/10.2.1/../../../../arm-none-eabi/lib/thumb/v7e-m+fp/hard/libc_nano.a(lib_a-init.o)
                0x000000000000237c                __libc_init_array
 .text.memset   0x00000000000023c4       0x10 /work1/zyj/OK8MP/OK8MP-linux-sdk/gcc-arm-none-eabi-10-2020-q4-major/bin/../lib/gcc/arm-none-eabi/10.2.1/../../../../arm-none-eabi/lib/thumb/v7e-m+fp/hard/libc_nano.a(lib_a-memset.o)
                0x00000000000023c4                memset
 .text._exit    0x00000000000023d4        0x4 /work1/zyj/OK8MP/OK8MP-linux-sdk/gcc-arm-none-eabi-10-2020-q4-major/bin/../lib/gcc/arm-none-eabi/10.2.1/../../../../arm-none-eabi/lib/thumb/v7e-m+fp/hard/libnosys.a(_exit.o)
                0x00000000000023d4                _exit
 *(.rodata)
 *(.rodata*)
 .rodata.main.str1.1
                0x00000000000023d8       0xbb CMakeFiles/ii2c_polling_b2b_transfer_master.elf.dir/work1/zyj/OK8MP/OK8MP-linux-sdk/OK8MP-FreeRTOS/boards/evkmimx8mp/driver_examples/i2c/polling_b2b_transfer/master/i2c_polling_b2b_transfer_master.c.obj
                                         0xbe (size before relaxing)
 *fill*         0x0000000000002493        0x1 
 .rodata.g_audioPll1Config
                0x0000000000002494       0x10 CMakeFiles/ii2c_polling_b2b_transfer_master.elf.dir/work1/zyj/OK8MP/OK8MP-linux-sdk/OK8MP-FreeRTOS/boards/evkmimx8mp/driver_examples/i2c/polling_b2b_transfer/master/clock_config.c.obj
                0x0000000000002494                g_audioPll1Config
 .rodata.g_audioPll2Config
                0x00000000000024a4       0x10 CMakeFiles/ii2c_polling_b2b_transfer_master.elf.dir/work1/zyj/OK8MP/OK8MP-linux-sdk/OK8MP-FreeRTOS/boards/evkmimx8mp/driver_examples/i2c/polling_b2b_transfer/master/clock_config.c.obj
                0x00000000000024a4                g_audioPll2Config
 .rodata.g_saiPLLConfig
                0x00000000000024b4       0x10 CMakeFiles/ii2c_polling_b2b_transfer_master.elf.dir/work1/zyj/OK8MP/OK8MP-linux-sdk/OK8MP-FreeRTOS/boards/evkmimx8mp/driver_examples/i2c/polling_b2b_transfer/master/clock_config.c.obj
                0x00000000000024b4                g_saiPLLConfig
 .rodata.s_i2cBases
                0x00000000000024c4       0x1c CMakeFiles/ii2c_polling_b2b_transfer_master.elf.dir/work1/zyj/OK8MP/OK8MP-linux-sdk/OK8MP-FreeRTOS/devices/MIMX8ML8/drivers/fsl_i2c.c.obj
 .rodata.s_i2cClocks
                0x00000000000024e0       0x1c CMakeFiles/ii2c_polling_b2b_transfer_master.elf.dir/work1/zyj/OK8MP/OK8MP-linux-sdk/OK8MP-FreeRTOS/devices/MIMX8ML8/drivers/fsl_i2c.c.obj
 .rodata.s_i2cDividerTable
                0x00000000000024fc       0x80 CMakeFiles/ii2c_polling_b2b_transfer_master.elf.dir/work1/zyj/OK8MP/OK8MP-linux-sdk/OK8MP-FreeRTOS/devices/MIMX8ML8/drivers/fsl_i2c.c.obj
 .rodata.s_UartAdapterBase
                0x000000000000257c       0x14 CMakeFiles/ii2c_polling_b2b_transfer_master.elf.dir/work1/zyj/OK8MP/OK8MP-linux-sdk/OK8MP-FreeRTOS/components/uart/fsl_adapter_iuart.c.obj
 .rodata.CSWTCH.36
                0x0000000000002590        0x6 CMakeFiles/ii2c_polling_b2b_transfer_master.elf.dir/work1/zyj/OK8MP/OK8MP-linux-sdk/OK8MP-FreeRTOS/devices/MIMX8ML8/drivers/fsl_uart.c.obj
 *fill*         0x0000000000002596        0x2 
 .rodata.s_uartClock
                0x0000000000002598       0x14 CMakeFiles/ii2c_polling_b2b_transfer_master.elf.dir/work1/zyj/OK8MP/OK8MP-linux-sdk/OK8MP-FreeRTOS/devices/MIMX8ML8/drivers/fsl_uart.c.obj
 .rodata._global_impure_ptr
                0x00000000000025ac        0x4 /work1/zyj/OK8MP/OK8MP-linux-sdk/gcc-arm-none-eabi-10-2020-q4-major/bin/../lib/gcc/arm-none-eabi/10.2.1/../../../../arm-none-eabi/lib/thumb/v7e-m+fp/hard/libc_nano.a(lib_a-impure.o)
                0x00000000000025ac                _global_impure_ptr
 *(.glue_7)
 .glue_7        0x00000000000025b0        0x0 linker stubs
 *(.glue_7t)
 .glue_7t       0x00000000000025b0        0x0 linker stubs
 *(.eh_frame)
 .eh_frame      0x00000000000025b0        0x0 /work1/zyj/OK8MP/OK8MP-linux-sdk/gcc-arm-none-eabi-10-2020-q4-major/bin/../lib/gcc/arm-none-eabi/10.2.1/thumb/v7e-m+fp/hard/crtbegin.o
 *(.init)
 .init          0x00000000000025b0        0x4 /work1/zyj/OK8MP/OK8MP-linux-sdk/gcc-arm-none-eabi-10-2020-q4-major/bin/../lib/gcc/arm-none-eabi/10.2.1/thumb/v7e-m+fp/hard/crti.o
                0x00000000000025b0                _init
 .init          0x00000000000025b4        0x8 /work1/zyj/OK8MP/OK8MP-linux-sdk/gcc-arm-none-eabi-10-2020-q4-major/bin/../lib/gcc/arm-none-eabi/10.2.1/thumb/v7e-m+fp/hard/crtn.o
 *(.fini)
 .fini          0x00000000000025bc        0x4 /work1/zyj/OK8MP/OK8MP-linux-sdk/gcc-arm-none-eabi-10-2020-q4-major/bin/../lib/gcc/arm-none-eabi/10.2.1/thumb/v7e-m+fp/hard/crti.o
                0x00000000000025bc                _fini
 .fini          0x00000000000025c0        0x8 /work1/zyj/OK8MP/OK8MP-linux-sdk/gcc-arm-none-eabi-10-2020-q4-major/bin/../lib/gcc/arm-none-eabi/10.2.1/thumb/v7e-m+fp/hard/crtn.o
                0x00000000000025c8                . = ALIGN (0x4)

.vfp11_veneer   0x00000000000025c8        0x0
 .vfp11_veneer  0x00000000000025c8        0x0 linker stubs

.v4_bx          0x00000000000025c8        0x0
 .v4_bx         0x00000000000025c8        0x0 linker stubs

.iplt           0x00000000000025c8        0x0
 .iplt          0x00000000000025c8        0x0 /work1/zyj/OK8MP/OK8MP-linux-sdk/gcc-arm-none-eabi-10-2020-q4-major/bin/../lib/gcc/arm-none-eabi/10.2.1/thumb/v7e-m+fp/hard/crtbegin.o

.ARM.extab
 *(.ARM.extab* .gnu.linkonce.armextab.*)

.ARM            0x00000000000025c8        0x8
                0x00000000000025c8                __exidx_start = .
 *(.ARM.exidx*)
 .ARM.exidx     0x00000000000025c8        0x8 /work1/zyj/OK8MP/OK8MP-linux-sdk/gcc-arm-none-eabi-10-2020-q4-major/bin/../lib/gcc/arm-none-eabi/10.2.1/../../../../arm-none-eabi/lib/thumb/v7e-m+fp/hard/crt0.o
                                         0x10 (size before relaxing)
 .ARM.exidx     0x00000000000025d0        0x0 /work1/zyj/OK8MP/OK8MP-linux-sdk/gcc-arm-none-eabi-10-2020-q4-major/bin/../lib/gcc/arm-none-eabi/10.2.1/thumb/v7e-m+fp/hard/libgcc.a(_udivmoddi4.o)
                                          0x8 (size before relaxing)
                0x00000000000025d0                __exidx_end = .

.rel.dyn        0x00000000000025d0        0x0
 .rel.iplt      0x00000000000025d0        0x0 /work1/zyj/OK8MP/OK8MP-linux-sdk/gcc-arm-none-eabi-10-2020-q4-major/bin/../lib/gcc/arm-none-eabi/10.2.1/thumb/v7e-m+fp/hard/crtbegin.o

.ctors          0x00000000000025d0        0x0
                0x00000000000025d0                __CTOR_LIST__ = .
 *crtbegin.o(.ctors)
 *crtbegin?.o(.ctors)
 *(EXCLUDE_FILE(*crtend.o *crtend?.o) .ctors)
 *(SORT_BY_NAME(.ctors.*))
 *(.ctors)
                0x00000000000025d0                __CTOR_END__ = .

.dtors          0x00000000000025d0        0x0
                0x00000000000025d0                __DTOR_LIST__ = .
 *crtbegin.o(.dtors)
 *crtbegin?.o(.dtors)
 *(EXCLUDE_FILE(*crtend.o *crtend?.o) .dtors)
 *(SORT_BY_NAME(.dtors.*))
 *(.dtors)
                0x00000000000025d0                __DTOR_END__ = .

.preinit_array  0x00000000000025d0        0x0
                0x00000000000025d0                PROVIDE (__preinit_array_start = .)
 *(.preinit_array*)
                0x00000000000025d0                PROVIDE (__preinit_array_end = .)

.init_array     0x00000000000025d0        0x4
                0x00000000000025d0                PROVIDE (__init_array_start = .)
 *(SORT_BY_NAME(.init_array.*))
 *(.init_array*)
 .init_array    0x00000000000025d0        0x4 /work1/zyj/OK8MP/OK8MP-linux-sdk/gcc-arm-none-eabi-10-2020-q4-major/bin/../lib/gcc/arm-none-eabi/10.2.1/thumb/v7e-m+fp/hard/crtbegin.o
                0x00000000000025d4                PROVIDE (__init_array_end = .)

.fini_array     0x00000000000025d4        0x4
                [!provide]                        PROVIDE (__fini_array_start = .)
 *(SORT_BY_NAME(.fini_array.*))
 *(.fini_array*)
 .fini_array    0x00000000000025d4        0x4 /work1/zyj/OK8MP/OK8MP-linux-sdk/gcc-arm-none-eabi-10-2020-q4-major/bin/../lib/gcc/arm-none-eabi/10.2.1/thumb/v7e-m+fp/hard/crtbegin.o
                [!provide]                        PROVIDE (__fini_array_end = .)
                0x00000000000025d8                __etext = .
                0x00000000000025d8                __DATA_ROM = .

.data           0x0000000020000000       0x64 load address 0x00000000000025d8
                0x0000000020000000                . = ALIGN (0x4)
                0x0000000020000000                __DATA_RAM = .
                0x0000000020000000                __data_start__ = .
 *(.data)
 *(.data*)
 .data.SystemCoreClock
                0x0000000020000000        0x4 CMakeFiles/ii2c_polling_b2b_transfer_master.elf.dir/work1/zyj/OK8MP/OK8MP-linux-sdk/OK8MP-FreeRTOS/devices/MIMX8ML8/system_MIMX8ML8_cm7.c.obj
                0x0000000020000000                SystemCoreClock
 .data.impure_data
                0x0000000020000004       0x60 /work1/zyj/OK8MP/OK8MP-linux-sdk/gcc-arm-none-eabi-10-2020-q4-major/bin/../lib/gcc/arm-none-eabi/10.2.1/../../../../arm-none-eabi/lib/thumb/v7e-m+fp/hard/libc_nano.a(lib_a-impure.o)
 *(.jcr*)
                0x0000000020000064                . = ALIGN (0x4)
                0x0000000020000064                __data_end__ = .
                0x0000000000000000                __CACHE_REGION_START = ORIGIN (m_interrupts)
                0x0000000000000000                __CACHE_REGION_SIZE = 0x0
                0x000000000000263c                __NDATA_ROM = (__DATA_ROM + SIZEOF (.data))

.igot.plt       0x0000000020000064        0x0 load address 0x000000000000263c
 .igot.plt      0x0000000020000064        0x0 /work1/zyj/OK8MP/OK8MP-linux-sdk/gcc-arm-none-eabi-10-2020-q4-major/bin/../lib/gcc/arm-none-eabi/10.2.1/thumb/v7e-m+fp/hard/crtbegin.o

.ncache.init    0x0000000080000000        0x0 load address 0x000000000000263c
                0x0000000080000000                __noncachedata_start__ = .
 *(NonCacheable.init)
                0x0000000080000000                . = ALIGN (0x4)
                0x0000000080000000                __noncachedata_init_end__ = .
                0x0000000080000000                . = __noncachedata_init_end__

.ncache         0x0000000080000000        0x0
 *(NonCacheable)
                0x0000000080000000                . = ALIGN (0x4)
                0x0000000080000000                __noncachedata_end__ = .
                0x000000000000263c                __DATA_END = (__DATA_ROM + (__data_end__ - __data_start__))
                0x0000000000020000                text_end = (ORIGIN (m_text) + LENGTH (m_text))
                0x0000000000000001                ASSERT ((__DATA_END <= text_end), region m_text overflowed with text and data)

.bss            0x0000000020000064       0xac load address 0x000000000000263c
                0x0000000020000064                . = ALIGN (0x4)
                0x0000000020000064                __START_BSS = .
                0x0000000020000064                __bss_start__ = .
 *(.bss)
 .bss           0x0000000020000064       0x1c /work1/zyj/OK8MP/OK8MP-linux-sdk/gcc-arm-none-eabi-10-2020-q4-major/bin/../lib/gcc/arm-none-eabi/10.2.1/thumb/v7e-m+fp/hard/crtbegin.o
 *(.bss*)
 .bss.g_master_rxBuff
                0x0000000020000080       0x20 CMakeFiles/ii2c_polling_b2b_transfer_master.elf.dir/work1/zyj/OK8MP/OK8MP-linux-sdk/OK8MP-FreeRTOS/boards/evkmimx8mp/driver_examples/i2c/polling_b2b_transfer/master/i2c_polling_b2b_transfer_master.c.obj
                0x0000000020000080                g_master_rxBuff
 .bss.g_master_txBuff
                0x00000000200000a0       0x20 CMakeFiles/ii2c_polling_b2b_transfer_master.elf.dir/work1/zyj/OK8MP/OK8MP-linux-sdk/OK8MP-FreeRTOS/boards/evkmimx8mp/driver_examples/i2c/polling_b2b_transfer/master/i2c_polling_b2b_transfer_master.c.obj
                0x00000000200000a0                g_master_txBuff
 .bss.s_debugConsole
                0x00000000200000c0       0x14 CMakeFiles/ii2c_polling_b2b_transfer_master.elf.dir/work1/zyj/OK8MP/OK8MP-linux-sdk/OK8MP-FreeRTOS/devices/MIMX8ML8/utilities/debug_console_lite/fsl_debug_console.c.obj
 .bss.s_i2cHandle
                0x00000000200000d4       0x1c CMakeFiles/ii2c_polling_b2b_transfer_master.elf.dir/work1/zyj/OK8MP/OK8MP-linux-sdk/OK8MP-FreeRTOS/devices/MIMX8ML8/drivers/fsl_i2c.c.obj
 .bss.s_i2cMasterIsr
                0x00000000200000f0        0x4 CMakeFiles/ii2c_polling_b2b_transfer_master.elf.dir/work1/zyj/OK8MP/OK8MP-linux-sdk/OK8MP-FreeRTOS/devices/MIMX8ML8/drivers/fsl_i2c.c.obj
 .bss.s_i2cSlaveIsr
                0x00000000200000f4        0x4 CMakeFiles/ii2c_polling_b2b_transfer_master.elf.dir/work1/zyj/OK8MP/OK8MP-linux-sdk/OK8MP-FreeRTOS/devices/MIMX8ML8/drivers/fsl_i2c.c.obj
 .bss.s_uartHandle
                0x00000000200000f8       0x14 CMakeFiles/ii2c_polling_b2b_transfer_master.elf.dir/work1/zyj/OK8MP/OK8MP-linux-sdk/OK8MP-FreeRTOS/devices/MIMX8ML8/drivers/fsl_uart.c.obj
 .bss.s_uartIsr
                0x000000002000010c        0x4 CMakeFiles/ii2c_polling_b2b_transfer_master.elf.dir/work1/zyj/OK8MP/OK8MP-linux-sdk/OK8MP-FreeRTOS/devices/MIMX8ML8/drivers/fsl_uart.c.obj
 *(COMMON)
                0x0000000020000110                . = ALIGN (0x4)
                0x0000000020000110                __bss_end__ = .
                0x0000000020000110                __END_BSS = .

.heap           0x0000000020000110      0x400 load address 0x00000000000026e8
                0x0000000020000110                . = ALIGN (0x8)
                0x0000000020000110                __end__ = .
                0x0000000020000110                PROVIDE (end = .)
                0x0000000020000110                __HeapBase = .
                0x0000000020000510                . = (. + HEAP_SIZE)
 *fill*         0x0000000020000110      0x400 
                0x0000000020000510                __HeapLimit = .
                0x0000000020000510                __heap_limit = .

.stack          0x0000000020000510      0x400 load address 0x0000000000002ae8
                0x0000000020000510                . = ALIGN (0x8)
                0x0000000020000910                . = (. + STACK_SIZE)
 *fill*         0x0000000020000510      0x400 
                0x0000000020020000                __StackTop = (ORIGIN (m_data) + LENGTH (m_data))
                0x000000002001fc00                __StackLimit = (__StackTop - STACK_SIZE)
                0x0000000020020000                PROVIDE (__stack = __StackTop)

.ARM.attributes
                0x0000000000000000       0x30
 *(.ARM.attributes)
 .ARM.attributes
                0x0000000000000000       0x1e /work1/zyj/OK8MP/OK8MP-linux-sdk/gcc-arm-none-eabi-10-2020-q4-major/bin/../lib/gcc/arm-none-eabi/10.2.1/thumb/v7e-m+fp/hard/crti.o
 .ARM.attributes
                0x000000000000001e       0x34 /work1/zyj/OK8MP/OK8MP-linux-sdk/gcc-arm-none-eabi-10-2020-q4-major/bin/../lib/gcc/arm-none-eabi/10.2.1/thumb/v7e-m+fp/hard/crtbegin.o
 .ARM.attributes
                0x0000000000000052       0x1c /work1/zyj/OK8MP/OK8MP-linux-sdk/gcc-arm-none-eabi-10-2020-q4-major/bin/../lib/gcc/arm-none-eabi/10.2.1/../../../../arm-none-eabi/lib/thumb/v7e-m+fp/hard/crt0.o
 .ARM.attributes
                0x000000000000006e       0x34 CMakeFiles/ii2c_polling_b2b_transfer_master.elf.dir/work1/zyj/OK8MP/OK8MP-linux-sdk/OK8MP-FreeRTOS/boards/evkmimx8mp/driver_examples/i2c/polling_b2b_transfer/master/i2c_polling_b2b_transfer_master.c.obj
 .ARM.attributes
                0x00000000000000a2       0x34 CMakeFiles/ii2c_polling_b2b_transfer_master.elf.dir/work1/zyj/OK8MP/OK8MP-linux-sdk/OK8MP-FreeRTOS/boards/evkmimx8mp/driver_examples/i2c/polling_b2b_transfer/master/pin_mux.c.obj
 .ARM.attributes
                0x00000000000000d6       0x34 CMakeFiles/ii2c_polling_b2b_transfer_master.elf.dir/work1/zyj/OK8MP/OK8MP-linux-sdk/OK8MP-FreeRTOS/boards/evkmimx8mp/driver_examples/i2c/polling_b2b_transfer/master/board.c.obj
 .ARM.attributes
                0x000000000000010a       0x34 CMakeFiles/ii2c_polling_b2b_transfer_master.elf.dir/work1/zyj/OK8MP/OK8MP-linux-sdk/OK8MP-FreeRTOS/boards/evkmimx8mp/driver_examples/i2c/polling_b2b_transfer/master/clock_config.c.obj
 .ARM.attributes
                0x000000000000013e       0x39 CMakeFiles/ii2c_polling_b2b_transfer_master.elf.dir/work1/zyj/OK8MP/OK8MP-linux-sdk/OK8MP-FreeRTOS/boards/evkmimx8mp/driver_examples/i2c/polling_b2b_transfer/master/empty_rsc_table.c.obj
 .ARM.attributes
                0x0000000000000177       0x34 CMakeFiles/ii2c_polling_b2b_transfer_master.elf.dir/work1/zyj/OK8MP/OK8MP-linux-sdk/OK8MP-FreeRTOS/devices/MIMX8ML8/utilities/debug_console_lite/fsl_debug_console.c.obj
 .ARM.attributes
                0x00000000000001ab       0x34 CMakeFiles/ii2c_polling_b2b_transfer_master.elf.dir/work1/zyj/OK8MP/OK8MP-linux-sdk/OK8MP-FreeRTOS/devices/MIMX8ML8/drivers/fsl_clock.c.obj
 .ARM.attributes
                0x00000000000001df       0x34 CMakeFiles/ii2c_polling_b2b_transfer_master.elf.dir/work1/zyj/OK8MP/OK8MP-linux-sdk/OK8MP-FreeRTOS/devices/MIMX8ML8/drivers/fsl_i2c.c.obj
 .ARM.attributes
                0x0000000000000213       0x34 CMakeFiles/ii2c_polling_b2b_transfer_master.elf.dir/work1/zyj/OK8MP/OK8MP-linux-sdk/OK8MP-FreeRTOS/devices/MIMX8ML8/drivers/fsl_rdc.c.obj
 .ARM.attributes
                0x0000000000000247       0x34 CMakeFiles/ii2c_polling_b2b_transfer_master.elf.dir/work1/zyj/OK8MP/OK8MP-linux-sdk/OK8MP-FreeRTOS/devices/MIMX8ML8/drivers/fsl_audiomix.c.obj
 .ARM.attributes
                0x000000000000027b       0x34 CMakeFiles/ii2c_polling_b2b_transfer_master.elf.dir/work1/zyj/OK8MP/OK8MP-linux-sdk/OK8MP-FreeRTOS/components/uart/fsl_adapter_iuart.c.obj
 .ARM.attributes
                0x00000000000002af       0x34 CMakeFiles/ii2c_polling_b2b_transfer_master.elf.dir/work1/zyj/OK8MP/OK8MP-linux-sdk/OK8MP-FreeRTOS/devices/MIMX8ML8/drivers/fsl_uart.c.obj
 .ARM.attributes
                0x00000000000002e3       0x1f CMakeFiles/ii2c_polling_b2b_transfer_master.elf.dir/work1/zyj/OK8MP/OK8MP-linux-sdk/OK8MP-FreeRTOS/devices/MIMX8ML8/gcc/startup_MIMX8ML8_cm7.S.obj
 .ARM.attributes
                0x0000000000000302       0x34 CMakeFiles/ii2c_polling_b2b_transfer_master.elf.dir/work1/zyj/OK8MP/OK8MP-linux-sdk/OK8MP-FreeRTOS/devices/MIMX8ML8/system_MIMX8ML8_cm7.c.obj
 .ARM.attributes
                0x0000000000000336       0x34 /work1/zyj/OK8MP/OK8MP-linux-sdk/gcc-arm-none-eabi-10-2020-q4-major/bin/../lib/gcc/arm-none-eabi/10.2.1/../../../../arm-none-eabi/lib/thumb/v7e-m+fp/hard/libc_nano.a(lib_a-exit.o)
 .ARM.attributes
                0x000000000000036a       0x32 /work1/zyj/OK8MP/OK8MP-linux-sdk/gcc-arm-none-eabi-10-2020-q4-major/bin/../lib/gcc/arm-none-eabi/10.2.1/../../../../arm-none-eabi/lib/thumb/v7e-m+fp/hard/libc_nano.a(lib_a-impure.o)
 .ARM.attributes
                0x000000000000039c       0x34 /work1/zyj/OK8MP/OK8MP-linux-sdk/gcc-arm-none-eabi-10-2020-q4-major/bin/../lib/gcc/arm-none-eabi/10.2.1/../../../../arm-none-eabi/lib/thumb/v7e-m+fp/hard/libc_nano.a(lib_a-init.o)
 .ARM.attributes
                0x00000000000003d0       0x34 /work1/zyj/OK8MP/OK8MP-linux-sdk/gcc-arm-none-eabi-10-2020-q4-major/bin/../lib/gcc/arm-none-eabi/10.2.1/../../../../arm-none-eabi/lib/thumb/v7e-m+fp/hard/libc_nano.a(lib_a-memset.o)
 .ARM.attributes
                0x0000000000000404       0x17 /work1/zyj/OK8MP/OK8MP-linux-sdk/gcc-arm-none-eabi-10-2020-q4-major/bin/../lib/gcc/arm-none-eabi/10.2.1/../../../../arm-none-eabi/lib/thumb/v7e-m+fp/hard/libc_nano.a(lib_a-strlen.o)
 .ARM.attributes
                0x000000000000041b       0x1e /work1/zyj/OK8MP/OK8MP-linux-sdk/gcc-arm-none-eabi-10-2020-q4-major/bin/../lib/gcc/arm-none-eabi/10.2.1/thumb/v7e-m+fp/hard/libgcc.a(_aeabi_uldivmod.o)
 .ARM.attributes
                0x0000000000000439       0x34 /work1/zyj/OK8MP/OK8MP-linux-sdk/gcc-arm-none-eabi-10-2020-q4-major/bin/../lib/gcc/arm-none-eabi/10.2.1/thumb/v7e-m+fp/hard/libgcc.a(_udivmoddi4.o)
 .ARM.attributes
                0x000000000000046d       0x1e /work1/zyj/OK8MP/OK8MP-linux-sdk/gcc-arm-none-eabi-10-2020-q4-major/bin/../lib/gcc/arm-none-eabi/10.2.1/thumb/v7e-m+fp/hard/libgcc.a(_dvmd_tls.o)
 .ARM.attributes
                0x000000000000048b       0x34 /work1/zyj/OK8MP/OK8MP-linux-sdk/gcc-arm-none-eabi-10-2020-q4-major/bin/../lib/gcc/arm-none-eabi/10.2.1/../../../../arm-none-eabi/lib/thumb/v7e-m+fp/hard/libnosys.a(_exit.o)
 .ARM.attributes
                0x00000000000004bf       0x1e /work1/zyj/OK8MP/OK8MP-linux-sdk/gcc-arm-none-eabi-10-2020-q4-major/bin/../lib/gcc/arm-none-eabi/10.2.1/thumb/v7e-m+fp/hard/crtn.o
                0x0000000000000001                ASSERT ((__StackLimit >= __HeapLimit), region m_data overflowed with stack and heap)
OUTPUT(release/ii2c_polling_b2b_transfer_master.elf elf32-littlearm)
LOAD linker stubs

.debug_info     0x0000000000000000    0x11158
 .debug_info    0x0000000000000000      0xeea CMakeFiles/ii2c_polling_b2b_transfer_master.elf.dir/work1/zyj/OK8MP/OK8MP-linux-sdk/OK8MP-FreeRTOS/boards/evkmimx8mp/driver_examples/i2c/polling_b2b_transfer/master/i2c_polling_b2b_transfer_master.c.obj
 .debug_info    0x0000000000000eea      0x48a CMakeFiles/ii2c_polling_b2b_transfer_master.elf.dir/work1/zyj/OK8MP/OK8MP-linux-sdk/OK8MP-FreeRTOS/boards/evkmimx8mp/driver_examples/i2c/polling_b2b_transfer/master/pin_mux.c.obj
 .debug_info    0x0000000000001374     0x16ad CMakeFiles/ii2c_polling_b2b_transfer_master.elf.dir/work1/zyj/OK8MP/OK8MP-linux-sdk/OK8MP-FreeRTOS/boards/evkmimx8mp/driver_examples/i2c/polling_b2b_transfer/master/board.c.obj
 .debug_info    0x0000000000002a21     0x1832 CMakeFiles/ii2c_polling_b2b_transfer_master.elf.dir/work1/zyj/OK8MP/OK8MP-linux-sdk/OK8MP-FreeRTOS/boards/evkmimx8mp/driver_examples/i2c/polling_b2b_transfer/master/clock_config.c.obj
 .debug_info    0x0000000000004253       0x9c CMakeFiles/ii2c_polling_b2b_transfer_master.elf.dir/work1/zyj/OK8MP/OK8MP-linux-sdk/OK8MP-FreeRTOS/boards/evkmimx8mp/driver_examples/i2c/polling_b2b_transfer/master/empty_rsc_table.c.obj
 .debug_info    0x00000000000042ef     0x141d CMakeFiles/ii2c_polling_b2b_transfer_master.elf.dir/work1/zyj/OK8MP/OK8MP-linux-sdk/OK8MP-FreeRTOS/devices/MIMX8ML8/utilities/debug_console_lite/fsl_debug_console.c.obj
 .debug_info    0x000000000000570c     0x2975 CMakeFiles/ii2c_polling_b2b_transfer_master.elf.dir/work1/zyj/OK8MP/OK8MP-linux-sdk/OK8MP-FreeRTOS/devices/MIMX8ML8/drivers/fsl_clock.c.obj
 .debug_info    0x0000000000008081     0x2e96 CMakeFiles/ii2c_polling_b2b_transfer_master.elf.dir/work1/zyj/OK8MP/OK8MP-linux-sdk/OK8MP-FreeRTOS/devices/MIMX8ML8/drivers/fsl_i2c.c.obj
 .debug_info    0x000000000000af17     0x1244 CMakeFiles/ii2c_polling_b2b_transfer_master.elf.dir/work1/zyj/OK8MP/OK8MP-linux-sdk/OK8MP-FreeRTOS/devices/MIMX8ML8/drivers/fsl_rdc.c.obj
 .debug_info    0x000000000000c15b      0x857 CMakeFiles/ii2c_polling_b2b_transfer_master.elf.dir/work1/zyj/OK8MP/OK8MP-linux-sdk/OK8MP-FreeRTOS/devices/MIMX8ML8/drivers/fsl_audiomix.c.obj
 .debug_info    0x000000000000c9b2      0xdb2 CMakeFiles/ii2c_polling_b2b_transfer_master.elf.dir/work1/zyj/OK8MP/OK8MP-linux-sdk/OK8MP-FreeRTOS/components/uart/fsl_adapter_iuart.c.obj
 .debug_info    0x000000000000d764     0x2cd7 CMakeFiles/ii2c_polling_b2b_transfer_master.elf.dir/work1/zyj/OK8MP/OK8MP-linux-sdk/OK8MP-FreeRTOS/devices/MIMX8ML8/drivers/fsl_uart.c.obj
 .debug_info    0x000000000001043b      0xd1d CMakeFiles/ii2c_polling_b2b_transfer_master.elf.dir/work1/zyj/OK8MP/OK8MP-linux-sdk/OK8MP-FreeRTOS/devices/MIMX8ML8/system_MIMX8ML8_cm7.c.obj

.debug_abbrev   0x0000000000000000     0x23cc
 .debug_abbrev  0x0000000000000000      0x252 CMakeFiles/ii2c_polling_b2b_transfer_master.elf.dir/work1/zyj/OK8MP/OK8MP-linux-sdk/OK8MP-FreeRTOS/boards/evkmimx8mp/driver_examples/i2c/polling_b2b_transfer/master/i2c_polling_b2b_transfer_master.c.obj
 .debug_abbrev  0x0000000000000252       0xf2 CMakeFiles/ii2c_polling_b2b_transfer_master.elf.dir/work1/zyj/OK8MP/OK8MP-linux-sdk/OK8MP-FreeRTOS/boards/evkmimx8mp/driver_examples/i2c/polling_b2b_transfer/master/pin_mux.c.obj
 .debug_abbrev  0x0000000000000344      0x38f CMakeFiles/ii2c_polling_b2b_transfer_master.elf.dir/work1/zyj/OK8MP/OK8MP-linux-sdk/OK8MP-FreeRTOS/boards/evkmimx8mp/driver_examples/i2c/polling_b2b_transfer/master/board.c.obj
 .debug_abbrev  0x00000000000006d3      0x1fa CMakeFiles/ii2c_polling_b2b_transfer_master.elf.dir/work1/zyj/OK8MP/OK8MP-linux-sdk/OK8MP-FreeRTOS/boards/evkmimx8mp/driver_examples/i2c/polling_b2b_transfer/master/clock_config.c.obj
 .debug_abbrev  0x00000000000008cd       0x61 CMakeFiles/ii2c_polling_b2b_transfer_master.elf.dir/work1/zyj/OK8MP/OK8MP-linux-sdk/OK8MP-FreeRTOS/boards/evkmimx8mp/driver_examples/i2c/polling_b2b_transfer/master/empty_rsc_table.c.obj
 .debug_abbrev  0x000000000000092e      0x38e CMakeFiles/ii2c_polling_b2b_transfer_master.elf.dir/work1/zyj/OK8MP/OK8MP-linux-sdk/OK8MP-FreeRTOS/devices/MIMX8ML8/utilities/debug_console_lite/fsl_debug_console.c.obj
 .debug_abbrev  0x0000000000000cbc      0x395 CMakeFiles/ii2c_polling_b2b_transfer_master.elf.dir/work1/zyj/OK8MP/OK8MP-linux-sdk/OK8MP-FreeRTOS/devices/MIMX8ML8/drivers/fsl_clock.c.obj
 .debug_abbrev  0x0000000000001051      0x536 CMakeFiles/ii2c_polling_b2b_transfer_master.elf.dir/work1/zyj/OK8MP/OK8MP-linux-sdk/OK8MP-FreeRTOS/devices/MIMX8ML8/drivers/fsl_i2c.c.obj
 .debug_abbrev  0x0000000000001587      0x31c CMakeFiles/ii2c_polling_b2b_transfer_master.elf.dir/work1/zyj/OK8MP/OK8MP-linux-sdk/OK8MP-FreeRTOS/devices/MIMX8ML8/drivers/fsl_rdc.c.obj
 .debug_abbrev  0x00000000000018a3      0x190 CMakeFiles/ii2c_polling_b2b_transfer_master.elf.dir/work1/zyj/OK8MP/OK8MP-linux-sdk/OK8MP-FreeRTOS/devices/MIMX8ML8/drivers/fsl_audiomix.c.obj
 .debug_abbrev  0x0000000000001a33      0x2e2 CMakeFiles/ii2c_polling_b2b_transfer_master.elf.dir/work1/zyj/OK8MP/OK8MP-linux-sdk/OK8MP-FreeRTOS/components/uart/fsl_adapter_iuart.c.obj
 .debug_abbrev  0x0000000000001d15      0x4f8 CMakeFiles/ii2c_polling_b2b_transfer_master.elf.dir/work1/zyj/OK8MP/OK8MP-linux-sdk/OK8MP-FreeRTOS/devices/MIMX8ML8/drivers/fsl_uart.c.obj
 .debug_abbrev  0x000000000000220d      0x1bf CMakeFiles/ii2c_polling_b2b_transfer_master.elf.dir/work1/zyj/OK8MP/OK8MP-linux-sdk/OK8MP-FreeRTOS/devices/MIMX8ML8/system_MIMX8ML8_cm7.c.obj

.debug_loc      0x0000000000000000     0x73c7
 .debug_loc     0x0000000000000000      0x1b9 CMakeFiles/ii2c_polling_b2b_transfer_master.elf.dir/work1/zyj/OK8MP/OK8MP-linux-sdk/OK8MP-FreeRTOS/boards/evkmimx8mp/driver_examples/i2c/polling_b2b_transfer/master/i2c_polling_b2b_transfer_master.c.obj
 .debug_loc     0x00000000000001b9      0x3fc CMakeFiles/ii2c_polling_b2b_transfer_master.elf.dir/work1/zyj/OK8MP/OK8MP-linux-sdk/OK8MP-FreeRTOS/boards/evkmimx8mp/driver_examples/i2c/polling_b2b_transfer/master/pin_mux.c.obj
 .debug_loc     0x00000000000005b5      0x29d CMakeFiles/ii2c_polling_b2b_transfer_master.elf.dir/work1/zyj/OK8MP/OK8MP-linux-sdk/OK8MP-FreeRTOS/boards/evkmimx8mp/driver_examples/i2c/polling_b2b_transfer/master/board.c.obj
 .debug_loc     0x0000000000000852      0x120 CMakeFiles/ii2c_polling_b2b_transfer_master.elf.dir/work1/zyj/OK8MP/OK8MP-linux-sdk/OK8MP-FreeRTOS/boards/evkmimx8mp/driver_examples/i2c/polling_b2b_transfer/master/clock_config.c.obj
 .debug_loc     0x0000000000000972     0x13d7 CMakeFiles/ii2c_polling_b2b_transfer_master.elf.dir/work1/zyj/OK8MP/OK8MP-linux-sdk/OK8MP-FreeRTOS/devices/MIMX8ML8/utilities/debug_console_lite/fsl_debug_console.c.obj
 .debug_loc     0x0000000000001d49     0x17bf CMakeFiles/ii2c_polling_b2b_transfer_master.elf.dir/work1/zyj/OK8MP/OK8MP-linux-sdk/OK8MP-FreeRTOS/devices/MIMX8ML8/drivers/fsl_clock.c.obj
 .debug_loc     0x0000000000003508     0x1f2c CMakeFiles/ii2c_polling_b2b_transfer_master.elf.dir/work1/zyj/OK8MP/OK8MP-linux-sdk/OK8MP-FreeRTOS/devices/MIMX8ML8/drivers/fsl_i2c.c.obj
 .debug_loc     0x0000000000005434      0x28b CMakeFiles/ii2c_polling_b2b_transfer_master.elf.dir/work1/zyj/OK8MP/OK8MP-linux-sdk/OK8MP-FreeRTOS/devices/MIMX8ML8/drivers/fsl_rdc.c.obj
 .debug_loc     0x00000000000056bf      0x1fa CMakeFiles/ii2c_polling_b2b_transfer_master.elf.dir/work1/zyj/OK8MP/OK8MP-linux-sdk/OK8MP-FreeRTOS/devices/MIMX8ML8/drivers/fsl_audiomix.c.obj
 .debug_loc     0x00000000000058b9      0x23c CMakeFiles/ii2c_polling_b2b_transfer_master.elf.dir/work1/zyj/OK8MP/OK8MP-linux-sdk/OK8MP-FreeRTOS/components/uart/fsl_adapter_iuart.c.obj
 .debug_loc     0x0000000000005af5     0x15a1 CMakeFiles/ii2c_polling_b2b_transfer_master.elf.dir/work1/zyj/OK8MP/OK8MP-linux-sdk/OK8MP-FreeRTOS/devices/MIMX8ML8/drivers/fsl_uart.c.obj
 .debug_loc     0x0000000000007096      0x331 CMakeFiles/ii2c_polling_b2b_transfer_master.elf.dir/work1/zyj/OK8MP/OK8MP-linux-sdk/OK8MP-FreeRTOS/devices/MIMX8ML8/system_MIMX8ML8_cm7.c.obj

.debug_aranges  0x0000000000000000      0x550
 .debug_aranges
                0x0000000000000000       0x20 CMakeFiles/ii2c_polling_b2b_transfer_master.elf.dir/work1/zyj/OK8MP/OK8MP-linux-sdk/OK8MP-FreeRTOS/boards/evkmimx8mp/driver_examples/i2c/polling_b2b_transfer/master/i2c_polling_b2b_transfer_master.c.obj
 .debug_aranges
                0x0000000000000020       0x28 CMakeFiles/ii2c_polling_b2b_transfer_master.elf.dir/work1/zyj/OK8MP/OK8MP-linux-sdk/OK8MP-FreeRTOS/boards/evkmimx8mp/driver_examples/i2c/polling_b2b_transfer/master/pin_mux.c.obj
 .debug_aranges
                0x0000000000000048       0x30 CMakeFiles/ii2c_polling_b2b_transfer_master.elf.dir/work1/zyj/OK8MP/OK8MP-linux-sdk/OK8MP-FreeRTOS/boards/evkmimx8mp/driver_examples/i2c/polling_b2b_transfer/master/board.c.obj
 .debug_aranges
                0x0000000000000078       0x20 CMakeFiles/ii2c_polling_b2b_transfer_master.elf.dir/work1/zyj/OK8MP/OK8MP-linux-sdk/OK8MP-FreeRTOS/boards/evkmimx8mp/driver_examples/i2c/polling_b2b_transfer/master/clock_config.c.obj
 .debug_aranges
                0x0000000000000098       0x18 CMakeFiles/ii2c_polling_b2b_transfer_master.elf.dir/work1/zyj/OK8MP/OK8MP-linux-sdk/OK8MP-FreeRTOS/boards/evkmimx8mp/driver_examples/i2c/polling_b2b_transfer/master/empty_rsc_table.c.obj
 .debug_aranges
                0x00000000000000b0       0x50 CMakeFiles/ii2c_polling_b2b_transfer_master.elf.dir/work1/zyj/OK8MP/OK8MP-linux-sdk/OK8MP-FreeRTOS/devices/MIMX8ML8/utilities/debug_console_lite/fsl_debug_console.c.obj
 .debug_aranges
                0x0000000000000100       0xf8 CMakeFiles/ii2c_polling_b2b_transfer_master.elf.dir/work1/zyj/OK8MP/OK8MP-linux-sdk/OK8MP-FreeRTOS/devices/MIMX8ML8/drivers/fsl_clock.c.obj
 .debug_aranges
                0x00000000000001f8      0x138 CMakeFiles/ii2c_polling_b2b_transfer_master.elf.dir/work1/zyj/OK8MP/OK8MP-linux-sdk/OK8MP-FreeRTOS/devices/MIMX8ML8/drivers/fsl_i2c.c.obj
 .debug_aranges
                0x0000000000000330       0x70 CMakeFiles/ii2c_polling_b2b_transfer_master.elf.dir/work1/zyj/OK8MP/OK8MP-linux-sdk/OK8MP-FreeRTOS/devices/MIMX8ML8/drivers/fsl_rdc.c.obj
 .debug_aranges
                0x00000000000003a0       0x38 CMakeFiles/ii2c_polling_b2b_transfer_master.elf.dir/work1/zyj/OK8MP/OK8MP-linux-sdk/OK8MP-FreeRTOS/devices/MIMX8ML8/drivers/fsl_audiomix.c.obj
 .debug_aranges
                0x00000000000003d8       0x40 CMakeFiles/ii2c_polling_b2b_transfer_master.elf.dir/work1/zyj/OK8MP/OK8MP-linux-sdk/OK8MP-FreeRTOS/components/uart/fsl_adapter_iuart.c.obj
 .debug_aranges
                0x0000000000000418       0xf8 CMakeFiles/ii2c_polling_b2b_transfer_master.elf.dir/work1/zyj/OK8MP/OK8MP-linux-sdk/OK8MP-FreeRTOS/devices/MIMX8ML8/drivers/fsl_uart.c.obj
 .debug_aranges
                0x0000000000000510       0x40 CMakeFiles/ii2c_polling_b2b_transfer_master.elf.dir/work1/zyj/OK8MP/OK8MP-linux-sdk/OK8MP-FreeRTOS/devices/MIMX8ML8/system_MIMX8ML8_cm7.c.obj

.debug_ranges   0x0000000000000000      0xcd8
 .debug_ranges  0x0000000000000000       0xd8 CMakeFiles/ii2c_polling_b2b_transfer_master.elf.dir/work1/zyj/OK8MP/OK8MP-linux-sdk/OK8MP-FreeRTOS/boards/evkmimx8mp/driver_examples/i2c/polling_b2b_transfer/master/i2c_polling_b2b_transfer_master.c.obj
 .debug_ranges  0x00000000000000d8       0x78 CMakeFiles/ii2c_polling_b2b_transfer_master.elf.dir/work1/zyj/OK8MP/OK8MP-linux-sdk/OK8MP-FreeRTOS/boards/evkmimx8mp/driver_examples/i2c/polling_b2b_transfer/master/pin_mux.c.obj
 .debug_ranges  0x0000000000000150       0x80 CMakeFiles/ii2c_polling_b2b_transfer_master.elf.dir/work1/zyj/OK8MP/OK8MP-linux-sdk/OK8MP-FreeRTOS/boards/evkmimx8mp/driver_examples/i2c/polling_b2b_transfer/master/board.c.obj
 .debug_ranges  0x00000000000001d0       0xc8 CMakeFiles/ii2c_polling_b2b_transfer_master.elf.dir/work1/zyj/OK8MP/OK8MP-linux-sdk/OK8MP-FreeRTOS/boards/evkmimx8mp/driver_examples/i2c/polling_b2b_transfer/master/clock_config.c.obj
 .debug_ranges  0x0000000000000298      0x140 CMakeFiles/ii2c_polling_b2b_transfer_master.elf.dir/work1/zyj/OK8MP/OK8MP-linux-sdk/OK8MP-FreeRTOS/devices/MIMX8ML8/utilities/debug_console_lite/fsl_debug_console.c.obj
 .debug_ranges  0x00000000000003d8      0x370 CMakeFiles/ii2c_polling_b2b_transfer_master.elf.dir/work1/zyj/OK8MP/OK8MP-linux-sdk/OK8MP-FreeRTOS/devices/MIMX8ML8/drivers/fsl_clock.c.obj
 .debug_ranges  0x0000000000000748      0x290 CMakeFiles/ii2c_polling_b2b_transfer_master.elf.dir/work1/zyj/OK8MP/OK8MP-linux-sdk/OK8MP-FreeRTOS/devices/MIMX8ML8/drivers/fsl_i2c.c.obj
 .debug_ranges  0x00000000000009d8       0x60 CMakeFiles/ii2c_polling_b2b_transfer_master.elf.dir/work1/zyj/OK8MP/OK8MP-linux-sdk/OK8MP-FreeRTOS/devices/MIMX8ML8/drivers/fsl_rdc.c.obj
 .debug_ranges  0x0000000000000a38       0x28 CMakeFiles/ii2c_polling_b2b_transfer_master.elf.dir/work1/zyj/OK8MP/OK8MP-linux-sdk/OK8MP-FreeRTOS/devices/MIMX8ML8/drivers/fsl_audiomix.c.obj
 .debug_ranges  0x0000000000000a60       0x30 CMakeFiles/ii2c_polling_b2b_transfer_master.elf.dir/work1/zyj/OK8MP/OK8MP-linux-sdk/OK8MP-FreeRTOS/components/uart/fsl_adapter_iuart.c.obj
 .debug_ranges  0x0000000000000a90      0x218 CMakeFiles/ii2c_polling_b2b_transfer_master.elf.dir/work1/zyj/OK8MP/OK8MP-linux-sdk/OK8MP-FreeRTOS/devices/MIMX8ML8/drivers/fsl_uart.c.obj
 .debug_ranges  0x0000000000000ca8       0x30 CMakeFiles/ii2c_polling_b2b_transfer_master.elf.dir/work1/zyj/OK8MP/OK8MP-linux-sdk/OK8MP-FreeRTOS/devices/MIMX8ML8/system_MIMX8ML8_cm7.c.obj

.debug_line     0x0000000000000000     0x6d66
 .debug_line    0x0000000000000000      0x581 CMakeFiles/ii2c_polling_b2b_transfer_master.elf.dir/work1/zyj/OK8MP/OK8MP-linux-sdk/OK8MP-FreeRTOS/boards/evkmimx8mp/driver_examples/i2c/polling_b2b_transfer/master/i2c_polling_b2b_transfer_master.c.obj
 .debug_line    0x0000000000000581      0x259 CMakeFiles/ii2c_polling_b2b_transfer_master.elf.dir/work1/zyj/OK8MP/OK8MP-linux-sdk/OK8MP-FreeRTOS/boards/evkmimx8mp/driver_examples/i2c/polling_b2b_transfer/master/pin_mux.c.obj
 .debug_line    0x00000000000007da      0x7db CMakeFiles/ii2c_polling_b2b_transfer_master.elf.dir/work1/zyj/OK8MP/OK8MP-linux-sdk/OK8MP-FreeRTOS/boards/evkmimx8mp/driver_examples/i2c/polling_b2b_transfer/master/board.c.obj
 .debug_line    0x0000000000000fb5      0x3b3 CMakeFiles/ii2c_polling_b2b_transfer_master.elf.dir/work1/zyj/OK8MP/OK8MP-linux-sdk/OK8MP-FreeRTOS/boards/evkmimx8mp/driver_examples/i2c/polling_b2b_transfer/master/clock_config.c.obj
 .debug_line    0x0000000000001368      0x11d CMakeFiles/ii2c_polling_b2b_transfer_master.elf.dir/work1/zyj/OK8MP/OK8MP-linux-sdk/OK8MP-FreeRTOS/boards/evkmimx8mp/driver_examples/i2c/polling_b2b_transfer/master/empty_rsc_table.c.obj
 .debug_line    0x0000000000001485      0xc8c CMakeFiles/ii2c_polling_b2b_transfer_master.elf.dir/work1/zyj/OK8MP/OK8MP-linux-sdk/OK8MP-FreeRTOS/devices/MIMX8ML8/utilities/debug_console_lite/fsl_debug_console.c.obj
 .debug_line    0x0000000000002111      0xed8 CMakeFiles/ii2c_polling_b2b_transfer_master.elf.dir/work1/zyj/OK8MP/OK8MP-linux-sdk/OK8MP-FreeRTOS/devices/MIMX8ML8/drivers/fsl_clock.c.obj
 .debug_line    0x0000000000002fe9     0x17f6 CMakeFiles/ii2c_polling_b2b_transfer_master.elf.dir/work1/zyj/OK8MP/OK8MP-linux-sdk/OK8MP-FreeRTOS/devices/MIMX8ML8/drivers/fsl_i2c.c.obj
 .debug_line    0x00000000000047df      0x474 CMakeFiles/ii2c_polling_b2b_transfer_master.elf.dir/work1/zyj/OK8MP/OK8MP-linux-sdk/OK8MP-FreeRTOS/devices/MIMX8ML8/drivers/fsl_rdc.c.obj
 .debug_line    0x0000000000004c53      0x2ab CMakeFiles/ii2c_polling_b2b_transfer_master.elf.dir/work1/zyj/OK8MP/OK8MP-linux-sdk/OK8MP-FreeRTOS/devices/MIMX8ML8/drivers/fsl_audiomix.c.obj
 .debug_line    0x0000000000004efe      0x342 CMakeFiles/ii2c_polling_b2b_transfer_master.elf.dir/work1/zyj/OK8MP/OK8MP-linux-sdk/OK8MP-FreeRTOS/components/uart/fsl_adapter_iuart.c.obj
 .debug_line    0x0000000000005240     0x17f4 CMakeFiles/ii2c_polling_b2b_transfer_master.elf.dir/work1/zyj/OK8MP/OK8MP-linux-sdk/OK8MP-FreeRTOS/devices/MIMX8ML8/drivers/fsl_uart.c.obj
 .debug_line    0x0000000000006a34      0x332 CMakeFiles/ii2c_polling_b2b_transfer_master.elf.dir/work1/zyj/OK8MP/OK8MP-linux-sdk/OK8MP-FreeRTOS/devices/MIMX8ML8/system_MIMX8ML8_cm7.c.obj

.debug_str      0x0000000000000000     0x85d0
 .debug_str     0x0000000000000000     0x1573 CMakeFiles/ii2c_polling_b2b_transfer_master.elf.dir/work1/zyj/OK8MP/OK8MP-linux-sdk/OK8MP-FreeRTOS/boards/evkmimx8mp/driver_examples/i2c/polling_b2b_transfer/master/i2c_polling_b2b_transfer_master.c.obj
                                       0x15c6 (size before relaxing)
 .debug_str     0x0000000000001573      0x109 CMakeFiles/ii2c_polling_b2b_transfer_master.elf.dir/work1/zyj/OK8MP/OK8MP-linux-sdk/OK8MP-FreeRTOS/boards/evkmimx8mp/driver_examples/i2c/polling_b2b_transfer/master/pin_mux.c.obj
                                        0x31d (size before relaxing)
 .debug_str     0x000000000000167c     0x1024 CMakeFiles/ii2c_polling_b2b_transfer_master.elf.dir/work1/zyj/OK8MP/OK8MP-linux-sdk/OK8MP-FreeRTOS/boards/evkmimx8mp/driver_examples/i2c/polling_b2b_transfer/master/board.c.obj
                                       0x1800 (size before relaxing)
 .debug_str     0x00000000000026a0      0xa02 CMakeFiles/ii2c_polling_b2b_transfer_master.elf.dir/work1/zyj/OK8MP/OK8MP-linux-sdk/OK8MP-FreeRTOS/boards/evkmimx8mp/driver_examples/i2c/polling_b2b_transfer/master/clock_config.c.obj
                                       0x20e4 (size before relaxing)
 .debug_str     0x00000000000030a2       0x93 CMakeFiles/ii2c_polling_b2b_transfer_master.elf.dir/work1/zyj/OK8MP/OK8MP-linux-sdk/OK8MP-FreeRTOS/boards/evkmimx8mp/driver_examples/i2c/polling_b2b_transfer/master/empty_rsc_table.c.obj
                                        0x293 (size before relaxing)
 .debug_str     0x0000000000003135      0x69b CMakeFiles/ii2c_polling_b2b_transfer_master.elf.dir/work1/zyj/OK8MP/OK8MP-linux-sdk/OK8MP-FreeRTOS/devices/MIMX8ML8/utilities/debug_console_lite/fsl_debug_console.c.obj
                                       0x135b (size before relaxing)
 .debug_str     0x00000000000037d0      0xc1b CMakeFiles/ii2c_polling_b2b_transfer_master.elf.dir/work1/zyj/OK8MP/OK8MP-linux-sdk/OK8MP-FreeRTOS/devices/MIMX8ML8/drivers/fsl_clock.c.obj
                                       0x1ff9 (size before relaxing)
 .debug_str     0x00000000000043eb     0x1274 CMakeFiles/ii2c_polling_b2b_transfer_master.elf.dir/work1/zyj/OK8MP/OK8MP-linux-sdk/OK8MP-FreeRTOS/devices/MIMX8ML8/drivers/fsl_i2c.c.obj
                                       0x2846 (size before relaxing)
 .debug_str     0x000000000000565f     0x104b CMakeFiles/ii2c_polling_b2b_transfer_master.elf.dir/work1/zyj/OK8MP/OK8MP-linux-sdk/OK8MP-FreeRTOS/devices/MIMX8ML8/drivers/fsl_rdc.c.obj
                                       0x1d17 (size before relaxing)
 .debug_str     0x00000000000066aa      0xf95 CMakeFiles/ii2c_polling_b2b_transfer_master.elf.dir/work1/zyj/OK8MP/OK8MP-linux-sdk/OK8MP-FreeRTOS/devices/MIMX8ML8/drivers/fsl_audiomix.c.obj
                                       0x13da (size before relaxing)
 .debug_str     0x000000000000763f      0x2a0 CMakeFiles/ii2c_polling_b2b_transfer_master.elf.dir/work1/zyj/OK8MP/OK8MP-linux-sdk/OK8MP-FreeRTOS/components/uart/fsl_adapter_iuart.c.obj
                                       0x1258 (size before relaxing)
 .debug_str     0x00000000000078df      0xc59 CMakeFiles/ii2c_polling_b2b_transfer_master.elf.dir/work1/zyj/OK8MP/OK8MP-linux-sdk/OK8MP-FreeRTOS/devices/MIMX8ML8/drivers/fsl_uart.c.obj
                                       0x2c38 (size before relaxing)
 .debug_str     0x0000000000008538       0x98 CMakeFiles/ii2c_polling_b2b_transfer_master.elf.dir/work1/zyj/OK8MP/OK8MP-linux-sdk/OK8MP-FreeRTOS/devices/MIMX8ML8/system_MIMX8ML8_cm7.c.obj
                                        0x9f5 (size before relaxing)

.comment        0x0000000000000000       0x4d
 .comment       0x0000000000000000       0x4d CMakeFiles/ii2c_polling_b2b_transfer_master.elf.dir/work1/zyj/OK8MP/OK8MP-linux-sdk/OK8MP-FreeRTOS/boards/evkmimx8mp/driver_examples/i2c/polling_b2b_transfer/master/i2c_polling_b2b_transfer_master.c.obj
                                         0x4e (size before relaxing)
 .comment       0x000000000000004d       0x4e CMakeFiles/ii2c_polling_b2b_transfer_master.elf.dir/work1/zyj/OK8MP/OK8MP-linux-sdk/OK8MP-FreeRTOS/boards/evkmimx8mp/driver_examples/i2c/polling_b2b_transfer/master/pin_mux.c.obj
 .comment       0x000000000000004d       0x4e CMakeFiles/ii2c_polling_b2b_transfer_master.elf.dir/work1/zyj/OK8MP/OK8MP-linux-sdk/OK8MP-FreeRTOS/boards/evkmimx8mp/driver_examples/i2c/polling_b2b_transfer/master/board.c.obj
 .comment       0x000000000000004d       0x4e CMakeFiles/ii2c_polling_b2b_transfer_master.elf.dir/work1/zyj/OK8MP/OK8MP-linux-sdk/OK8MP-FreeRTOS/boards/evkmimx8mp/driver_examples/i2c/polling_b2b_transfer/master/clock_config.c.obj
 .comment       0x000000000000004d       0x4e CMakeFiles/ii2c_polling_b2b_transfer_master.elf.dir/work1/zyj/OK8MP/OK8MP-linux-sdk/OK8MP-FreeRTOS/boards/evkmimx8mp/driver_examples/i2c/polling_b2b_transfer/master/empty_rsc_table.c.obj
 .comment       0x000000000000004d       0x4e CMakeFiles/ii2c_polling_b2b_transfer_master.elf.dir/work1/zyj/OK8MP/OK8MP-linux-sdk/OK8MP-FreeRTOS/devices/MIMX8ML8/utilities/debug_console_lite/fsl_debug_console.c.obj
 .comment       0x000000000000004d       0x4e CMakeFiles/ii2c_polling_b2b_transfer_master.elf.dir/work1/zyj/OK8MP/OK8MP-linux-sdk/OK8MP-FreeRTOS/devices/MIMX8ML8/drivers/fsl_clock.c.obj
 .comment       0x000000000000004d       0x4e CMakeFiles/ii2c_polling_b2b_transfer_master.elf.dir/work1/zyj/OK8MP/OK8MP-linux-sdk/OK8MP-FreeRTOS/devices/MIMX8ML8/drivers/fsl_i2c.c.obj
 .comment       0x000000000000004d       0x4e CMakeFiles/ii2c_polling_b2b_transfer_master.elf.dir/work1/zyj/OK8MP/OK8MP-linux-sdk/OK8MP-FreeRTOS/devices/MIMX8ML8/drivers/fsl_rdc.c.obj
 .comment       0x000000000000004d       0x4e CMakeFiles/ii2c_polling_b2b_transfer_master.elf.dir/work1/zyj/OK8MP/OK8MP-linux-sdk/OK8MP-FreeRTOS/devices/MIMX8ML8/drivers/fsl_audiomix.c.obj
 .comment       0x000000000000004d       0x4e CMakeFiles/ii2c_polling_b2b_transfer_master.elf.dir/work1/zyj/OK8MP/OK8MP-linux-sdk/OK8MP-FreeRTOS/components/uart/fsl_adapter_iuart.c.obj
 .comment       0x000000000000004d       0x4e CMakeFiles/ii2c_polling_b2b_transfer_master.elf.dir/work1/zyj/OK8MP/OK8MP-linux-sdk/OK8MP-FreeRTOS/devices/MIMX8ML8/drivers/fsl_uart.c.obj
 .comment       0x000000000000004d       0x4e CMakeFiles/ii2c_polling_b2b_transfer_master.elf.dir/work1/zyj/OK8MP/OK8MP-linux-sdk/OK8MP-FreeRTOS/devices/MIMX8ML8/system_MIMX8ML8_cm7.c.obj

.debug_frame    0x0000000000000000      0xed0
 .debug_frame   0x0000000000000000       0x34 CMakeFiles/ii2c_polling_b2b_transfer_master.elf.dir/work1/zyj/OK8MP/OK8MP-linux-sdk/OK8MP-FreeRTOS/boards/evkmimx8mp/driver_examples/i2c/polling_b2b_transfer/master/i2c_polling_b2b_transfer_master.c.obj
 .debug_frame   0x0000000000000034       0x30 CMakeFiles/ii2c_polling_b2b_transfer_master.elf.dir/work1/zyj/OK8MP/OK8MP-linux-sdk/OK8MP-FreeRTOS/boards/evkmimx8mp/driver_examples/i2c/polling_b2b_transfer/master/pin_mux.c.obj
 .debug_frame   0x0000000000000064       0x64 CMakeFiles/ii2c_polling_b2b_transfer_master.elf.dir/work1/zyj/OK8MP/OK8MP-linux-sdk/OK8MP-FreeRTOS/boards/evkmimx8mp/driver_examples/i2c/polling_b2b_transfer/master/board.c.obj
 .debug_frame   0x00000000000000c8       0x34 CMakeFiles/ii2c_polling_b2b_transfer_master.elf.dir/work1/zyj/OK8MP/OK8MP-linux-sdk/OK8MP-FreeRTOS/boards/evkmimx8mp/driver_examples/i2c/polling_b2b_transfer/master/clock_config.c.obj
 .debug_frame   0x00000000000000fc      0x128 CMakeFiles/ii2c_polling_b2b_transfer_master.elf.dir/work1/zyj/OK8MP/OK8MP-linux-sdk/OK8MP-FreeRTOS/devices/MIMX8ML8/utilities/debug_console_lite/fsl_debug_console.c.obj
 .debug_frame   0x0000000000000224      0x2b0 CMakeFiles/ii2c_polling_b2b_transfer_master.elf.dir/work1/zyj/OK8MP/OK8MP-linux-sdk/OK8MP-FreeRTOS/devices/MIMX8ML8/drivers/fsl_clock.c.obj
 .debug_frame   0x00000000000004d4      0x3d0 CMakeFiles/ii2c_polling_b2b_transfer_master.elf.dir/work1/zyj/OK8MP/OK8MP-linux-sdk/OK8MP-FreeRTOS/devices/MIMX8ML8/drivers/fsl_i2c.c.obj
 .debug_frame   0x00000000000008a4       0xe4 CMakeFiles/ii2c_polling_b2b_transfer_master.elf.dir/work1/zyj/OK8MP/OK8MP-linux-sdk/OK8MP-FreeRTOS/devices/MIMX8ML8/drivers/fsl_rdc.c.obj
 .debug_frame   0x0000000000000988       0x6c CMakeFiles/ii2c_polling_b2b_transfer_master.elf.dir/work1/zyj/OK8MP/OK8MP-linux-sdk/OK8MP-FreeRTOS/devices/MIMX8ML8/drivers/fsl_audiomix.c.obj
 .debug_frame   0x00000000000009f4       0x9c CMakeFiles/ii2c_polling_b2b_transfer_master.elf.dir/work1/zyj/OK8MP/OK8MP-linux-sdk/OK8MP-FreeRTOS/components/uart/fsl_adapter_iuart.c.obj
 .debug_frame   0x0000000000000a90      0x2c0 CMakeFiles/ii2c_polling_b2b_transfer_master.elf.dir/work1/zyj/OK8MP/OK8MP-linux-sdk/OK8MP-FreeRTOS/devices/MIMX8ML8/drivers/fsl_uart.c.obj
 .debug_frame   0x0000000000000d50       0x8c CMakeFiles/ii2c_polling_b2b_transfer_master.elf.dir/work1/zyj/OK8MP/OK8MP-linux-sdk/OK8MP-FreeRTOS/devices/MIMX8ML8/system_MIMX8ML8_cm7.c.obj
 .debug_frame   0x0000000000000ddc       0x28 /work1/zyj/OK8MP/OK8MP-linux-sdk/gcc-arm-none-eabi-10-2020-q4-major/bin/../lib/gcc/arm-none-eabi/10.2.1/../../../../arm-none-eabi/lib/thumb/v7e-m+fp/hard/libc_nano.a(lib_a-exit.o)
 .debug_frame   0x0000000000000e04       0x2c /work1/zyj/OK8MP/OK8MP-linux-sdk/gcc-arm-none-eabi-10-2020-q4-major/bin/../lib/gcc/arm-none-eabi/10.2.1/../../../../arm-none-eabi/lib/thumb/v7e-m+fp/hard/libc_nano.a(lib_a-init.o)