Archive member included to satisfy reference by file (symbol)

/work1/zyj/OK8MP/OK8MP-linux-sdk/gcc-arm-none-eabi-10-2020-q4-major/bin/../lib/gcc/arm-none-eabi/10.2.1/../../../../arm-none-eabi/lib/thumb/v7e-m+fp/hard/libc_nano.a(lib_a-errno.o)
                              CMakeFiles/freertos_generic.elf.dir/work1/zyj/OK8MP/OK8MP-linux-sdk/OK8MP-FreeRTOS/devices/MIMX8ML8/utilities/str/fsl_str.c.obj (__errno)
/work1/zyj/OK8MP/OK8MP-linux-sdk/gcc-arm-none-eabi-10-2020-q4-major/bin/../lib/gcc/arm-none-eabi/10.2.1/../../../../arm-none-eabi/lib/thumb/v7e-m+fp/hard/libc_nano.a(lib_a-exit.o)
                              /work1/zyj/OK8MP/OK8MP-linux-sdk/gcc-arm-none-eabi-10-2020-q4-major/bin/../lib/gcc/arm-none-eabi/10.2.1/../../../../arm-none-eabi/lib/thumb/v7e-m+fp/hard/crt0.o (exit)
/work1/zyj/OK8MP/OK8MP-linux-sdk/gcc-arm-none-eabi-10-2020-q4-major/bin/../lib/gcc/arm-none-eabi/10.2.1/../../../../arm-none-eabi/lib/thumb/v7e-m+fp/hard/libc_nano.a(lib_a-impure.o)
                              /work1/zyj/OK8MP/OK8MP-linux-sdk/gcc-arm-none-eabi-10-2020-q4-major/bin/../lib/gcc/arm-none-eabi/10.2.1/../../../../arm-none-eabi/lib/thumb/v7e-m+fp/hard/libc_nano.a(lib_a-exit.o) (_global_impure_ptr)
/work1/zyj/OK8MP/OK8MP-linux-sdk/gcc-arm-none-eabi-10-2020-q4-major/bin/../lib/gcc/arm-none-eabi/10.2.1/../../../../arm-none-eabi/lib/thumb/v7e-m+fp/hard/libc_nano.a(lib_a-init.o)
                              /work1/zyj/OK8MP/OK8MP-linux-sdk/gcc-arm-none-eabi-10-2020-q4-major/bin/../lib/gcc/arm-none-eabi/10.2.1/../../../../arm-none-eabi/lib/thumb/v7e-m+fp/hard/crt0.o (__libc_init_array)
/work1/zyj/OK8MP/OK8MP-linux-sdk/gcc-arm-none-eabi-10-2020-q4-major/bin/../lib/gcc/arm-none-eabi/10.2.1/../../../../arm-none-eabi/lib/thumb/v7e-m+fp/hard/libc_nano.a(lib_a-malloc.o)
                              CMakeFiles/freertos_generic.elf.dir/work1/zyj/OK8MP/OK8MP-linux-sdk/OK8MP-FreeRTOS/devices/MIMX8ML8/drivers/fsl_common.c.obj (malloc)
/work1/zyj/OK8MP/OK8MP-linux-sdk/gcc-arm-none-eabi-10-2020-q4-major/bin/../lib/gcc/arm-none-eabi/10.2.1/../../../../arm-none-eabi/lib/thumb/v7e-m+fp/hard/libc_nano.a(lib_a-memcpy-stub.o)
                              CMakeFiles/freertos_generic.elf.dir/work1/zyj/OK8MP/OK8MP-linux-sdk/OK8MP-FreeRTOS/rtos/freertos/freertos_kernel/queue.c.obj (memcpy)
/work1/zyj/OK8MP/OK8MP-linux-sdk/gcc-arm-none-eabi-10-2020-q4-major/bin/../lib/gcc/arm-none-eabi/10.2.1/../../../../arm-none-eabi/lib/thumb/v7e-m+fp/hard/libc_nano.a(lib_a-memset.o)
                              /work1/zyj/OK8MP/OK8MP-linux-sdk/gcc-arm-none-eabi-10-2020-q4-major/bin/../lib/gcc/arm-none-eabi/10.2.1/../../../../arm-none-eabi/lib/thumb/v7e-m+fp/hard/crt0.o (memset)
/work1/zyj/OK8MP/OK8MP-linux-sdk/gcc-arm-none-eabi-10-2020-q4-major/bin/../lib/gcc/arm-none-eabi/10.2.1/../../../../arm-none-eabi/lib/thumb/v7e-m+fp/hard/libc_nano.a(lib_a-nano-freer.o)
                              /work1/zyj/OK8MP/OK8MP-linux-sdk/gcc-arm-none-eabi-10-2020-q4-major/bin/../lib/gcc/arm-none-eabi/10.2.1/../../../../arm-none-eabi/lib/thumb/v7e-m+fp/hard/libc_nano.a(lib_a-malloc.o) (_free_r)
/work1/zyj/OK8MP/OK8MP-linux-sdk/gcc-arm-none-eabi-10-2020-q4-major/bin/../lib/gcc/arm-none-eabi/10.2.1/../../../../arm-none-eabi/lib/thumb/v7e-m+fp/hard/libc_nano.a(lib_a-nano-mallocr.o)
                              /work1/zyj/OK8MP/OK8MP-linux-sdk/gcc-arm-none-eabi-10-2020-q4-major/bin/../lib/gcc/arm-none-eabi/10.2.1/../../../../arm-none-eabi/lib/thumb/v7e-m+fp/hard/libc_nano.a(lib_a-malloc.o) (_malloc_r)
/work1/zyj/OK8MP/OK8MP-linux-sdk/gcc-arm-none-eabi-10-2020-q4-major/bin/../lib/gcc/arm-none-eabi/10.2.1/../../../../arm-none-eabi/lib/thumb/v7e-m+fp/hard/libc_nano.a(lib_a-sbrkr.o)
                              /work1/zyj/OK8MP/OK8MP-linux-sdk/gcc-arm-none-eabi-10-2020-q4-major/bin/../lib/gcc/arm-none-eabi/10.2.1/../../../../arm-none-eabi/lib/thumb/v7e-m+fp/hard/libc_nano.a(lib_a-nano-mallocr.o) (_sbrk_r)
/work1/zyj/OK8MP/OK8MP-linux-sdk/gcc-arm-none-eabi-10-2020-q4-major/bin/../lib/gcc/arm-none-eabi/10.2.1/../../../../arm-none-eabi/lib/thumb/v7e-m+fp/hard/libc_nano.a(lib_a-strlen.o)
                              CMakeFiles/freertos_generic.elf.dir/work1/zyj/OK8MP/OK8MP-linux-sdk/OK8MP-FreeRTOS/devices/MIMX8ML8/utilities/str/fsl_str.c.obj (strlen)
/work1/zyj/OK8MP/OK8MP-linux-sdk/gcc-arm-none-eabi-10-2020-q4-major/bin/../lib/gcc/arm-none-eabi/10.2.1/../../../../arm-none-eabi/lib/thumb/v7e-m+fp/hard/libc_nano.a(lib_a-strtoul.o)
                              CMakeFiles/freertos_generic.elf.dir/work1/zyj/OK8MP/OK8MP-linux-sdk/OK8MP-FreeRTOS/devices/MIMX8ML8/utilities/str/fsl_str.c.obj (strtoul)
/work1/zyj/OK8MP/OK8MP-linux-sdk/gcc-arm-none-eabi-10-2020-q4-major/bin/../lib/gcc/arm-none-eabi/10.2.1/../../../../arm-none-eabi/lib/thumb/v7e-m+fp/hard/libc_nano.a(lib_a-ctype_.o)
[...]
Memory Configuration

Name             Origin             Length             Attributes
m_interrupts     0x0000000000000000 0x0000000000000400 xr
m_text           0x0000000000000400 0x000000000001fc00 xr
m_data           0x0000000020000000 0x0000000000020000 rw
m_data2          0x0000000080000000 0x0000000001000000 rw
*default*        0x0000000000000000 0xffffffffffffffff

Linker script and memory map

LOAD /work1/zyj/OK8MP/OK8MP-linux-sdk/gcc-arm-none-eabi-10-2020-q4-major/bin/../lib/gcc/arm-none-eabi/10.2.1/thumb/v7e-m+fp/hard/crti.o
LOAD /work1/zyj/OK8MP/OK8MP-linux-sdk/gcc-arm-none-eabi-10-2020-q4-major/bin/../lib/gcc/arm-none-eabi/10.2.1/thumb/v7e-m+fp/hard/crtbegin.o
LOAD /work1/zyj/OK8MP/OK8MP-linux-sdk/gcc-arm-none-eabi-10-2020-q4-major/bin/../lib/gcc/arm-none-eabi/10.2.1/../../../../arm-none-eabi/lib/thumb/v7e-m+fp/hard/crt0.o
LOAD CMakeFiles/freertos_generic.elf.dir/work1/zyj/OK8MP/OK8MP-linux-sdk/OK8MP-FreeRTOS/boards/evkmimx8mp/rtos_examples/freertos_generic/freertos_generic.c.obj
LOAD CMakeFiles/freertos_generic.elf.dir/work1/zyj/OK8MP/OK8MP-linux-sdk/OK8MP-FreeRTOS/boards/evkmimx8mp/rtos_examples/freertos_generic/pin_mux.c.obj
LOAD CMakeFiles/freertos_generic.elf.dir/work1/zyj/OK8MP/OK8MP-linux-sdk/OK8MP-FreeRTOS/boards/evkmimx8mp/rtos_examples/freertos_generic/board.c.obj
LOAD CMakeFiles/freertos_generic.elf.dir/work1/zyj/OK8MP/OK8MP-linux-sdk/OK8MP-FreeRTOS/boards/evkmimx8mp/rtos_examples/freertos_generic/clock_config.c.obj
LOAD CMakeFiles/freertos_generic.elf.dir/work1/zyj/OK8MP/OK8MP-linux-sdk/OK8MP-FreeRTOS/boards/evkmimx8mp/rtos_examples/freertos_generic/empty_rsc_table.c.obj
LOAD CMakeFiles/freertos_generic.elf.dir/work1/zyj/OK8MP/OK8MP-linux-sdk/OK8MP-FreeRTOS/devices/MIMX8ML8/drivers/fsl_clock.c.obj
LOAD CMakeFiles/freertos_generic.elf.dir/work1/zyj/OK8MP/OK8MP-linux-sdk/OK8MP-FreeRTOS/devices/MIMX8ML8/drivers/fsl_common.c.obj
LOAD CMakeFiles/freertos_generic.elf.dir/work1/zyj/OK8MP/OK8MP-linux-sdk/OK8MP-FreeRTOS/rtos/freertos/freertos_kernel/portable/MemMang/heap_4.c.obj
LOAD CMakeFiles/freertos_generic.elf.dir/work1/zyj/OK8MP/OK8MP-linux-sdk/OK8MP-FreeRTOS/rtos/freertos/freertos_kernel/event_groups.c.obj
LOAD CMakeFiles/freertos_generic.elf.dir/work1/zyj/OK8MP/OK8MP-linux-sdk/OK8MP-FreeRTOS/rtos/freertos/freertos_kernel/croutine.c.obj
LOAD CMakeFiles/freertos_generic.elf.dir/work1/zyj/OK8MP/OK8MP-linux-sdk/OK8MP-FreeRTOS/rtos/freertos/freertos_kernel/list.c.obj
LOAD CMakeFiles/freertos_generic.elf.dir/work1/zyj/OK8MP/OK8MP-linux-sdk/OK8MP-FreeRTOS/rtos/freertos/freertos_kernel/portable/GCC/ARM_CM4F/port.c.obj
LOAD CMakeFiles/freertos_generic.elf.dir/work1/zyj/OK8MP/OK8MP-linux-sdk/OK8MP-FreeRTOS/rtos/freertos/freertos_kernel/queue.c.obj
LOAD CMakeFiles/freertos_generic.elf.dir/work1/zyj/OK8MP/OK8MP-linux-sdk/OK8MP-FreeRTOS/rtos/freertos/freertos_kernel/stream_buffer.c.obj
LOAD CMakeFiles/freertos_generic.elf.dir/work1/zyj/OK8MP/OK8MP-linux-sdk/OK8MP-FreeRTOS/rtos/freertos/freertos_kernel/tasks.c.obj
LOAD CMakeFiles/freertos_generic.elf.dir/work1/zyj/OK8MP/OK8MP-linux-sdk/OK8MP-FreeRTOS/rtos/freertos/freertos_kernel/timers.c.obj
LOAD CMakeFiles/freertos_generic.elf.dir/work1/zyj/OK8MP/OK8MP-linux-sdk/OK8MP-FreeRTOS/devices/MIMX8ML8/drivers/fsl_rdc.c.obj
LOAD CMakeFiles/freertos_generic.elf.dir/work1/zyj/OK8MP/OK8MP-linux-sdk/OK8MP-FreeRTOS/devices/MIMX8ML8/drivers/fsl_audiomix.c.obj
LOAD CMakeFiles/freertos_generic.elf.dir/work1/zyj/OK8MP/OK8MP-linux-sdk/OK8MP-FreeRTOS/devices/MIMX8ML8/utilities/str/fsl_str.c.obj
LOAD CMakeFiles/freertos_generic.elf.dir/work1/zyj/OK8MP/OK8MP-linux-sdk/OK8MP-FreeRTOS/devices/MIMX8ML8/utilities/debug_console/fsl_debug_console.c.obj
LOAD CMakeFiles/freertos_generic.elf.dir/work1/zyj/OK8MP/OK8MP-linux-sdk/OK8MP-FreeRTOS/components/serial_manager/fsl_component_serial_manager.c.obj
LOAD CMakeFiles/freertos_generic.elf.dir/work1/zyj/OK8MP/OK8MP-linux-sdk/OK8MP-FreeRTOS/components/serial_manager/fsl_component_serial_port_uart.c.obj
LOAD CMakeFiles/freertos_generic.elf.dir/work1/zyj/OK8MP/OK8MP-linux-sdk/OK8MP-FreeRTOS/devices/MIMX8ML8/drivers/fsl_uart.c.obj
LOAD CMakeFiles/freertos_generic.elf.dir/work1/zyj/OK8MP/OK8MP-linux-sdk/OK8MP-FreeRTOS/components/lists/fsl_component_generic_list.c.obj
LOAD CMakeFiles/freertos_generic.elf.dir/work1/zyj/OK8MP/OK8MP-linux-sdk/OK8MP-FreeRTOS/components/uart/fsl_adapter_iuart.c.obj
LOAD CMakeFiles/freertos_generic.elf.dir/work1/zyj/OK8MP/OK8MP-linux-sdk/OK8MP-FreeRTOS/devices/MIMX8ML8/gcc/startup_MIMX8ML8_cm7.S.obj
LOAD CMakeFiles/freertos_generic.elf.dir/work1/zyj/OK8MP/OK8MP-linux-sdk/OK8MP-FreeRTOS/devices/MIMX8ML8/system_MIMX8ML8_cm7.c.obj
LOAD CMakeFiles/freertos_generic.elf.dir/work1/zyj/OK8MP/OK8MP-linux-sdk/OK8MP-FreeRTOS/devices/MIMX8ML8/utilities/fsl_assert.c.obj
LOAD CMakeFiles/freertos_generic.elf.dir/work1/zyj/OK8MP/OK8MP-linux-sdk/OK8MP-FreeRTOS/devices/MIMX8ML8/utilities/fsl_sbrk.c.obj
START GROUP
LOAD /work1/zyj/OK8MP/OK8MP-linux-sdk/gcc-arm-none-eabi-10-2020-q4-major/bin/../lib/gcc/arm-none-eabi/10.2.1/../../../../arm-none-eabi/lib/thumb/v7e-m+fp/hard/libm.a
LOAD /work1/zyj/OK8MP/OK8MP-linux-sdk/gcc-arm-none-eabi-10-2020-q4-major/bin/../lib/gcc/arm-none-eabi/10.2.1/../../../../arm-none-eabi/lib/thumb/v7e-m+fp/hard/libc_nano.a
LOAD /work1/zyj/OK8MP/OK8MP-linux-sdk/gcc-arm-none-eabi-10-2020-q4-major/bin/../lib/gcc/arm-none-eabi/10.2.1/thumb/v7e-m+fp/hard/libgcc.a
LOAD /work1/zyj/OK8MP/OK8MP-linux-sdk/gcc-arm-none-eabi-10-2020-q4-major/bin/../lib/gcc/arm-none-eabi/10.2.1/../../../../arm-none-eabi/lib/thumb/v7e-m+fp/hard/libnosys.a
END GROUP
START GROUP
LOAD /work1/zyj/OK8MP/OK8MP-linux-sdk/gcc-arm-none-eabi-10-2020-q4-major/bin/../lib/gcc/arm-none-eabi/10.2.1/thumb/v7e-m+fp/hard/libgcc.a
LOAD /work1/zyj/OK8MP/OK8MP-linux-sdk/gcc-arm-none-eabi-10-2020-q4-major/bin/../lib/gcc/arm-none-eabi/10.2.1/../../../../arm-none-eabi/lib/thumb/v7e-m+fp/hard/libg_nano.a
LOAD /work1/zyj/OK8MP/OK8MP-linux-sdk/gcc-arm-none-eabi-10-2020-q4-major/bin/../lib/gcc/arm-none-eabi/10.2.1/../../../../arm-none-eabi/lib/thumb/v7e-m+fp/hard/libc_nano.a
END GROUP
START GROUP
LOAD /work1/zyj/OK8MP/OK8MP-linux-sdk/gcc-arm-none-eabi-10-2020-q4-major/bin/../lib/gcc/arm-none-eabi/10.2.1/thumb/v7e-m+fp/hard/libgcc.a
LOAD /work1/zyj/OK8MP/OK8MP-linux-sdk/gcc-arm-none-eabi-10-2020-q4-major/bin/../lib/gcc/arm-none-eabi/10.2.1/../../../../arm-none-eabi/lib/thumb/v7e-m+fp/hard/libc_nano.a
LOAD /work1/zyj/OK8MP/OK8MP-linux-sdk/gcc-arm-none-eabi-10-2020-q4-major/bin/../lib/gcc/arm-none-eabi/10.2.1/../../../../arm-none-eabi/lib/thumb/v7e-m+fp/hard/libnosys.a
END GROUP
START GROUP
LOAD /work1/zyj/OK8MP/OK8MP-linux-sdk/gcc-arm-none-eabi-10-2020-q4-major/bin/../lib/gcc/arm-none-eabi/10.2.1/thumb/v7e-m+fp/hard/libgcc.a
LOAD /work1/zyj/OK8MP/OK8MP-linux-sdk/gcc-arm-none-eabi-10-2020-q4-major/bin/../lib/gcc/arm-none-eabi/10.2.1/../../../../arm-none-eabi/lib/thumb/v7e-m+fp/hard/libc_nano.a
LOAD /work1/zyj/OK8MP/OK8MP-linux-sdk/gcc-arm-none-eabi-10-2020-q4-major/bin/../lib/gcc/arm-none-eabi/10.2.1/../../../../arm-none-eabi/lib/thumb/v7e-m+fp/hard/libnosys.a
END GROUP
LOAD /work1/zyj/OK8MP/OK8MP-linux-sdk/gcc-arm-none-eabi-10-2020-q4-major/bin/../lib/gcc/arm-none-eabi/10.2.1/thumb/v7e-m+fp/hard/crtend.o
LOAD /work1/zyj/OK8MP/OK8MP-linux-sdk/gcc-arm-none-eabi-10-2020-q4-major/bin/../lib/gcc/arm-none-eabi/10.2.1/thumb/v7e-m+fp/hard/crtn.o
                0x0000000000000400                HEAP_SIZE = DEFINED (__heap_size__)?__heap_size__:0x400
                0x0000000000000400                STACK_SIZE = DEFINED (__stack_size__)?__stack_size__:0x400

.interrupts     0x0000000000000000      0x2a8
                0x0000000000000000                __VECTOR_TABLE = .
                0x0000000000000000                __Vectors = .
                0x0000000000000000                . = ALIGN (0x4)
 *(.isr_vector)
 .isr_vector    0x0000000000000000      0x2a8 CMakeFiles/freertos_generic.elf.dir/work1/zyj/OK8MP/OK8MP-linux-sdk/OK8MP-FreeRTOS/devices/MIMX8ML8/gcc/startup_MIMX8ML8_cm7.S.obj
                0x0000000000000000                __isr_vector
                0x00000000000002a8                . = ALIGN (0x4)

.resource_table
                0x0000000000000400       0x10
                0x0000000000000400                . = ALIGN (0x8)
 *(.resource_table)
 .resource_table
                0x0000000000000400       0x10 CMakeFiles/freertos_generic.elf.dir/work1/zyj/OK8MP/OK8MP-linux-sdk/OK8MP-FreeRTOS/boards/evkmimx8mp/rtos_examples/freertos_generic/empty_rsc_table.c.obj
                0x0000000000000400                resource_table
                0x0000000000000410                . = ALIGN (0x8)

.text           0x0000000000000410     0x3944
                0x0000000000000410                . = ALIGN (0x4)
 *(.text)
 .text          0x0000000000000410       0x40 /work1/zyj/OK8MP/OK8MP-linux-sdk/gcc-arm-none-eabi-10-2020-q4-major/bin/../lib/gcc/arm-none-eabi/10.2.1/thumb/v7e-m+fp/hard/crtbegin.o
 .text          0x0000000000000450       0x7c /work1/zyj/OK8MP/OK8MP-linux-sdk/gcc-arm-none-eabi-10-2020-q4-major/bin/../lib/gcc/arm-none-eabi/10.2.1/../../../../arm-none-eabi/lib/thumb/v7e-m+fp/hard/crt0.o
                0x0000000000000450                _stack_init
                0x0000000000000458                _mainCRTStartup
                0x0000000000000458                _start
 .text          0x00000000000004cc      0x588 CMakeFiles/freertos_generic.elf.dir/work1/zyj/OK8MP/OK8MP-linux-sdk/OK8MP-FreeRTOS/devices/MIMX8ML8/gcc/startup_MIMX8ML8_cm7.S.obj
                0x00000000000004cc                Reset_Handler
                0x0000000000000558                VPU_G2_DriverIRQHandler
                0x0000000000000558                PWM2_DriverIRQHandler
                0x0000000000000558                CAAM_ERROR_DriverIRQHandler
                0x0000000000000558                DebugMon_Handler
                0x0000000000000558                EDMA1_0_15_DriverIRQHandler
                0x0000000000000558                CPU_Error_AXI_DriverIRQHandler
                0x0000000000000558                BCH_DriverIRQHandler
                0x0000000000000558                VPU_G1_DriverIRQHandler
                0x0000000000000558                SNVS_Consolidated_DriverIRQHandler
                0x0000000000000558                MIPI_CSI1_DriverIRQHandler
                0x0000000000000558                MECC_ERR_DriverIRQHandler
                0x0000000000000558                PWM4_DriverIRQHandler
                0x0000000000000558                LCDIF1_DriverIRQHandler
                0x0000000000000558                RDC_DriverIRQHandler
                0x0000000000000558                GPIO3_Combined_0_15_DriverIRQHandler
                0x0000000000000558                USB2_WAKEUP_DriverIRQHandler
                0x0000000000000558                DDR_ERR_DriverIRQHandler
                0x0000000000000558                I2S2_DriverIRQHandler
                0x0000000000000558                I2C3_DriverIRQHandler
                0x0000000000000558                HS_CP0_DriverIRQHandler
                0x0000000000000558                GPMI_DriverIRQHandler
                0x0000000000000558                MU3_AUDIO_DriverIRQHandler
                0x0000000000000558                ISI_DriverIRQHandler
                0x0000000000000558                I2C2_DriverIRQHandler
                0x0000000000000558                ENET_QOS_PMT_DriverIRQHandler
                0x0000000000000558                MIPI_CSI2_DriverIRQHandler
                0x0000000000000558                GPIO2_Combined_16_31_DriverIRQHandler
                0x0000000000000558                PERFMON1_DriverIRQHandler
                0x0000000000000558                UsageFault_Handler
                0x0000000000000558                SCTR_IRQ0_DriverIRQHandler
                0x0000000000000558                CAAM_IRQ0_DriverIRQHandler
                0x0000000000000558                DDR_PerformanceMonitor_DriverIRQHandler
                0x0000000000000558                DefaultISR
                0x0000000000000558                CPU_PerformanceUnit_DriverIRQHandler
                0x0000000000000558                CAN_FD1_DriverIRQHandler
                0x0000000000000558                CPU_Error_L2RAM_DriverIRQHandler
                0x0000000000000558                I2S3_DriverIRQHandler
                0x0000000000000558                SDMA2_DriverIRQHandler
                0x0000000000000558                SRC_DriverIRQHandler
                0x0000000000000558                GPIO1_INT4_DriverIRQHandler
                0x0000000000000558                HS_CP1_DriverIRQHandler
                0x0000000000000558                ENET1_MAC0_Rx_Tx_Done0_DriverIRQHandler
                0x0000000000000558                USDHC1_DriverIRQHandler
                0x0000000000000558                ECSPI3_DriverIRQHandler
                0x0000000000000558                WDOG1_DriverIRQHandler
                0x0000000000000558                SDMA1_DriverIRQHandler
                0x0000000000000558                ECSPI2_DriverIRQHandler
                0x0000000000000558                GPIO1_Combined_16_31_DriverIRQHandler
                0x0000000000000558                GPIO1_INT7_DriverIRQHandler
                0x0000000000000558                MIPI_DSI_DriverIRQHandler
                0x0000000000000558                TZASC_DriverIRQHandler
                0x0000000000000558                GPIO5_Combined_0_15_DriverIRQHandler
                0x0000000000000558                GPIO1_INT0_DriverIRQHandler
                0x0000000000000558                GPIO1_INT2_DriverIRQHandler
                0x0000000000000558                GPU2D_DriverIRQHandler
                0x0000000000000558                RTIC_DriverIRQHandler
                0x0000000000000558                ENET1_1588_DriverIRQHandler
                0x0000000000000558                CAN_FD1_ERROR_DriverIRQHandler
                0x0000000000000558                EDMA1_ERR_DriverIRQHandler
                0x0000000000000558                GPT2_DriverIRQHandler
                0x0000000000000558                SCTR_IRQ1_DriverIRQHandler
                0x0000000000000558                VPU_DriverIRQHandler
                0x0000000000000558                I2S1_DriverIRQHandler
                0x0000000000000558                SNVS_Security_DriverIRQHandler
                0x0000000000000558                I2S7_DriverIRQHandler
                0x0000000000000558                AUD2HTX_DriverIRQHandler
                0x0000000000000558                PCIE_EDMA_DriverIRQHandler
                0x0000000000000558                PDM_ERROR_DriverIRQHandler
                0x0000000000000558                I2S56_DriverIRQHandler
                0x0000000000000558                ML_DriverIRQHandler
                0x0000000000000558                SJC_DriverIRQHandler
                0x0000000000000558                CAAM_IRQ1_DriverIRQHandler
                0x0000000000000558                PCIE_CTRL1_2_DriverIRQHandler
                0x0000000000000558                PERFMON2_DriverIRQHandler
                0x0000000000000558                GPT6_DriverIRQHandler
                0x0000000000000558                EDMA1_16_31_DriverIRQHandler
                0x0000000000000558                GPT5_DriverIRQHandler
                0x0000000000000558                DDR_DriverIRQHandler
                0x0000000000000558                GPT1_DriverIRQHandler
                0x0000000000000558                CAAM_IRQ2_DriverIRQHandler
                0x0000000000000558                SNVS_DriverIRQHandler
                0x0000000000000558                CSU_DriverIRQHandler
                0x0000000000000558                USDHC3_DriverIRQHandler
                0x0000000000000558                GPIO1_INT5_DriverIRQHandler
                0x0000000000000558                QOS_DriverIRQHandler
                0x0000000000000558                HDMI_TX_DriverIRQHandler
                0x0000000000000558                FlexSPI_DriverIRQHandler
                0x0000000000000558                DEWARP_DriverIRQHandler
                0x0000000000000558                GPIO1_Combined_0_15_DriverIRQHandler
                0x0000000000000558                USDHC2_DriverIRQHandler
                0x0000000000000558                WDOG3_DriverIRQHandler
                0x0000000000000558                MemManage_Handler
                0x0000000000000558                USB1_WAKEUP_DriverIRQHandler
                0x0000000000000558                PDM_EVENT_DriverIRQHandler
                0x0000000000000558                I2C4_DriverIRQHandler
                0x0000000000000558                USB1_DriverIRQHandler
                0x0000000000000558                GPIO3_Combined_16_31_DriverIRQHandler
                0x0000000000000558                AUDIO_XCVR1_DriverIRQHandler
                0x0000000000000558                PWM1_DriverIRQHandler
                0x0000000000000558                MU3_M7_DriverIRQHandler
                0x0000000000000558                PCIE_CTRL1_3_DriverIRQHandler
                0x0000000000000558                GPT4_DriverIRQHandler
                0x0000000000000558                MU2_A53_DriverIRQHandler
                0x0000000000000558                I2C1_DriverIRQHandler
                0x0000000000000558                AUDIO_XCVR_DriverIRQHandler
                0x0000000000000558                SDMA3_DriverIRQHandler
                0x0000000000000558                CM7_CTI_DriverIRQHandler
                0x0000000000000558                ECSPI1_DriverIRQHandler
                0x0000000000000558                DAP_DriverIRQHandler
                0x0000000000000558                Reserved16_DriverIRQHandler
                0x0000000000000558                ENET_QOS_DriverIRQHandler
                0x0000000000000558                I2C6_DriverIRQHandler
                0x0000000000000558                ENET1_DriverIRQHandler
                0x0000000000000558                ISP2_DriverIRQHandler
                0x0000000000000558                GPIO1_INT3_DriverIRQHandler
                0x0000000000000558                MECC_DriverIRQHandler
                0x0000000000000558                MECC_S_DriverIRQHandler
                0x0000000000000558                PCIE_CTRL1_1_DriverIRQHandler
                0x0000000000000558                APBHDMA_DriverIRQHandler
                0x0000000000000558                ENET1_MAC0_Rx_Tx_Done1_DriverIRQHandler
                0x0000000000000558                GPC_DriverIRQHandler
                0x0000000000000558                GPIO2_Combined_0_15_DriverIRQHandler
                0x0000000000000558                GPT3_DriverIRQHandler
                0x0000000000000558                CAN_FD2_DriverIRQHandler
                0x0000000000000558                CCM_IRQ2_DriverIRQHandler
                0x0000000000000558                PCIE_CTRL1_0_DriverIRQHandler
                0x0000000000000558                LCDIF2_DriverIRQHandler
                0x0000000000000558                WDOG2_DriverIRQHandler
                0x0000000000000558                ANAMIX_DriverIRQHandler
                0x0000000000000558                MECC_S_ERR_DriverIRQHandler
                0x0000000000000558                USB2_DriverIRQHandler
                0x0000000000000558                GPIO4_Combined_0_15_DriverIRQHandler
                0x0000000000000558                I2C5_DriverIRQHandler
                0x0000000000000558                GPIO4_Combined_16_31_DriverIRQHandler
                0x0000000000000558                ISP1_DriverIRQHandler
                0x0000000000000558                GPIO5_Combined_16_31_DriverIRQHandler
                0x0000000000000558                PCIE_CTRL1_ERR_DriverIRQHandler
                0x0000000000000558                ASRC_DriverIRQHandler
                0x0000000000000558                CAN_FD2_ERROR_DriverIRQHandler
                0x0000000000000558                BusFault_Handler
                0x0000000000000558                GPU3D_DriverIRQHandler
                0x0000000000000558                PDM_HWVAD_ERROR_DriverIRQHandler
                0x0000000000000558                PCIE_CTRL1_DriverIRQHandler
                0x0000000000000558                CCM_IRQ1_DriverIRQHandler
                0x0000000000000558                CPU_CTI_Trigger_DriverIRQHandler
                0x0000000000000558                PDM_HWVAD_EVENT_DriverIRQHandler
                0x0000000000000558                MU1_M7_DriverIRQHandler
                0x0000000000000558                MU2_AUDIO_DriverIRQHandler
                0x0000000000000558                PWM3_DriverIRQHandler
                0x0000000000000558                AUDIO_XCVR0_DriverIRQHandler
                0x0000000000000558                GPIO1_INT6_DriverIRQHandler
                0x0000000000000558                GPIO1_INT1_DriverIRQHandler
                0x0000000000000558                ISI_CH1_DriverIRQHandler
                0x0000000000000558                SRC_Combined_DriverIRQHandler
                0x0000000000000558                MU1_A53_DriverIRQHandler
                0x000000000000055c                NMI_Handler
                0x0000000000000560                HardFault_Handler
                0x0000000000000570                Reserved16_IRQHandler
                0x0000000000000574                DAP_IRQHandler
                0x0000000000000578                SDMA1_IRQHandler
                0x000000000000057c                GPU3D_IRQHandler
                0x0000000000000580                SNVS_IRQHandler
                0x0000000000000584                LCDIF1_IRQHandler
                0x0000000000000588                LCDIF2_IRQHandler
                0x000000000000058c                VPU_G1_IRQHandler
                0x0000000000000590                VPU_G2_IRQHandler
                0x0000000000000594                QOS_IRQHandler
                0x0000000000000598                WDOG3_IRQHandler
                0x000000000000059c                HS_CP1_IRQHandler
                0x00000000000005a0                APBHDMA_IRQHandler
                0x00000000000005a4                ML_IRQHandler
                0x00000000000005a8                BCH_IRQHandler
                0x00000000000005ac                GPMI_IRQHandler
                0x00000000000005b0                ISI_IRQHandler
                0x00000000000005b4                MIPI_CSI1_IRQHandler
                0x00000000000005b8                MIPI_DSI_IRQHandler
                0x00000000000005bc                SNVS_Consolidated_IRQHandler
                0x00000000000005c0                SNVS_Security_IRQHandler
                0x00000000000005c4                CSU_IRQHandler
                0x00000000000005c8                USDHC1_IRQHandler
                0x00000000000005cc                USDHC2_IRQHandler
                0x00000000000005d0                USDHC3_IRQHandler
                0x00000000000005d4                GPU2D_IRQHandler
                0x00000000000005d8                UART1_IRQHandler
                0x00000000000005dc                UART2_IRQHandler
                0x00000000000005e0                UART3_IRQHandler
                0x00000000000005e4                UART4_IRQHandler
                0x00000000000005e8                VPU_IRQHandler
                0x00000000000005ec                ECSPI1_IRQHandler
                0x00000000000005f0                ECSPI2_IRQHandler
                0x00000000000005f4                ECSPI3_IRQHandler
                0x00000000000005f8                SDMA3_IRQHandler
                0x00000000000005fc                I2C1_IRQHandler
                0x0000000000000600                I2C2_IRQHandler
                0x0000000000000604                I2C3_IRQHandler
                0x0000000000000608                I2C4_IRQHandler
                0x000000000000060c                RDC_IRQHandler
                0x0000000000000610                USB1_IRQHandler
                0x0000000000000614                USB2_IRQHandler
                0x0000000000000618                ISI_CH1_IRQHandler
                0x000000000000061c                HDMI_TX_IRQHandler
                0x0000000000000620                PDM_HWVAD_EVENT_IRQHandler
                0x0000000000000624                PDM_HWVAD_ERROR_IRQHandler
                0x0000000000000628                GPT6_IRQHandler
                0x000000000000062c                SCTR_IRQ0_IRQHandler
                0x0000000000000630                SCTR_IRQ1_IRQHandler
                0x0000000000000634                ANAMIX_IRQHandler
                0x0000000000000638                I2S3_IRQHandler
                0x000000000000063c                GPT5_IRQHandler
                0x0000000000000640                GPT4_IRQHandler
                0x0000000000000644                GPT3_IRQHandler
                0x0000000000000648                GPT2_IRQHandler
                0x000000000000064c                GPT1_IRQHandler
                0x0000000000000650                GPIO1_INT7_IRQHandler
                0x0000000000000654                GPIO1_INT6_IRQHandler
                0x0000000000000658                GPIO1_INT5_IRQHandler
                0x000000000000065c                GPIO1_INT4_IRQHandler
                0x0000000000000660                GPIO1_INT3_IRQHandler
                0x0000000000000664                GPIO1_INT2_IRQHandler
                0x0000000000000668                GPIO1_INT1_IRQHandler
                0x000000000000066c                GPIO1_INT0_IRQHandler
                0x0000000000000670                GPIO1_Combined_0_15_IRQHandler
                0x0000000000000674                GPIO1_Combined_16_31_IRQHandler
                0x0000000000000678                GPIO2_Combined_0_15_IRQHandler
                0x000000000000067c                GPIO2_Combined_16_31_IRQHandler
                0x0000000000000680                GPIO3_Combined_0_15_IRQHandler
                0x0000000000000684                GPIO3_Combined_16_31_IRQHandler
                0x0000000000000688                GPIO4_Combined_0_15_IRQHandler
                0x000000000000068c                GPIO4_Combined_16_31_IRQHandler
                0x0000000000000690                GPIO5_Combined_0_15_IRQHandler
                0x0000000000000694                GPIO5_Combined_16_31_IRQHandler
                0x0000000000000698                ISP1_IRQHandler
                0x000000000000069c                ISP2_IRQHandler
                0x00000000000006a0                I2C5_IRQHandler
                0x00000000000006a4                I2C6_IRQHandler
                0x00000000000006a8                WDOG1_IRQHandler
                0x00000000000006ac                WDOG2_IRQHandler
                0x00000000000006b0                MIPI_CSI2_IRQHandler
                0x00000000000006b4                PWM1_IRQHandler
                0x00000000000006b8                PWM2_IRQHandler
                0x00000000000006bc                PWM3_IRQHandler
                0x00000000000006c0                PWM4_IRQHandler
                0x00000000000006c4                CCM_IRQ1_IRQHandler
                0x00000000000006c8                CCM_IRQ2_IRQHandler
                0x00000000000006cc                GPC_IRQHandler
                0x00000000000006d0                MU1_A53_IRQHandler
                0x00000000000006d4                SRC_IRQHandler
                0x00000000000006d8                I2S56_IRQHandler
                0x00000000000006dc                RTIC_IRQHandler
                0x00000000000006e0                CPU_PerformanceUnit_IRQHandler
                0x00000000000006e4                CPU_CTI_Trigger_IRQHandler
                0x00000000000006e8                SRC_Combined_IRQHandler
                0x00000000000006ec                I2S1_IRQHandler
                0x00000000000006f0                I2S2_IRQHandler
                0x00000000000006f4                MU1_M7_IRQHandler
                0x00000000000006f8                DDR_PerformanceMonitor_IRQHandler
                0x00000000000006fc                DDR_IRQHandler
                0x0000000000000700                DEWARP_IRQHandler
                0x0000000000000704                CPU_Error_AXI_IRQHandler
                0x0000000000000708                CPU_Error_L2RAM_IRQHandler
                0x000000000000070c                SDMA2_IRQHandler
                0x0000000000000710                SJC_IRQHandler
                0x0000000000000714                CAAM_IRQ0_IRQHandler
                0x0000000000000718                CAAM_IRQ1_IRQHandler
                0x000000000000071c                FlexSPI_IRQHandler
                0x0000000000000720                TZASC_IRQHandler
                0x0000000000000724                PDM_EVENT_IRQHandler
                0x0000000000000728                PDM_ERROR_IRQHandler
                0x000000000000072c                I2S7_IRQHandler
                0x0000000000000730                PERFMON1_IRQHandler
                0x0000000000000734                PERFMON2_IRQHandler
                0x0000000000000738                CAAM_IRQ2_IRQHandler
                0x000000000000073c                CAAM_ERROR_IRQHandler
                0x0000000000000740                HS_CP0_IRQHandler
                0x0000000000000744                CM7_CTI_IRQHandler
                0x0000000000000748                ENET1_MAC0_Rx_Tx_Done0_IRQHandler
                0x000000000000074c                ENET1_MAC0_Rx_Tx_Done1_IRQHandler
                0x0000000000000750                ENET1_IRQHandler
                0x0000000000000754                ENET1_1588_IRQHandler
                0x0000000000000758                ASRC_IRQHandler
                0x000000000000075c                PCIE_CTRL1_0_IRQHandler
                0x0000000000000760                PCIE_CTRL1_1_IRQHandler
                0x0000000000000764                PCIE_CTRL1_2_IRQHandler
                0x0000000000000768                PCIE_CTRL1_3_IRQHandler
                0x000000000000076c                PCIE_EDMA_IRQHandler
                0x0000000000000770                AUDIO_XCVR0_IRQHandler
                0x0000000000000774                AUDIO_XCVR1_IRQHandler
                0x0000000000000778                AUD2HTX_IRQHandler
                0x000000000000077c                EDMA1_ERR_IRQHandler
                0x0000000000000780                EDMA1_0_15_IRQHandler
                0x0000000000000784                EDMA1_16_31_IRQHandler
                0x0000000000000788                ENET_QOS_PMT_IRQHandler
                0x000000000000078c                ENET_QOS_IRQHandler
                0x0000000000000790                MU2_A53_IRQHandler
                0x0000000000000794                MU2_AUDIO_IRQHandler
                0x0000000000000798                MU3_M7_IRQHandler
                0x000000000000079c                MU3_AUDIO_IRQHandler
                0x00000000000007a0                PCIE_CTRL1_IRQHandler
                0x00000000000007a4                PCIE_CTRL1_ERR_IRQHandler
                0x00000000000007a8                CAN_FD1_IRQHandler
                0x00000000000007ac                CAN_FD1_ERROR_IRQHandler
                0x00000000000007b0                CAN_FD2_IRQHandler
                0x00000000000007b4                CAN_FD2_ERROR_IRQHandler
                0x00000000000007b8                AUDIO_XCVR_IRQHandler
                0x00000000000007bc                DDR_ERR_IRQHandler
                0x00000000000007c0                USB1_WAKEUP_IRQHandler
                0x00000000000007c4                USB2_WAKEUP_IRQHandler
                0x00000000000007c8                MECC_IRQHandler
                0x00000000000007cc                MECC_ERR_IRQHandler
                0x00000000000007d0                MECC_S_IRQHandler
                0x00000000000007d4                MECC_S_ERR_IRQHandler
 .text          0x0000000000000a54       0x10 /work1/zyj/OK8MP/OK8MP-linux-sdk/gcc-arm-none-eabi-10-2020-q4-major/bin/../lib/gcc/arm-none-eabi/10.2.1/../../../../arm-none-eabi/lib/thumb/v7e-m+fp/hard/libc_nano.a(lib_a-strlen.o)
                0x0000000000000a54                strlen
 .text          0x0000000000000a64       0x30 /work1/zyj/OK8MP/OK8MP-linux-sdk/gcc-arm-none-eabi-10-2020-q4-major/bin/../lib/gcc/arm-none-eabi/10.2.1/thumb/v7e-m+fp/hard/libgcc.a(_aeabi_uldivmod.o)
                0x0000000000000a64                __aeabi_uldivmod
 .text          0x0000000000000a94      0x2d0 /work1/zyj/OK8MP/OK8MP-linux-sdk/gcc-arm-none-eabi-10-2020-q4-major/bin/../lib/gcc/arm-none-eabi/10.2.1/thumb/v7e-m+fp/hard/libgcc.a(_udivmoddi4.o)
                0x0000000000000a94                __udivmoddi4
 .text          0x0000000000000d64        0x4 /work1/zyj/OK8MP/OK8MP-linux-sdk/gcc-arm-none-eabi-10-2020-q4-major/bin/../lib/gcc/arm-none-eabi/10.2.1/thumb/v7e-m+fp/hard/libgcc.a(_dvmd_tls.o)
                0x0000000000000d64                __aeabi_ldiv0
                0x0000000000000d64                __aeabi_idiv0
 *(.text*)
 .text.vExampleTimerCallback
                0x0000000000000d68       0x10 CMakeFiles/freertos_generic.elf.dir/work1/zyj/OK8MP/OK8MP-linux-sdk/OK8MP-FreeRTOS/boards/evkmimx8mp/rtos_examples/freertos_generic/freertos_generic.c.obj
 .text.prvEventSemaphoreTask
                0x0000000000000d78       0x3c CMakeFiles/freertos_generic.elf.dir/work1/zyj/OK8MP/OK8MP-linux-sdk/OK8MP-FreeRTOS/boards/evkmimx8mp/rtos_examples/freertos_generic/freertos_generic.c.obj
 .text.prvQueueSendTask
                0x0000000000000db4       0x28 CMakeFiles/freertos_generic.elf.dir/work1/zyj/OK8MP/OK8MP-linux-sdk/OK8MP-FreeRTOS/boards/evkmimx8mp/rtos_examples/freertos_generic/freertos_generic.c.obj
 .text.prvQueueReceiveTask
                0x0000000000000ddc       0x38 CMakeFiles/freertos_generic.elf.dir/work1/zyj/OK8MP/OK8MP-linux-sdk/OK8MP-FreeRTOS/boards/evkmimx8mp/rtos_examples/freertos_generic/freertos_generic.c.obj
 .text.startup.main
                0x0000000000000e14      0x108 CMakeFiles/freertos_generic.elf.dir/work1/zyj/OK8MP/OK8MP-linux-sdk/OK8MP-FreeRTOS/boards/evkmimx8mp/rtos_examples/freertos_generic/freertos_generic.c.obj
                0x0000000000000e14                main
 .text.vApplicationTickHook
                0x0000000000000f1c       0x2c CMakeFiles/freertos_generic.elf.dir/work1/zyj/OK8MP/OK8MP-linux-sdk/OK8MP-FreeRTOS/boards/evkmimx8mp/rtos_examples/freertos_generic/freertos_generic.c.obj
                0x0000000000000f1c                vApplicationTickHook
 .text.vApplicationMallocFailedHook
                0x0000000000000f48        0x2 CMakeFiles/freertos_generic.elf.dir/work1/zyj/OK8MP/OK8MP-linux-sdk/OK8MP-FreeRTOS/boards/evkmimx8mp/rtos_examples/freertos_generic/freertos_generic.c.obj
                0x0000000000000f48                vApplicationMallocFailedHook
 .text.vApplicationStackOverflowHook
                0x0000000000000f4a        0x2 CMakeFiles/freertos_generic.elf.dir/work1/zyj/OK8MP/OK8MP-linux-sdk/OK8MP-FreeRTOS/boards/evkmimx8mp/rtos_examples/freertos_generic/freertos_generic.c.obj
                0x0000000000000f4a                vApplicationStackOverflowHook
 .text.vApplicationIdleHook
                0x0000000000000f4c       0x10 CMakeFiles/freertos_generic.elf.dir/work1/zyj/OK8MP/OK8MP-linux-sdk/OK8MP-FreeRTOS/boards/evkmimx8mp/rtos_examples/freertos_generic/freertos_generic.c.obj
                0x0000000000000f4c                vApplicationIdleHook
 .text.BOARD_InitPins
                0x0000000000000f5c       0x24 CMakeFiles/freertos_generic.elf.dir/work1/zyj/OK8MP/OK8MP-linux-sdk/OK8MP-FreeRTOS/boards/evkmimx8mp/rtos_examples/freertos_generic/pin_mux.c.obj
                0x0000000000000f5c                BOARD_InitPins
 .text.BOARD_InitDebugConsole
                0x0000000000000f80       0x44 CMakeFiles/freertos_generic.elf.dir/work1/zyj/OK8MP/OK8MP-linux-sdk/OK8MP-FreeRTOS/boards/evkmimx8mp/rtos_examples/freertos_generic/board.c.obj
                0x0000000000000f80                BOARD_InitDebugConsole
 .text.BOARD_InitMemory
                0x0000000000000fc4      0x1d4 CMakeFiles/freertos_generic.elf.dir/work1/zyj/OK8MP/OK8MP-linux-sdk/OK8MP-FreeRTOS/boards/evkmimx8mp/rtos_examples/freertos_generic/board.c.obj
                0x0000000000000fc4                BOARD_InitMemory
 .text.BOARD_RdcInit
                0x0000000000001198       0x64 CMakeFiles/freertos_generic.elf.dir/work1/zyj/OK8MP/OK8MP-linux-sdk/OK8MP-FreeRTOS/boards/evkmimx8mp/rtos_examples/freertos_generic/board.c.obj
                0x0000000000001198                BOARD_RdcInit
 .text.BOARD_BootClockRUN
                0x00000000000011fc      0x164 CMakeFiles/freertos_generic.elf.dir/work1/zyj/OK8MP/OK8MP-linux-sdk/OK8MP-FreeRTOS/boards/evkmimx8mp/rtos_examples/freertos_generic/clock_config.c.obj
                0x00000000000011fc                BOARD_BootClockRUN
 .text.CLOCK_GetPllRefClkFreq
                0x0000000000001360       0x20 CMakeFiles/freertos_generic.elf.dir/work1/zyj/OK8MP/OK8MP-linux-sdk/OK8MP-FreeRTOS/devices/MIMX8ML8/drivers/fsl_clock.c.obj
                0x0000000000001360                CLOCK_GetPllRefClkFreq
 .text.CLOCK_InitFracPll
                0x0000000000001380       0x54 CMakeFiles/freertos_generic.elf.dir/work1/zyj/OK8MP/OK8MP-linux-sdk/OK8MP-FreeRTOS/devices/MIMX8ML8/drivers/fsl_clock.c.obj
                0x0000000000001380                CLOCK_InitFracPll
 .text.CLOCK_InitAudioPll1
                0x00000000000013d4       0x28 CMakeFiles/freertos_generic.elf.dir/work1/zyj/OK8MP/OK8MP-linux-sdk/OK8MP-FreeRTOS/devices/MIMX8ML8/drivers/fsl_clock.c.obj
                0x00000000000013d4                CLOCK_InitAudioPll1
 .text.CLOCK_InitAudioPll2
                0x00000000000013fc       0x2c CMakeFiles/freertos_generic.elf.dir/work1/zyj/OK8MP/OK8MP-linux-sdk/OK8MP-FreeRTOS/devices/MIMX8ML8/drivers/fsl_clock.c.obj
                0x00000000000013fc                CLOCK_InitAudioPll2
 .text.CLOCK_GetFracPllFreq
                0x0000000000001428       0x40 CMakeFiles/freertos_generic.elf.dir/work1/zyj/OK8MP/OK8MP-linux-sdk/OK8MP-FreeRTOS/devices/MIMX8ML8/drivers/fsl_clock.c.obj
                0x0000000000001428                CLOCK_GetFracPllFreq
 .text.CLOCK_GetIntegerPllFreq
                0x0000000000001468       0x36 CMakeFiles/freertos_generic.elf.dir/work1/zyj/OK8MP/OK8MP-linux-sdk/OK8MP-FreeRTOS/devices/MIMX8ML8/drivers/fsl_clock.c.obj
                0x0000000000001468                CLOCK_GetIntegerPllFreq
 *fill*         0x000000000000149e        0x2 
 .text.CLOCK_GetPllFreq
                0x00000000000014a0       0xb4 CMakeFiles/freertos_generic.elf.dir/work1/zyj/OK8MP/OK8MP-linux-sdk/OK8MP-FreeRTOS/devices/MIMX8ML8/drivers/fsl_clock.c.obj
                0x00000000000014a0                CLOCK_GetPllFreq
 .text.CLOCK_SetRootDivider
                0x0000000000001554       0x20 CMakeFiles/freertos_generic.elf.dir/work1/zyj/OK8MP/OK8MP-linux-sdk/OK8MP-FreeRTOS/devices/MIMX8ML8/drivers/fsl_clock.c.obj
                0x0000000000001554                CLOCK_SetRootDivider
 .text.CLOCK_EnableClock
                0x0000000000001574       0x50 CMakeFiles/freertos_generic.elf.dir/work1/zyj/OK8MP/OK8MP-linux-sdk/OK8MP-FreeRTOS/devices/MIMX8ML8/drivers/fsl_clock.c.obj
                0x0000000000001574                CLOCK_EnableClock
 .text.prvInsertBlockIntoFreeList
                0x00000000000015c4       0x48 CMakeFiles/freertos_generic.elf.dir/work1/zyj/OK8MP/OK8MP-linux-sdk/OK8MP-FreeRTOS/rtos/freertos/freertos_kernel/portable/MemMang/heap_4.c.obj
 .text.pvPortMalloc
                0x000000000000160c      0x124 CMakeFiles/freertos_generic.elf.dir/work1/zyj/OK8MP/OK8MP-linux-sdk/OK8MP-FreeRTOS/rtos/freertos/freertos_kernel/portable/MemMang/heap_4.c.obj
                0x000000000000160c                pvPortMalloc
 .text.vPortFree
                0x0000000000001730       0x7c CMakeFiles/freertos_generic.elf.dir/work1/zyj/OK8MP/OK8MP-linux-sdk/OK8MP-FreeRTOS/rtos/freertos/freertos_kernel/portable/MemMang/heap_4.c.obj
                0x0000000000001730                vPortFree
 .text.xPortGetFreeHeapSize
                0x00000000000017ac        0xc CMakeFiles/freertos_generic.elf.dir/work1/zyj/OK8MP/OK8MP-linux-sdk/OK8MP-FreeRTOS/rtos/freertos/freertos_kernel/portable/MemMang/heap_4.c.obj
                0x00000000000017ac                xPortGetFreeHeapSize
 .text.vListInitialise
                0x00000000000017b8       0x16 CMakeFiles/freertos_generic.elf.dir/work1/zyj/OK8MP/OK8MP-linux-sdk/OK8MP-FreeRTOS/rtos/freertos/freertos_kernel/list.c.obj
                0x00000000000017b8                vListInitialise
 .text.vListInitialiseItem
                0x00000000000017ce        0x6 CMakeFiles/freertos_generic.elf.dir/work1/zyj/OK8MP/OK8MP-linux-sdk/OK8MP-FreeRTOS/rtos/freertos/freertos_kernel/list.c.obj
                0x00000000000017ce                vListInitialiseItem
 .text.vListInsertEnd
                0x00000000000017d4       0x18 CMakeFiles/freertos_generic.elf.dir/work1/zyj/OK8MP/OK8MP-linux-sdk/OK8MP-FreeRTOS/rtos/freertos/freertos_kernel/list.c.obj
                0x00000000000017d4                vListInsertEnd
 .text.vListInsert
                0x00000000000017ec       0x2e CMakeFiles/freertos_generic.elf.dir/work1/zyj/OK8MP/OK8MP-linux-sdk/OK8MP-FreeRTOS/rtos/freertos/freertos_kernel/list.c.obj
                0x00000000000017ec                vListInsert
 .text.uxListRemove
                0x000000000000181a       0x20 CMakeFiles/freertos_generic.elf.dir/work1/zyj/OK8MP/OK8MP-linux-sdk/OK8MP-FreeRTOS/rtos/freertos/freertos_kernel/list.c.obj
                0x000000000000181a                uxListRemove
 *fill*         0x000000000000183a        0x2 
 .text.prvPortStartFirstTask
                0x000000000000183c       0x28 CMakeFiles/freertos_generic.elf.dir/work1/zyj/OK8MP/OK8MP-linux-sdk/OK8MP-FreeRTOS/rtos/freertos/freertos_kernel/portable/GCC/ARM_CM4F/port.c.obj
 .text.vPortEnableVFP
                0x0000000000001864       0x14 CMakeFiles/freertos_generic.elf.dir/work1/zyj/OK8MP/OK8MP-linux-sdk/OK8MP-FreeRTOS/rtos/freertos/freertos_kernel/portable/GCC/ARM_CM4F/port.c.obj
 .text.prvTaskExitError
                0x0000000000001878       0x40 CMakeFiles/freertos_generic.elf.dir/work1/zyj/OK8MP/OK8MP-linux-sdk/OK8MP-FreeRTOS/rtos/freertos/freertos_kernel/portable/GCC/ARM_CM4F/port.c.obj
 .text.pxPortInitialiseStack
                0x00000000000018b8       0x24 CMakeFiles/freertos_generic.elf.dir/work1/zyj/OK8MP/OK8MP-linux-sdk/OK8MP-FreeRTOS/rtos/freertos/freertos_kernel/portable/GCC/ARM_CM4F/port.c.obj
                0x00000000000018b8                pxPortInitialiseStack
 *fill*         0x00000000000018dc        0x4 
 .text.SVC_Handler
                0x00000000000018e0       0x24 CMakeFiles/freertos_generic.elf.dir/work1/zyj/OK8MP/OK8MP-linux-sdk/OK8MP-FreeRTOS/rtos/freertos/freertos_kernel/portable/GCC/ARM_CM4F/port.c.obj
                0x00000000000018e0                SVC_Handler
 .text.vPortEnterCritical
                0x0000000000001904       0x40 CMakeFiles/freertos_generic.elf.dir/work1/zyj/OK8MP/OK8MP-linux-sdk/OK8MP-FreeRTOS/rtos/freertos/freertos_kernel/portable/GCC/ARM_CM4F/port.c.obj
                0x0000000000001904                vPortEnterCritical
 .text.vPortExitCritical
                0x0000000000001944       0x28 CMakeFiles/freertos_generic.elf.dir/work1/zyj/OK8MP/OK8MP-linux-sdk/OK8MP-FreeRTOS/rtos/freertos/freertos_kernel/portable/GCC/ARM_CM4F/port.c.obj
                0x0000000000001944                vPortExitCritical
 *fill*         0x000000000000196c        0x4 
 .text.PendSV_Handler
                0x0000000000001970       0x64 CMakeFiles/freertos_generic.elf.dir/work1/zyj/OK8MP/OK8MP-linux-sdk/OK8MP-FreeRTOS/rtos/freertos/freertos_kernel/portable/GCC/ARM_CM4F/port.c.obj
                0x0000000000001970                PendSV_Handler
 .text.SysTick_Handler
                0x00000000000019d4       0x2c CMakeFiles/freertos_generic.elf.dir/work1/zyj/OK8MP/OK8MP-linux-sdk/OK8MP-FreeRTOS/rtos/freertos/freertos_kernel/portable/GCC/ARM_CM4F/port.c.obj
                0x00000000000019d4                SysTick_Handler
 .text.vPortSetupTimerInterrupt
                0x0000000000001a00       0x24 CMakeFiles/freertos_generic.elf.dir/work1/zyj/OK8MP/OK8MP-linux-sdk/OK8MP-FreeRTOS/rtos/freertos/freertos_kernel/portable/GCC/ARM_CM4F/port.c.obj
                0x0000000000001a00                vPortSetupTimerInterrupt
 .text.xPortStartScheduler
                0x0000000000001a24      0x10c CMakeFiles/freertos_generic.elf.dir/work1/zyj/OK8MP/OK8MP-linux-sdk/OK8MP-FreeRTOS/rtos/freertos/freertos_kernel/portable/GCC/ARM_CM4F/port.c.obj
                0x0000000000001a24                xPortStartScheduler
 .text.vPortValidateInterruptPriority
                0x0000000000001b30       0x5c CMakeFiles/freertos_generic.elf.dir/work1/zyj/OK8MP/OK8MP-linux-sdk/OK8MP-FreeRTOS/rtos/freertos/freertos_kernel/portable/GCC/ARM_CM4F/port.c.obj
                0x0000000000001b30                vPortValidateInterruptPriority
 .text.prvIsQueueEmpty
                0x0000000000001b8c       0x16 CMakeFiles/freertos_generic.elf.dir/work1/zyj/OK8MP/OK8MP-linux-sdk/OK8MP-FreeRTOS/rtos/freertos/freertos_kernel/queue.c.obj
 .text.prvCopyDataToQueue
                0x0000000000001ba2       0x6a CMakeFiles/freertos_generic.elf.dir/work1/zyj/OK8MP/OK8MP-linux-sdk/OK8MP-FreeRTOS/rtos/freertos/freertos_kernel/queue.c.obj
 .text.prvCopyDataFromQueue
                0x0000000000001c0c       0x2a CMakeFiles/freertos_generic.elf.dir/work1/zyj/OK8MP/OK8MP-linux-sdk/OK8MP-FreeRTOS/rtos/freertos/freertos_kernel/queue.c.obj
 .text.prvUnlockQueue
                0x0000000000001c36       0x70 CMakeFiles/freertos_generic.elf.dir/work1/zyj/OK8MP/OK8MP-linux-sdk/OK8MP-FreeRTOS/rtos/freertos/freertos_kernel/queue.c.obj
 .text.xQueueGenericReset
                0x0000000000001ca6       0x7e CMakeFiles/freertos_generic.elf.dir/work1/zyj/OK8MP/OK8MP-linux-sdk/OK8MP-FreeRTOS/rtos/freertos/freertos_kernel/queue.c.obj
                0x0000000000001ca6                xQueueGenericReset
 .text.xQueueGenericCreate
                0x0000000000001d24       0x48 CMakeFiles/freertos_generic.elf.dir/work1/zyj/OK8MP/OK8MP-linux-sdk/OK8MP-FreeRTOS/rtos/freertos/freertos_kernel/queue.c.obj
                0x0000000000001d24                xQueueGenericCreate
 .text.xQueueGenericSend
                0x0000000000001d6c      0x166 CMakeFiles/freertos_generic.elf.dir/work1/zyj/OK8MP/OK8MP-linux-sdk/OK8MP-FreeRTOS/rtos/freertos/freertos_kernel/queue.c.obj
                0x0000000000001d6c                xQueueGenericSend
 .text.xQueueGenericSendFromISR
                0x0000000000001ed2       0xc4 CMakeFiles/freertos_generic.elf.dir/work1/zyj/OK8MP/OK8MP-linux-sdk/OK8MP-FreeRTOS/rtos/freertos/freertos_kernel/queue.c.obj
                0x0000000000001ed2                xQueueGenericSendFromISR
 .text.xQueueGiveFromISR
                0x0000000000001f96       0xa8 CMakeFiles/freertos_generic.elf.dir/work1/zyj/OK8MP/OK8MP-linux-sdk/OK8MP-FreeRTOS/rtos/freertos/freertos_kernel/queue.c.obj
                0x0000000000001f96                xQueueGiveFromISR
 .text.xQueueReceive
                0x000000000000203e      0x13e CMakeFiles/freertos_generic.elf.dir/work1/zyj/OK8MP/OK8MP-linux-sdk/OK8MP-FreeRTOS/rtos/freertos/freertos_kernel/queue.c.obj
                0x000000000000203e                xQueueReceive
 .text.xQueueSemaphoreTake
                0x000000000000217c      0x186 CMakeFiles/freertos_generic.elf.dir/work1/zyj/OK8MP/OK8MP-linux-sdk/OK8MP-FreeRTOS/rtos/freertos/freertos_kernel/queue.c.obj
                0x000000000000217c                xQueueSemaphoreTake
 *fill*         0x0000000000002302        0x2 
 .text.vQueueAddToRegistry
                0x0000000000002304       0x24 CMakeFiles/freertos_generic.elf.dir/work1/zyj/OK8MP/OK8MP-linux-sdk/OK8MP-FreeRTOS/rtos/freertos/freertos_kernel/queue.c.obj
                0x0000000000002304                vQueueAddToRegistry
 .text.vQueueWaitForMessageRestricted
                0x0000000000002328       0x46 CMakeFiles/freertos_generic.elf.dir/work1/zyj/OK8MP/OK8MP-linux-sdk/OK8MP-FreeRTOS/rtos/freertos/freertos_kernel/queue.c.obj
                0x0000000000002328                vQueueWaitForMessageRestricted
 *fill*         0x000000000000236e        0x2 
 .text.prvAddCurrentTaskToDelayedList
                0x0000000000002370       0x88 CMakeFiles/freertos_generic.elf.dir/work1/zyj/OK8MP/OK8MP-linux-sdk/OK8MP-FreeRTOS/rtos/freertos/freertos_kernel/tasks.c.obj
 .text.prvResetNextTaskUnblockTime
                0x00000000000023f8       0x24 CMakeFiles/freertos_generic.elf.dir/work1/zyj/OK8MP/OK8MP-linux-sdk/OK8MP-FreeRTOS/rtos/freertos/freertos_kernel/tasks.c.obj
 .text.prvIdleTask
                0x000000000000241c       0x6c CMakeFiles/freertos_generic.elf.dir/work1/zyj/OK8MP/OK8MP-linux-sdk/OK8MP-FreeRTOS/rtos/freertos/freertos_kernel/tasks.c.obj
 .text.xTaskCreate
                0x0000000000002488      0x1c0 CMakeFiles/freertos_generic.elf.dir/work1/zyj/OK8MP/OK8MP-linux-sdk/OK8MP-FreeRTOS/rtos/freertos/freertos_kernel/tasks.c.obj
                0x0000000000002488                xTaskCreate
 .text.vTaskStartScheduler
                0x0000000000002648       0x80 CMakeFiles/freertos_generic.elf.dir/work1/zyj/OK8MP/OK8MP-linux-sdk/OK8MP-FreeRTOS/rtos/freertos/freertos_kernel/tasks.c.obj
                0x0000000000002648                vTaskStartScheduler
 .text.vTaskSuspendAll
                0x00000000000026c8       0x10 CMakeFiles/freertos_generic.elf.dir/work1/zyj/OK8MP/OK8MP-linux-sdk/OK8MP-FreeRTOS/rtos/freertos/freertos_kernel/tasks.c.obj
                0x00000000000026c8                vTaskSuspendAll
 .text.xTaskGetTickCount
                0x00000000000026d8        0xc CMakeFiles/freertos_generic.elf.dir/work1/zyj/OK8MP/OK8MP-linux-sdk/OK8MP-FreeRTOS/rtos/freertos/freertos_kernel/tasks.c.obj
                0x00000000000026d8                xTaskGetTickCount
 .text.xTaskIncrementTick
                0x00000000000026e4      0x114 CMakeFiles/freertos_generic.elf.dir/work1/zyj/OK8MP/OK8MP-linux-sdk/OK8MP-FreeRTOS/rtos/freertos/freertos_kernel/tasks.c.obj
                0x00000000000026e4                xTaskIncrementTick
 .text.xTaskResumeAll
                0x00000000000027f8       0xf0 CMakeFiles/freertos_generic.elf.dir/work1/zyj/OK8MP/OK8MP-linux-sdk/OK8MP-FreeRTOS/rtos/freertos/freertos_kernel/tasks.c.obj
                0x00000000000027f8                xTaskResumeAll
 .text.vTaskDelayUntil
                0x00000000000028e8       0x90 CMakeFiles/freertos_generic.elf.dir/work1/zyj/OK8MP/OK8MP-linux-sdk/OK8MP-FreeRTOS/rtos/freertos/freertos_kernel/tasks.c.obj
                0x00000000000028e8                vTaskDelayUntil
 .text.vTaskSwitchContext
                0x0000000000002978       0xa4 CMakeFiles/freertos_generic.elf.dir/work1/zyj/OK8MP/OK8MP-linux-sdk/OK8MP-FreeRTOS/rtos/freertos/freertos_kernel/tasks.c.obj
                0x0000000000002978                vTaskSwitchContext
 .text.vTaskPlaceOnEventList
                0x0000000000002a1c       0x34 CMakeFiles/freertos_generic.elf.dir/work1/zyj/OK8MP/OK8MP-linux-sdk/OK8MP-FreeRTOS/rtos/freertos/freertos_kernel/tasks.c.obj
                0x0000000000002a1c                vTaskPlaceOnEventList
 .text.vTaskPlaceOnEventListRestricted
                0x0000000000002a50       0x3c CMakeFiles/freertos_generic.elf.dir/work1/zyj/OK8MP/OK8MP-linux-sdk/OK8MP-FreeRTOS/rtos/freertos/freertos_kernel/tasks.c.obj
                0x0000000000002a50                vTaskPlaceOnEventListRestricted
 .text.xTaskRemoveFromEventList
                0x0000000000002a8c       0x8c CMakeFiles/freertos_generic.elf.dir/work1/zyj/OK8MP/OK8MP-linux-sdk/OK8MP-FreeRTOS/rtos/freertos/freertos_kernel/tasks.c.obj
                0x0000000000002a8c                xTaskRemoveFromEventList
 .text.vTaskInternalSetTimeOutState
                0x0000000000002b18       0x18 CMakeFiles/freertos_generic.elf.dir/work1/zyj/OK8MP/OK8MP-linux-sdk/OK8MP-FreeRTOS/rtos/freertos/freertos_kernel/tasks.c.obj
                0x0000000000002b18                vTaskInternalSetTimeOutState
 .text.xTaskCheckForTimeOut
                0x0000000000002b30       0x78 CMakeFiles/freertos_generic.elf.dir/work1/zyj/OK8MP/OK8MP-linux-sdk/OK8MP-FreeRTOS/rtos/freertos/freertos_kernel/tasks.c.obj
                0x0000000000002b30                xTaskCheckForTimeOut
 .text.vTaskMissedYield
                0x0000000000002ba8        0xc CMakeFiles/freertos_generic.elf.dir/work1/zyj/OK8MP/OK8MP-linux-sdk/OK8MP-FreeRTOS/rtos/freertos/freertos_kernel/tasks.c.obj
                0x0000000000002ba8                vTaskMissedYield
 .text.xTaskGetSchedulerState
                0x0000000000002bb4       0x20 CMakeFiles/freertos_generic.elf.dir/work1/zyj/OK8MP/OK8MP-linux-sdk/OK8MP-FreeRTOS/rtos/freertos/freertos_kernel/tasks.c.obj
                0x0000000000002bb4                xTaskGetSchedulerState
 .text.xTaskPriorityInherit
                0x0000000000002bd4       0x98 CMakeFiles/freertos_generic.elf.dir/work1/zyj/OK8MP/OK8MP-linux-sdk/OK8MP-FreeRTOS/rtos/freertos/freertos_kernel/tasks.c.obj
                0x0000000000002bd4                xTaskPriorityInherit
 .text.xTaskPriorityDisinherit
                0x0000000000002c6c       0xa4 CMakeFiles/freertos_generic.elf.dir/work1/zyj/OK8MP/OK8MP-linux-sdk/OK8MP-FreeRTOS/rtos/freertos/freertos_kernel/tasks.c.obj
                0x0000000000002c6c                xTaskPriorityDisinherit
 .text.vTaskPriorityDisinheritAfterTimeout
                0x0000000000002d10       0xb4 CMakeFiles/freertos_generic.elf.dir/work1/zyj/OK8MP/OK8MP-linux-sdk/OK8MP-FreeRTOS/rtos/freertos/freertos_kernel/tasks.c.obj
                0x0000000000002d10                vTaskPriorityDisinheritAfterTimeout
 .text.pvTaskIncrementMutexHeldCount
                0x0000000000002dc4       0x18 CMakeFiles/freertos_generic.elf.dir/work1/zyj/OK8MP/OK8MP-linux-sdk/OK8MP-FreeRTOS/rtos/freertos/freertos_kernel/tasks.c.obj
                0x0000000000002dc4                pvTaskIncrementMutexHeldCount
 .text.prvCheckForValidListAndQueue
                0x0000000000002ddc       0x58 CMakeFiles/freertos_generic.elf.dir/work1/zyj/OK8MP/OK8MP-linux-sdk/OK8MP-FreeRTOS/rtos/freertos/freertos_kernel/timers.c.obj
 .text.prvInsertTimerInActiveList
                0x0000000000002e34       0x3c CMakeFiles/freertos_generic.elf.dir/work1/zyj/OK8MP/OK8MP-linux-sdk/OK8MP-FreeRTOS/rtos/freertos/freertos_kernel/timers.c.obj
 .text.xTimerCreateTimerTask
                0x0000000000002e70       0x4c CMakeFiles/freertos_generic.elf.dir/work1/zyj/OK8MP/OK8MP-linux-sdk/OK8MP-FreeRTOS/rtos/freertos/freertos_kernel/timers.c.obj
                0x0000000000002e70                xTimerCreateTimerTask
 .text.xTimerCreate
                0x0000000000002ebc       0x5a CMakeFiles/freertos_generic.elf.dir/work1/zyj/OK8MP/OK8MP-linux-sdk/OK8MP-FreeRTOS/rtos/freertos/freertos_kernel/timers.c.obj
                0x0000000000002ebc                xTimerCreate
 *fill*         0x0000000000002f16        0x2 
 .text.xTimerGenericCommand
                0x0000000000002f18       0x54 CMakeFiles/freertos_generic.elf.dir/work1/zyj/OK8MP/OK8MP-linux-sdk/OK8MP-FreeRTOS/rtos/freertos/freertos_kernel/timers.c.obj
                0x0000000000002f18                xTimerGenericCommand
 .text.prvSampleTimeNow
                0x0000000000002f6c       0xac CMakeFiles/freertos_generic.elf.dir/work1/zyj/OK8MP/OK8MP-linux-sdk/OK8MP-FreeRTOS/rtos/freertos/freertos_kernel/timers.c.obj
 .text.prvTimerTask
                0x0000000000003018      0x1cc CMakeFiles/freertos_generic.elf.dir/work1/zyj/OK8MP/OK8MP-linux-sdk/OK8MP-FreeRTOS/rtos/freertos/freertos_kernel/timers.c.obj
 .text.RDC_SetMasterDomainAssignment
                0x00000000000031e4        0xa CMakeFiles/freertos_generic.elf.dir/work1/zyj/OK8MP/OK8MP-linux-sdk/OK8MP-FreeRTOS/devices/MIMX8ML8/drivers/fsl_rdc.c.obj
                0x00000000000031e4                RDC_SetMasterDomainAssignment
 *fill*         0x00000000000031ee        0x2 
 .text.AUDIOMIX_InitAudioPll
                0x00000000000031f0       0x64 CMakeFiles/freertos_generic.elf.dir/work1/zyj/OK8MP/OK8MP-linux-sdk/OK8MP-FreeRTOS/devices/MIMX8ML8/drivers/fsl_audiomix.c.obj
                0x00000000000031f0                AUDIOMIX_InitAudioPll
 .text.StrFormatPrintf
                0x0000000000003254      0x238 CMakeFiles/freertos_generic.elf.dir/work1/zyj/OK8MP/OK8MP-linux-sdk/OK8MP-FreeRTOS/devices/MIMX8ML8/utilities/str/fsl_str.c.obj
                0x0000000000003254                StrFormatPrintf
 .text.DbgConsole_SendDataReliable
                0x000000000000348c       0x2c CMakeFiles/freertos_generic.elf.dir/work1/zyj/OK8MP/OK8MP-linux-sdk/OK8MP-FreeRTOS/devices/MIMX8ML8/utilities/debug_console/fsl_debug_console.c.obj
                0x000000000000348c                DbgConsole_SendDataReliable
 .text.DbgConsole_PrintCallback
                0x00000000000034b8       0x3a CMakeFiles/freertos_generic.elf.dir/work1/zyj/OK8MP/OK8MP-linux-sdk/OK8MP-FreeRTOS/devices/MIMX8ML8/utilities/debug_console/fsl_debug_console.c.obj
 *fill*         0x00000000000034f2        0x2 
 .text.DbgConsole_Init
                0x00000000000034f4       0x78 CMakeFiles/freertos_generic.elf.dir/work1/zyj/OK8MP/OK8MP-linux-sdk/OK8MP-FreeRTOS/devices/MIMX8ML8/utilities/debug_console/fsl_debug_console.c.obj
                0x00000000000034f4                DbgConsole_Init
 .text.DbgConsole_Printf
                0x000000000000356c       0x40 CMakeFiles/freertos_generic.elf.dir/work1/zyj/OK8MP/OK8MP-linux-sdk/OK8MP-FreeRTOS/devices/MIMX8ML8/utilities/debug_console/fsl_debug_console.c.obj
                0x000000000000356c                DbgConsole_Printf
 .text.SerialManager_Init
                0x00000000000035ac       0x2a CMakeFiles/freertos_generic.elf.dir/work1/zyj/OK8MP/OK8MP-linux-sdk/OK8MP-FreeRTOS/components/serial_manager/fsl_component_serial_manager.c.obj
                0x00000000000035ac                SerialManager_Init
 .text.SerialManager_OpenWriteHandle
                0x00000000000035d6       0x26 CMakeFiles/freertos_generic.elf.dir/work1/zyj/OK8MP/OK8MP-linux-sdk/OK8MP-FreeRTOS/components/serial_manager/fsl_component_serial_manager.c.obj
                0x00000000000035d6                SerialManager_OpenWriteHandle
 .text.SerialManager_OpenReadHandle
                0x00000000000035fc       0x2c CMakeFiles/freertos_generic.elf.dir/work1/zyj/OK8MP/OK8MP-linux-sdk/OK8MP-FreeRTOS/components/serial_manager/fsl_component_serial_manager.c.obj
                0x00000000000035fc                SerialManager_OpenReadHandle
 .text.SerialManager_WriteBlocking
                0x0000000000003628       0x14 CMakeFiles/freertos_generic.elf.dir/work1/zyj/OK8MP/OK8MP-linux-sdk/OK8MP-FreeRTOS/components/serial_manager/fsl_component_serial_manager.c.obj
                0x0000000000003628                SerialManager_WriteBlocking
 .text.Serial_UartInit
                0x000000000000363c        0x4 CMakeFiles/freertos_generic.elf.dir/work1/zyj/OK8MP/OK8MP-linux-sdk/OK8MP-FreeRTOS/components/serial_manager/fsl_component_serial_port_uart.c.obj
                0x000000000000363c                Serial_UartInit
 .text.Serial_UartWrite
                0x0000000000003640        0x4 CMakeFiles/freertos_generic.elf.dir/work1/zyj/OK8MP/OK8MP-linux-sdk/OK8MP-FreeRTOS/components/serial_manager/fsl_component_serial_port_uart.c.obj
                0x0000000000003640                Serial_UartWrite
 .text.UART_GetInstance
                0x0000000000003644       0x38 CMakeFiles/freertos_generic.elf.dir/work1/zyj/OK8MP/OK8MP-linux-sdk/OK8MP-FreeRTOS/devices/MIMX8ML8/drivers/fsl_uart.c.obj
                0x0000000000003644                UART_GetInstance
 .text.UART_GetDefaultConfig
                0x000000000000367c       0x28 CMakeFiles/freertos_generic.elf.dir/work1/zyj/OK8MP/OK8MP-linux-sdk/OK8MP-FreeRTOS/devices/MIMX8ML8/drivers/fsl_uart.c.obj
                0x000000000000367c                UART_GetDefaultConfig
 .text.UART_SetBaudRate
                0x00000000000036a4      0x13c CMakeFiles/freertos_generic.elf.dir/work1/zyj/OK8MP/OK8MP-linux-sdk/OK8MP-FreeRTOS/devices/MIMX8ML8/drivers/fsl_uart.c.obj
                0x00000000000036a4                UART_SetBaudRate
 .text.UART_Init
                0x00000000000037e0      0x154 CMakeFiles/freertos_generic.elf.dir/work1/zyj/OK8MP/OK8MP-linux-sdk/OK8MP-FreeRTOS/devices/MIMX8ML8/drivers/fsl_uart.c.obj
                0x00000000000037e0                UART_Init
 .text.UART_WriteBlocking
                0x0000000000003934       0x22 CMakeFiles/freertos_generic.elf.dir/work1/zyj/OK8MP/OK8MP-linux-sdk/OK8MP-FreeRTOS/devices/MIMX8ML8/drivers/fsl_uart.c.obj
                0x0000000000003934                UART_WriteBlocking
 *fill*         0x0000000000003956        0x2 
 .text.UART1_DriverIRQHandler
                0x0000000000003958       0x20 CMakeFiles/freertos_generic.elf.dir/work1/zyj/OK8MP/OK8MP-linux-sdk/OK8MP-FreeRTOS/devices/MIMX8ML8/drivers/fsl_uart.c.obj
                0x0000000000003958                UART1_DriverIRQHandler
 .text.UART2_DriverIRQHandler
                0x0000000000003978       0x20 CMakeFiles/freertos_generic.elf.dir/work1/zyj/OK8MP/OK8MP-linux-sdk/OK8MP-FreeRTOS/devices/MIMX8ML8/drivers/fsl_uart.c.obj
                0x0000000000003978                UART2_DriverIRQHandler
 .text.UART3_DriverIRQHandler
                0x0000000000003998       0x20 CMakeFiles/freertos_generic.elf.dir/work1/zyj/OK8MP/OK8MP-linux-sdk/OK8MP-FreeRTOS/devices/MIMX8ML8/drivers/fsl_uart.c.obj
                0x0000000000003998                UART3_DriverIRQHandler
 .text.UART4_DriverIRQHandler
                0x00000000000039b8       0x20 CMakeFiles/freertos_generic.elf.dir/work1/zyj/OK8MP/OK8MP-linux-sdk/OK8MP-FreeRTOS/devices/MIMX8ML8/drivers/fsl_uart.c.obj
                0x00000000000039b8                UART4_DriverIRQHandler
 .text.HAL_UartInit
                0x00000000000039d8       0x6c CMakeFiles/freertos_generic.elf.dir/work1/zyj/OK8MP/OK8MP-linux-sdk/OK8MP-FreeRTOS/components/uart/fsl_adapter_iuart.c.obj
                0x00000000000039d8                HAL_UartInit
 .text.HAL_UartSendBlocking
                0x0000000000003a44       0x18 CMakeFiles/freertos_generic.elf.dir/work1/zyj/OK8MP/OK8MP-linux-sdk/OK8MP-FreeRTOS/components/uart/fsl_adapter_iuart.c.obj
                0x0000000000003a44                HAL_UartSendBlocking
 .text.GetFracPllFreq
                0x0000000000003a5c       0x44 CMakeFiles/freertos_generic.elf.dir/work1/zyj/OK8MP/OK8MP-linux-sdk/OK8MP-FreeRTOS/devices/MIMX8ML8/system_MIMX8ML8_cm7.c.obj
                0x0000000000003a5c                GetFracPllFreq
 .text.GetIntegerPllFreq
                0x0000000000003aa0       0x44 CMakeFiles/freertos_generic.elf.dir/work1/zyj/OK8MP/OK8MP-linux-sdk/OK8MP-FreeRTOS/devices/MIMX8ML8/system_MIMX8ML8_cm7.c.obj
                0x0000000000003aa0                GetIntegerPllFreq
 .text.SystemCoreClockUpdate
                0x0000000000003ae4       0x9c CMakeFiles/freertos_generic.elf.dir/work1/zyj/OK8MP/OK8MP-linux-sdk/OK8MP-FreeRTOS/devices/MIMX8ML8/system_MIMX8ML8_cm7.c.obj
                0x0000000000003ae4                SystemCoreClockUpdate
 .text.SystemInitHook
                0x0000000000003b80        0x2 CMakeFiles/freertos_generic.elf.dir/work1/zyj/OK8MP/OK8MP-linux-sdk/OK8MP-FreeRTOS/devices/MIMX8ML8/system_MIMX8ML8_cm7.c.obj
                0x0000000000003b80                SystemInitHook
 *fill*         0x0000000000003b82        0x2 
 .text.SystemInit
                0x0000000000003b84       0x1c CMakeFiles/freertos_generic.elf.dir/work1/zyj/OK8MP/OK8MP-linux-sdk/OK8MP-FreeRTOS/devices/MIMX8ML8/system_MIMX8ML8_cm7.c.obj
                0x0000000000003b84                SystemInit
 .text.exit     0x0000000000003ba0       0x28 /work1/zyj/OK8MP/OK8MP-linux-sdk/gcc-arm-none-eabi-10-2020-q4-major/bin/../lib/gcc/arm-none-eabi/10.2.1/../../../../arm-none-eabi/lib/thumb/v7e-m+fp/hard/libc_nano.a(lib_a-exit.o)
                0x0000000000003ba0                exit
 .text.__libc_init_array
                0x0000000000003bc8       0x48 /work1/zyj/OK8MP/OK8MP-linux-sdk/gcc-arm-none-eabi-10-2020-q4-major/bin/../lib/gcc/arm-none-eabi/10.2.1/../../../../arm-none-eabi/lib/thumb/v7e-m+fp/hard/libc_nano.a(lib_a-init.o)
                0x0000000000003bc8                __libc_init_array
 .text.memcpy   0x0000000000003c10       0x1c /work1/zyj/OK8MP/OK8MP-linux-sdk/gcc-arm-none-eabi-10-2020-q4-major/bin/../lib/gcc/arm-none-eabi/10.2.1/../../../../arm-none-eabi/lib/thumb/v7e-m+fp/hard/libc_nano.a(lib_a-memcpy-stub.o)
                0x0000000000003c10                memcpy
 .text.memset   0x0000000000003c2c       0x10 /work1/zyj/OK8MP/OK8MP-linux-sdk/gcc-arm-none-eabi-10-2020-q4-major/bin/../lib/gcc/arm-none-eabi/10.2.1/../../../../arm-none-eabi/lib/thumb/v7e-m+fp/hard/libc_nano.a(lib_a-memset.o)
                0x0000000000003c2c                memset
 .text._exit    0x0000000000003c3c        0x4 /work1/zyj/OK8MP/OK8MP-linux-sdk/gcc-arm-none-eabi-10-2020-q4-major/bin/../lib/gcc/arm-none-eabi/10.2.1/../../../../arm-none-eabi/lib/thumb/v7e-m+fp/hard/libnosys.a(_exit.o)
                0x0000000000003c3c                _exit
 *(.rodata)
 *(.rodata*)
 .rodata.prvEventSemaphoreTask.str1.1
                0x0000000000003c40       0x35 CMakeFiles/freertos_generic.elf.dir/work1/zyj/OK8MP/OK8MP-linux-sdk/OK8MP-FreeRTOS/boards/evkmimx8mp/rtos_examples/freertos_generic/freertos_generic.c.obj
 .rodata.prvQueueReceiveTask.str1.1
                0x0000000000003c75       0x1f CMakeFiles/freertos_generic.elf.dir/work1/zyj/OK8MP/OK8MP-linux-sdk/OK8MP-FreeRTOS/boards/evkmimx8mp/rtos_examples/freertos_generic/freertos_generic.c.obj
 .rodata.main.str1.1
                0x0000000000003c94       0x33 CMakeFiles/freertos_generic.elf.dir/work1/zyj/OK8MP/OK8MP-linux-sdk/OK8MP-FreeRTOS/boards/evkmimx8mp/rtos_examples/freertos_generic/freertos_generic.c.obj
 *fill*         0x0000000000003cc7        0x1 
 .rodata.g_audioPll1Config
                0x0000000000003cc8       0x10 CMakeFiles/freertos_generic.elf.dir/work1/zyj/OK8MP/OK8MP-linux-sdk/OK8MP-FreeRTOS/boards/evkmimx8mp/rtos_examples/freertos_generic/clock_config.c.obj
                0x0000000000003cc8                g_audioPll1Config
 .rodata.g_audioPll2Config
                0x0000000000003cd8       0x10 CMakeFiles/freertos_generic.elf.dir/work1/zyj/OK8MP/OK8MP-linux-sdk/OK8MP-FreeRTOS/boards/evkmimx8mp/rtos_examples/freertos_generic/clock_config.c.obj
                0x0000000000003cd8                g_audioPll2Config
 .rodata.g_saiPLLConfig
                0x0000000000003ce8       0x10 CMakeFiles/freertos_generic.elf.dir/work1/zyj/OK8MP/OK8MP-linux-sdk/OK8MP-FreeRTOS/boards/evkmimx8mp/rtos_examples/freertos_generic/clock_config.c.obj
                0x0000000000003ce8                g_saiPLLConfig
 .rodata.vTaskStartScheduler.str1.1
                0x0000000000003cf8        0x5 CMakeFiles/freertos_generic.elf.dir/work1/zyj/OK8MP/OK8MP-linux-sdk/OK8MP-FreeRTOS/rtos/freertos/freertos_kernel/tasks.c.obj
 .rodata.prvCheckForValidListAndQueue.str1.1
                0x0000000000003cfd        0x5 CMakeFiles/freertos_generic.elf.dir/work1/zyj/OK8MP/OK8MP-linux-sdk/OK8MP-FreeRTOS/rtos/freertos/freertos_kernel/timers.c.obj
 .rodata.xTimerCreateTimerTask.str1.1
                0x0000000000003d02        0x8 CMakeFiles/freertos_generic.elf.dir/work1/zyj/OK8MP/OK8MP-linux-sdk/OK8MP-FreeRTOS/rtos/freertos/freertos_kernel/timers.c.obj
 .rodata.CSWTCH.36
                0x0000000000003d0a        0x6 CMakeFiles/freertos_generic.elf.dir/work1/zyj/OK8MP/OK8MP-linux-sdk/OK8MP-FreeRTOS/devices/MIMX8ML8/drivers/fsl_uart.c.obj
 .rodata.s_uartClock
                0x0000000000003d10       0x14 CMakeFiles/freertos_generic.elf.dir/work1/zyj/OK8MP/OK8MP-linux-sdk/OK8MP-FreeRTOS/devices/MIMX8ML8/drivers/fsl_uart.c.obj
 .rodata.s_UartAdapterBase
                0x0000000000003d24       0x14 CMakeFiles/freertos_generic.elf.dir/work1/zyj/OK8MP/OK8MP-linux-sdk/OK8MP-FreeRTOS/components/uart/fsl_adapter_iuart.c.obj
 .rodata._global_impure_ptr
                0x0000000000003d38        0x4 /work1/zyj/OK8MP/OK8MP-linux-sdk/gcc-arm-none-eabi-10-2020-q4-major/bin/../lib/gcc/arm-none-eabi/10.2.1/../../../../arm-none-eabi/lib/thumb/v7e-m+fp/hard/libc_nano.a(lib_a-impure.o)
                0x0000000000003d38                _global_impure_ptr
 *(.glue_7)
 .glue_7        0x0000000000003d3c        0x0 linker stubs
 *(.glue_7t)
 .glue_7t       0x0000000000003d3c        0x0 linker stubs
 *(.eh_frame)
 .eh_frame      0x0000000000003d3c        0x0 /work1/zyj/OK8MP/OK8MP-linux-sdk/gcc-arm-none-eabi-10-2020-q4-major/bin/../lib/gcc/arm-none-eabi/10.2.1/thumb/v7e-m+fp/hard/crtbegin.o
 *(.init)
 .init          0x0000000000003d3c        0x4 /work1/zyj/OK8MP/OK8MP-linux-sdk/gcc-arm-none-eabi-10-2020-q4-major/bin/../lib/gcc/arm-none-eabi/10.2.1/thumb/v7e-m+fp/hard/crti.o
                0x0000000000003d3c                _init
 .init          0x0000000000003d40        0x8 /work1/zyj/OK8MP/OK8MP-linux-sdk/gcc-arm-none-eabi-10-2020-q4-major/bin/../lib/gcc/arm-none-eabi/10.2.1/thumb/v7e-m+fp/hard/crtn.o
 *(.fini)
 .fini          0x0000000000003d48        0x4 /work1/zyj/OK8MP/OK8MP-linux-sdk/gcc-arm-none-eabi-10-2020-q4-major/bin/../lib/gcc/arm-none-eabi/10.2.1/thumb/v7e-m+fp/hard/crti.o
                0x0000000000003d48                _fini
 .fini          0x0000000000003d4c        0x8 /work1/zyj/OK8MP/OK8MP-linux-sdk/gcc-arm-none-eabi-10-2020-q4-major/bin/../lib/gcc/arm-none-eabi/10.2.1/thumb/v7e-m+fp/hard/crtn.o
                0x0000000000003d54                . = ALIGN (0x4)

.vfp11_veneer   0x0000000000003d54        0x0
 .vfp11_veneer  0x0000000000003d54        0x0 linker stubs

.v4_bx          0x0000000000003d54        0x0
 .v4_bx         0x0000000000003d54        0x0 linker stubs

.iplt           0x0000000000003d54        0x0
 .iplt          0x0000000000003d54        0x0 /work1/zyj/OK8MP/OK8MP-linux-sdk/gcc-arm-none-eabi-10-2020-q4-major/bin/../lib/gcc/arm-none-eabi/10.2.1/thumb/v7e-m+fp/hard/crtbegin.o

.ARM.extab
 *(.ARM.extab* .gnu.linkonce.armextab.*)

.ARM            0x0000000000003d54        0x8
                0x0000000000003d54                __exidx_start = .
 *(.ARM.exidx*)
 .ARM.exidx     0x0000000000003d54        0x8 /work1/zyj/OK8MP/OK8MP-linux-sdk/gcc-arm-none-eabi-10-2020-q4-major/bin/../lib/gcc/arm-none-eabi/10.2.1/../../../../arm-none-eabi/lib/thumb/v7e-m+fp/hard/crt0.o
                                         0x10 (size before relaxing)
 .ARM.exidx     0x0000000000003d5c        0x0 /work1/zyj/OK8MP/OK8MP-linux-sdk/gcc-arm-none-eabi-10-2020-q4-major/bin/../lib/gcc/arm-none-eabi/10.2.1/thumb/v7e-m+fp/hard/libgcc.a(_udivmoddi4.o)
                                          0x8 (size before relaxing)
                0x0000000000003d5c                __exidx_end = .

.rel.dyn        0x0000000000003d5c        0x0
 .rel.iplt      0x0000000000003d5c        0x0 /work1/zyj/OK8MP/OK8MP-linux-sdk/gcc-arm-none-eabi-10-2020-q4-major/bin/../lib/gcc/arm-none-eabi/10.2.1/thumb/v7e-m+fp/hard/crtbegin.o

.ctors          0x0000000000003d5c        0x0
                0x0000000000003d5c                __CTOR_LIST__ = .
 *crtbegin.o(.ctors)
 *crtbegin?.o(.ctors)
 *(EXCLUDE_FILE(*crtend.o *crtend?.o) .ctors)
 *(SORT_BY_NAME(.ctors.*))
 *(.ctors)
                0x0000000000003d5c                __CTOR_END__ = .

.dtors          0x0000000000003d5c        0x0
                0x0000000000003d5c                __DTOR_LIST__ = .
 *crtbegin.o(.dtors)
 *crtbegin?.o(.dtors)
 *(EXCLUDE_FILE(*crtend.o *crtend?.o) .dtors)
 *(SORT_BY_NAME(.dtors.*))
 *(.dtors)
                0x0000000000003d5c                __DTOR_END__ = .

.preinit_array  0x0000000000003d5c        0x0
                0x0000000000003d5c                PROVIDE (__preinit_array_start = .)
 *(.preinit_array*)
                0x0000000000003d5c                PROVIDE (__preinit_array_end = .)

.init_array     0x0000000000003d5c        0x4
                0x0000000000003d5c                PROVIDE (__init_array_start = .)
 *(SORT_BY_NAME(.init_array.*))
 *(.init_array*)
 .init_array    0x0000000000003d5c        0x4 /work1/zyj/OK8MP/OK8MP-linux-sdk/gcc-arm-none-eabi-10-2020-q4-major/bin/../lib/gcc/arm-none-eabi/10.2.1/thumb/v7e-m+fp/hard/crtbegin.o
                0x0000000000003d60                PROVIDE (__init_array_end = .)

.fini_array     0x0000000000003d60        0x4
                [!provide]                        PROVIDE (__fini_array_start = .)
 *(SORT_BY_NAME(.fini_array.*))
 *(.fini_array*)
 .fini_array    0x0000000000003d60        0x4 /work1/zyj/OK8MP/OK8MP-linux-sdk/gcc-arm-none-eabi-10-2020-q4-major/bin/../lib/gcc/arm-none-eabi/10.2.1/thumb/v7e-m+fp/hard/crtbegin.o
                [!provide]                        PROVIDE (__fini_array_end = .)
                0x0000000000003d64                __etext = .
                0x0000000000003d64                __DATA_ROM = .

.data           0x0000000020000000       0x68 load address 0x0000000000003d64
                0x0000000020000000                . = ALIGN (0x4)
                0x0000000020000000                __DATA_RAM = .
                0x0000000020000000                __data_start__ = .
 *(.data)
 *(.data*)
 .data.uxCriticalNesting
                0x0000000020000000        0x4 CMakeFiles/freertos_generic.elf.dir/work1/zyj/OK8MP/OK8MP-linux-sdk/OK8MP-FreeRTOS/rtos/freertos/freertos_kernel/portable/GCC/ARM_CM4F/port.c.obj
 .data.SystemCoreClock
                0x0000000020000004        0x4 CMakeFiles/freertos_generic.elf.dir/work1/zyj/OK8MP/OK8MP-linux-sdk/OK8MP-FreeRTOS/devices/MIMX8ML8/system_MIMX8ML8_cm7.c.obj
                0x0000000020000004                SystemCoreClock
 .data.impure_data
                0x0000000020000008       0x60 /work1/zyj/OK8MP/OK8MP-linux-sdk/gcc-arm-none-eabi-10-2020-q4-major/bin/../lib/gcc/arm-none-eabi/10.2.1/../../../../arm-none-eabi/lib/thumb/v7e-m+fp/hard/libc_nano.a(lib_a-impure.o)
 *(.jcr*)
                0x0000000020000068                . = ALIGN (0x4)
                0x0000000020000068                __data_end__ = .
                0x0000000000000000                __CACHE_REGION_START = ORIGIN (m_interrupts)
                0x0000000000000000                __CACHE_REGION_SIZE = 0x0
                0x0000000000003dcc                __NDATA_ROM = (__DATA_ROM + SIZEOF (.data))

.igot.plt       0x0000000020000068        0x0 load address 0x0000000000003dcc
 .igot.plt      0x0000000020000068        0x0 /work1/zyj/OK8MP/OK8MP-linux-sdk/gcc-arm-none-eabi-10-2020-q4-major/bin/../lib/gcc/arm-none-eabi/10.2.1/thumb/v7e-m+fp/hard/crtbegin.o

.ncache.init    0x0000000080000000        0x0 load address 0x0000000000003dcc
                0x0000000080000000                __noncachedata_start__ = .
 *(NonCacheable.init)
                0x0000000080000000                . = ALIGN (0x4)
                0x0000000080000000                __noncachedata_init_end__ = .
                0x0000000080000000                . = __noncachedata_init_end__

.ncache         0x0000000080000000        0x0
 *(NonCacheable)
                0x0000000080000000                . = ALIGN (0x4)
                0x0000000080000000                __noncachedata_end__ = .
                0x0000000000003dcc                __DATA_END = (__DATA_ROM + (__data_end__ - __data_start__))
                0x0000000000020000                text_end = (ORIGIN (m_text) + LENGTH (m_text))
                0x0000000000000001                ASSERT ((__DATA_END <= text_end), region m_text overflowed with text and data)

.bss            0x0000000020000068     0x2a1c load address 0x0000000000003dcc
                0x0000000020000068                . = ALIGN (0x4)
                0x0000000020000068                __START_BSS = .
                0x0000000020000068                __bss_start__ = .
 *(.bss)
 .bss           0x0000000020000068       0x1c /work1/zyj/OK8MP/OK8MP-linux-sdk/gcc-arm-none-eabi-10-2020-q4-major/bin/../lib/gcc/arm-none-eabi/10.2.1/thumb/v7e-m+fp/hard/crtbegin.o
 *(.bss*)
 .bss.ulCount.0
                0x0000000020000084        0x4 CMakeFiles/freertos_generic.elf.dir/work1/zyj/OK8MP/OK8MP-linux-sdk/OK8MP-FreeRTOS/boards/evkmimx8mp/rtos_examples/freertos_generic/freertos_generic.c.obj
 .bss.ulCountOfItemsReceivedOnQueue
                0x0000000020000088        0x4 CMakeFiles/freertos_generic.elf.dir/work1/zyj/OK8MP/OK8MP-linux-sdk/OK8MP-FreeRTOS/boards/evkmimx8mp/rtos_examples/freertos_generic/freertos_generic.c.obj
 .bss.ulCountOfReceivedSemaphores
                0x000000002000008c        0x4 CMakeFiles/freertos_generic.elf.dir/work1/zyj/OK8MP/OK8MP-linux-sdk/OK8MP-FreeRTOS/boards/evkmimx8mp/rtos_examples/freertos_generic/freertos_generic.c.obj
 .bss.ulCountOfTimerCallbackExecutions
                0x0000000020000090        0x4 CMakeFiles/freertos_generic.elf.dir/work1/zyj/OK8MP/OK8MP-linux-sdk/OK8MP-FreeRTOS/boards/evkmimx8mp/rtos_examples/freertos_generic/freertos_generic.c.obj
 .bss.xEventSemaphore
                0x0000000020000094        0x4 CMakeFiles/freertos_generic.elf.dir/work1/zyj/OK8MP/OK8MP-linux-sdk/OK8MP-FreeRTOS/boards/evkmimx8mp/rtos_examples/freertos_generic/freertos_generic.c.obj
 .bss.xQueue    0x0000000020000098        0x4 CMakeFiles/freertos_generic.elf.dir/work1/zyj/OK8MP/OK8MP-linux-sdk/OK8MP-FreeRTOS/boards/evkmimx8mp/rtos_examples/freertos_generic/freertos_generic.c.obj
 .bss.pxEnd     0x000000002000009c        0x4 CMakeFiles/freertos_generic.elf.dir/work1/zyj/OK8MP/OK8MP-linux-sdk/OK8MP-FreeRTOS/rtos/freertos/freertos_kernel/portable/MemMang/heap_4.c.obj
 .bss.ucHeap    0x00000000200000a0     0x2800 CMakeFiles/freertos_generic.elf.dir/work1/zyj/OK8MP/OK8MP-linux-sdk/OK8MP-FreeRTOS/rtos/freertos/freertos_kernel/portable/MemMang/heap_4.c.obj
 .bss.xBlockAllocatedBit
                0x00000000200028a0        0x4 CMakeFiles/freertos_generic.elf.dir/work1/zyj/OK8MP/OK8MP-linux-sdk/OK8MP-FreeRTOS/rtos/freertos/freertos_kernel/portable/MemMang/heap_4.c.obj
 .bss.xFreeBytesRemaining
                0x00000000200028a4        0x4 CMakeFiles/freertos_generic.elf.dir/work1/zyj/OK8MP/OK8MP-linux-sdk/OK8MP-FreeRTOS/rtos/freertos/freertos_kernel/portable/MemMang/heap_4.c.obj
 .bss.xMinimumEverFreeBytesRemaining
                0x00000000200028a8        0x4 CMakeFiles/freertos_generic.elf.dir/work1/zyj/OK8MP/OK8MP-linux-sdk/OK8MP-FreeRTOS/rtos/freertos/freertos_kernel/portable/MemMang/heap_4.c.obj
 .bss.xNumberOfSuccessfulAllocations
                0x00000000200028ac        0x4 CMakeFiles/freertos_generic.elf.dir/work1/zyj/OK8MP/OK8MP-linux-sdk/OK8MP-FreeRTOS/rtos/freertos/freertos_kernel/portable/MemMang/heap_4.c.obj
 .bss.xNumberOfSuccessfulFrees
                0x00000000200028b0        0x4 CMakeFiles/freertos_generic.elf.dir/work1/zyj/OK8MP/OK8MP-linux-sdk/OK8MP-FreeRTOS/rtos/freertos/freertos_kernel/portable/MemMang/heap_4.c.obj
 .bss.xStart    0x00000000200028b4        0x8 CMakeFiles/freertos_generic.elf.dir/work1/zyj/OK8MP/OK8MP-linux-sdk/OK8MP-FreeRTOS/rtos/freertos/freertos_kernel/portable/MemMang/heap_4.c.obj
 .bss.ucMaxSysCallPriority
                0x00000000200028bc        0x1 CMakeFiles/freertos_generic.elf.dir/work1/zyj/OK8MP/OK8MP-linux-sdk/OK8MP-FreeRTOS/rtos/freertos/freertos_kernel/portable/GCC/ARM_CM4F/port.c.obj
 *fill*         0x00000000200028bd        0x3 
 .bss.ulMaxPRIGROUPValue
                0x00000000200028c0        0x4 CMakeFiles/freertos_generic.elf.dir/work1/zyj/OK8MP/OK8MP-linux-sdk/OK8MP-FreeRTOS/rtos/freertos/freertos_kernel/portable/GCC/ARM_CM4F/port.c.obj
 .bss.xQueueRegistry
                0x00000000200028c4       0x40 CMakeFiles/freertos_generic.elf.dir/work1/zyj/OK8MP/OK8MP-linux-sdk/OK8MP-FreeRTOS/rtos/freertos/freertos_kernel/queue.c.obj
                0x00000000200028c4                xQueueRegistry
 .bss.pxCurrentTCB
                0x0000000020002904        0x4 CMakeFiles/freertos_generic.elf.dir/work1/zyj/OK8MP/OK8MP-linux-sdk/OK8MP-FreeRTOS/rtos/freertos/freertos_kernel/tasks.c.obj
                0x0000000020002904                pxCurrentTCB
 .bss.pxDelayedTaskList
                0x0000000020002908        0x4 CMakeFiles/freertos_generic.elf.dir/work1/zyj/OK8MP/OK8MP-linux-sdk/OK8MP-FreeRTOS/rtos/freertos/freertos_kernel/tasks.c.obj
 .bss.pxOverflowDelayedTaskList
                0x000000002000290c        0x4 CMakeFiles/freertos_generic.elf.dir/work1/zyj/OK8MP/OK8MP-linux-sdk/OK8MP-FreeRTOS/rtos/freertos/freertos_kernel/tasks.c.obj
 .bss.pxReadyTasksLists
                0x0000000020002910       0x64 CMakeFiles/freertos_generic.elf.dir/work1/zyj/OK8MP/OK8MP-linux-sdk/OK8MP-FreeRTOS/rtos/freertos/freertos_kernel/tasks.c.obj
 .bss.uxCurrentNumberOfTasks
                0x0000000020002974        0x4 CMakeFiles/freertos_generic.elf.dir/work1/zyj/OK8MP/OK8MP-linux-sdk/OK8MP-FreeRTOS/rtos/freertos/freertos_kernel/tasks.c.obj
 .bss.uxDeletedTasksWaitingCleanUp
                0x0000000020002978        0x4 CMakeFiles/freertos_generic.elf.dir/work1/zyj/OK8MP/OK8MP-linux-sdk/OK8MP-FreeRTOS/rtos/freertos/freertos_kernel/tasks.c.obj
 .bss.uxSchedulerSuspended
                0x000000002000297c        0x4 CMakeFiles/freertos_generic.elf.dir/work1/zyj/OK8MP/OK8MP-linux-sdk/OK8MP-FreeRTOS/rtos/freertos/freertos_kernel/tasks.c.obj
 .bss.uxTaskNumber
                0x0000000020002980        0x4 CMakeFiles/freertos_generic.elf.dir/work1/zyj/OK8MP/OK8MP-linux-sdk/OK8MP-FreeRTOS/rtos/freertos/freertos_kernel/tasks.c.obj
 .bss.uxTopReadyPriority
                0x0000000020002984        0x4 CMakeFiles/freertos_generic.elf.dir/work1/zyj/OK8MP/OK8MP-linux-sdk/OK8MP-FreeRTOS/rtos/freertos/freertos_kernel/tasks.c.obj
 .bss.xDelayedTaskList1
                0x0000000020002988       0x14 CMakeFiles/freertos_generic.elf.dir/work1/zyj/OK8MP/OK8MP-linux-sdk/OK8MP-FreeRTOS/rtos/freertos/freertos_kernel/tasks.c.obj
 .bss.xDelayedTaskList2
                0x000000002000299c       0x14 CMakeFiles/freertos_generic.elf.dir/work1/zyj/OK8MP/OK8MP-linux-sdk/OK8MP-FreeRTOS/rtos/freertos/freertos_kernel/tasks.c.obj
 .bss.xIdleTaskHandle
                0x00000000200029b0        0x4 CMakeFiles/freertos_generic.elf.dir/work1/zyj/OK8MP/OK8MP-linux-sdk/OK8MP-FreeRTOS/rtos/freertos/freertos_kernel/tasks.c.obj
 .bss.xNextTaskUnblockTime
                0x00000000200029b4        0x4 CMakeFiles/freertos_generic.elf.dir/work1/zyj/OK8MP/OK8MP-linux-sdk/OK8MP-FreeRTOS/rtos/freertos/freertos_kernel/tasks.c.obj
 .bss.xNumOfOverflows
                0x00000000200029b8        0x4 CMakeFiles/freertos_generic.elf.dir/work1/zyj/OK8MP/OK8MP-linux-sdk/OK8MP-FreeRTOS/rtos/freertos/freertos_kernel/tasks.c.obj
 .bss.xPendedTicks
                0x00000000200029bc        0x4 CMakeFiles/freertos_generic.elf.dir/work1/zyj/OK8MP/OK8MP-linux-sdk/OK8MP-FreeRTOS/rtos/freertos/freertos_kernel/tasks.c.obj
 .bss.xPendingReadyList
                0x00000000200029c0       0x14 CMakeFiles/freertos_generic.elf.dir/work1/zyj/OK8MP/OK8MP-linux-sdk/OK8MP-FreeRTOS/rtos/freertos/freertos_kernel/tasks.c.obj
 .bss.xSchedulerRunning
                0x00000000200029d4        0x4 CMakeFiles/freertos_generic.elf.dir/work1/zyj/OK8MP/OK8MP-linux-sdk/OK8MP-FreeRTOS/rtos/freertos/freertos_kernel/tasks.c.obj
 .bss.xSuspendedTaskList
                0x00000000200029d8       0x14 CMakeFiles/freertos_generic.elf.dir/work1/zyj/OK8MP/OK8MP-linux-sdk/OK8MP-FreeRTOS/rtos/freertos/freertos_kernel/tasks.c.obj
 .bss.xTasksWaitingTermination
                0x00000000200029ec       0x14 CMakeFiles/freertos_generic.elf.dir/work1/zyj/OK8MP/OK8MP-linux-sdk/OK8MP-FreeRTOS/rtos/freertos/freertos_kernel/tasks.c.obj
 .bss.xTickCount
                0x0000000020002a00        0x4 CMakeFiles/freertos_generic.elf.dir/work1/zyj/OK8MP/OK8MP-linux-sdk/OK8MP-FreeRTOS/rtos/freertos/freertos_kernel/tasks.c.obj
 .bss.xYieldPending
                0x0000000020002a04        0x4 CMakeFiles/freertos_generic.elf.dir/work1/zyj/OK8MP/OK8MP-linux-sdk/OK8MP-FreeRTOS/rtos/freertos/freertos_kernel/tasks.c.obj
 .bss.pxCurrentTimerList
                0x0000000020002a08        0x4 CMakeFiles/freertos_generic.elf.dir/work1/zyj/OK8MP/OK8MP-linux-sdk/OK8MP-FreeRTOS/rtos/freertos/freertos_kernel/timers.c.obj
 .bss.pxOverflowTimerList
                0x0000000020002a0c        0x4 CMakeFiles/freertos_generic.elf.dir/work1/zyj/OK8MP/OK8MP-linux-sdk/OK8MP-FreeRTOS/rtos/freertos/freertos_kernel/timers.c.obj
 .bss.xActiveTimerList1
                0x0000000020002a10       0x14 CMakeFiles/freertos_generic.elf.dir/work1/zyj/OK8MP/OK8MP-linux-sdk/OK8MP-FreeRTOS/rtos/freertos/freertos_kernel/timers.c.obj
 .bss.xActiveTimerList2
                0x0000000020002a24       0x14 CMakeFiles/freertos_generic.elf.dir/work1/zyj/OK8MP/OK8MP-linux-sdk/OK8MP-FreeRTOS/rtos/freertos/freertos_kernel/timers.c.obj
 .bss.xLastTime.0
                0x0000000020002a38        0x4 CMakeFiles/freertos_generic.elf.dir/work1/zyj/OK8MP/OK8MP-linux-sdk/OK8MP-FreeRTOS/rtos/freertos/freertos_kernel/timers.c.obj
 .bss.xTimerQueue
                0x0000000020002a3c        0x4 CMakeFiles/freertos_generic.elf.dir/work1/zyj/OK8MP/OK8MP-linux-sdk/OK8MP-FreeRTOS/rtos/freertos/freertos_kernel/timers.c.obj
 .bss.xTimerTaskHandle
                0x0000000020002a40        0x4 CMakeFiles/freertos_generic.elf.dir/work1/zyj/OK8MP/OK8MP-linux-sdk/OK8MP-FreeRTOS/rtos/freertos/freertos_kernel/timers.c.obj
 .bss.g_serialHandle
                0x0000000020002a44        0x4 CMakeFiles/freertos_generic.elf.dir/work1/zyj/OK8MP/OK8MP-linux-sdk/OK8MP-FreeRTOS/devices/MIMX8ML8/utilities/debug_console/fsl_debug_console.c.obj
                0x0000000020002a44                g_serialHandle
 .bss.s_debugConsoleReadWaitSemaphore
                0x0000000020002a48        0x1 CMakeFiles/freertos_generic.elf.dir/work1/zyj/OK8MP/OK8MP-linux-sdk/OK8MP-FreeRTOS/devices/MIMX8ML8/utilities/debug_console/fsl_debug_console.c.obj
 *fill*         0x0000000020002a49        0x3 
 .bss.s_debugConsoleState
                0x0000000020002a4c       0x20 CMakeFiles/freertos_generic.elf.dir/work1/zyj/OK8MP/OK8MP-linux-sdk/OK8MP-FreeRTOS/devices/MIMX8ML8/utilities/debug_console/fsl_debug_console.c.obj
 .bss.s_uartHandle
                0x0000000020002a6c       0x14 CMakeFiles/freertos_generic.elf.dir/work1/zyj/OK8MP/OK8MP-linux-sdk/OK8MP-FreeRTOS/devices/MIMX8ML8/drivers/fsl_uart.c.obj
 .bss.s_uartIsr
                0x0000000020002a80        0x4 CMakeFiles/freertos_generic.elf.dir/work1/zyj/OK8MP/OK8MP-linux-sdk/OK8MP-FreeRTOS/devices/MIMX8ML8/drivers/fsl_uart.c.obj
 *(COMMON)
                0x0000000020002a84                . = ALIGN (0x4)
                0x0000000020002a84                __bss_end__ = .
                0x0000000020002a84                __END_BSS = .

.heap           0x0000000020002a84      0x404 load address 0x00000000000067e8
                0x0000000020002a88                . = ALIGN (0x8)
 *fill*         0x0000000020002a84        0x4 
                0x0000000020002a88                __end__ = .
                0x0000000020002a88                PROVIDE (end = .)
                0x0000000020002a88                __HeapBase = .
                0x0000000020002e88                . = (. + HEAP_SIZE)
 *fill*         0x0000000020002a88      0x400 
                0x0000000020002e88                __HeapLimit = .
                0x0000000020002e88                __heap_limit = .

.stack          0x0000000020002e88      0x400 load address 0x0000000000006bec
                0x0000000020002e88                . = ALIGN (0x8)
                0x0000000020003288                . = (. + STACK_SIZE)
 *fill*         0x0000000020002e88      0x400 
                0x0000000020020000                __StackTop = (ORIGIN (m_data) + LENGTH (m_data))
                0x000000002001fc00                __StackLimit = (__StackTop - STACK_SIZE)
                0x0000000020020000                PROVIDE (__stack = __StackTop)

.ARM.attributes
                0x0000000000000000       0x30
 *(.ARM.attributes)
 .ARM.attributes
                0x0000000000000000       0x1e /work1/zyj/OK8MP/OK8MP-linux-sdk/gcc-arm-none-eabi-10-2020-q4-major/bin/../lib/gcc/arm-none-eabi/10.2.1/thumb/v7e-m+fp/hard/crti.o
 .ARM.attributes
                0x000000000000001e       0x34 /work1/zyj/OK8MP/OK8MP-linux-sdk/gcc-arm-none-eabi-10-2020-q4-major/bin/../lib/gcc/arm-none-eabi/10.2.1/thumb/v7e-m+fp/hard/crtbegin.o
 .ARM.attributes
                0x0000000000000052       0x1c /work1/zyj/OK8MP/OK8MP-linux-sdk/gcc-arm-none-eabi-10-2020-q4-major/bin/../lib/gcc/arm-none-eabi/10.2.1/../../../../arm-none-eabi/lib/thumb/v7e-m+fp/hard/crt0.o
 .ARM.attributes
                0x000000000000006e       0x34 CMakeFiles/freertos_generic.elf.dir/work1/zyj/OK8MP/OK8MP-linux-sdk/OK8MP-FreeRTOS/boards/evkmimx8mp/rtos_examples/freertos_generic/freertos_generic.c.obj
 .ARM.attributes
                0x00000000000000a2       0x34 CMakeFiles/freertos_generic.elf.dir/work1/zyj/OK8MP/OK8MP-linux-sdk/OK8MP-FreeRTOS/boards/evkmimx8mp/rtos_examples/freertos_generic/pin_mux.c.obj
 .ARM.attributes
                0x00000000000000d6       0x34 CMakeFiles/freertos_generic.elf.dir/work1/zyj/OK8MP/OK8MP-linux-sdk/OK8MP-FreeRTOS/boards/evkmimx8mp/rtos_examples/freertos_generic/board.c.obj
 .ARM.attributes
                0x000000000000010a       0x34 CMakeFiles/freertos_generic.elf.dir/work1/zyj/OK8MP/OK8MP-linux-sdk/OK8MP-FreeRTOS/boards/evkmimx8mp/rtos_examples/freertos_generic/clock_config.c.obj
 .ARM.attributes
                0x000000000000013e       0x39 CMakeFiles/freertos_generic.elf.dir/work1/zyj/OK8MP/OK8MP-linux-sdk/OK8MP-FreeRTOS/boards/evkmimx8mp/rtos_examples/freertos_generic/empty_rsc_table.c.obj
 .ARM.attributes
                0x0000000000000177       0x34 CMakeFiles/freertos_generic.elf.dir/work1/zyj/OK8MP/OK8MP-linux-sdk/OK8MP-FreeRTOS/devices/MIMX8ML8/drivers/fsl_clock.c.obj
 .ARM.attributes
                0x00000000000001ab       0x34 CMakeFiles/freertos_generic.elf.dir/work1/zyj/OK8MP/OK8MP-linux-sdk/OK8MP-FreeRTOS/rtos/freertos/freertos_kernel/portable/MemMang/heap_4.c.obj
 .ARM.attributes
                0x00000000000001df       0x34 CMakeFiles/freertos_generic.elf.dir/work1/zyj/OK8MP/OK8MP-linux-sdk/OK8MP-FreeRTOS/rtos/freertos/freertos_kernel/list.c.obj
 .ARM.attributes
                0x0000000000000213       0x34 CMakeFiles/freertos_generic.elf.dir/work1/zyj/OK8MP/OK8MP-linux-sdk/OK8MP-FreeRTOS/rtos/freertos/freertos_kernel/portable/GCC/ARM_CM4F/port.c.obj
 .ARM.attributes
                0x0000000000000247       0x34 CMakeFiles/freertos_generic.elf.dir/work1/zyj/OK8MP/OK8MP-linux-sdk/OK8MP-FreeRTOS/rtos/freertos/freertos_kernel/queue.c.obj
 .ARM.attributes
                0x000000000000027b       0x34 CMakeFiles/freertos_generic.elf.dir/work1/zyj/OK8MP/OK8MP-linux-sdk/OK8MP-FreeRTOS/rtos/freertos/freertos_kernel/tasks.c.obj
 .ARM.attributes
                0x00000000000002af       0x34 CMakeFiles/freertos_generic.elf.dir/work1/zyj/OK8MP/OK8MP-linux-sdk/OK8MP-FreeRTOS/rtos/freertos/freertos_kernel/timers.c.obj
 .ARM.attributes
                0x00000000000002e3       0x34 CMakeFiles/freertos_generic.elf.dir/work1/zyj/OK8MP/OK8MP-linux-sdk/OK8MP-FreeRTOS/devices/MIMX8ML8/drivers/fsl_rdc.c.obj
 .ARM.attributes
                0x0000000000000317       0x34 CMakeFiles/freertos_generic.elf.dir/work1/zyj/OK8MP/OK8MP-linux-sdk/OK8MP-FreeRTOS/devices/MIMX8ML8/drivers/fsl_audiomix.c.obj
 .ARM.attributes
                0x000000000000034b       0x34 CMakeFiles/freertos_generic.elf.dir/work1/zyj/OK8MP/OK8MP-linux-sdk/OK8MP-FreeRTOS/devices/MIMX8ML8/utilities/str/fsl_str.c.obj
 .ARM.attributes
                0x000000000000037f       0x34 CMakeFiles/freertos_generic.elf.dir/work1/zyj/OK8MP/OK8MP-linux-sdk/OK8MP-FreeRTOS/devices/MIMX8ML8/utilities/debug_console/fsl_debug_console.c.obj
 .ARM.attributes
                0x00000000000003b3       0x34 CMakeFiles/freertos_generic.elf.dir/work1/zyj/OK8MP/OK8MP-linux-sdk/OK8MP-FreeRTOS/components/serial_manager/fsl_component_serial_manager.c.obj
 .ARM.attributes
                0x00000000000003e7       0x34 CMakeFiles/freertos_generic.elf.dir/work1/zyj/OK8MP/OK8MP-linux-sdk/OK8MP-FreeRTOS/components/serial_manager/fsl_component_serial_port_uart.c.obj
 .ARM.attributes
                0x000000000000041b       0x34 CMakeFiles/freertos_generic.elf.dir/work1/zyj/OK8MP/OK8MP-linux-sdk/OK8MP-FreeRTOS/devices/MIMX8ML8/drivers/fsl_uart.c.obj
 .ARM.attributes
                0x000000000000044f       0x34 CMakeFiles/freertos_generic.elf.dir/work1/zyj/OK8MP/OK8MP-linux-sdk/OK8MP-FreeRTOS/components/uart/fsl_adapter_iuart.c.obj
 .ARM.attributes
                0x0000000000000483       0x1f CMakeFiles/freertos_generic.elf.dir/work1/zyj/OK8MP/OK8MP-linux-sdk/OK8MP-FreeRTOS/devices/MIMX8ML8/gcc/startup_MIMX8ML8_cm7.S.obj
 .ARM.attributes
                0x00000000000004a2       0x34 CMakeFiles/freertos_generic.elf.dir/work1/zyj/OK8MP/OK8MP-linux-sdk/OK8MP-FreeRTOS/devices/MIMX8ML8/system_MIMX8ML8_cm7.c.obj
 .ARM.attributes
                0x00000000000004d6       0x34 /work1/zyj/OK8MP/OK8MP-linux-sdk/gcc-arm-none-eabi-10-2020-q4-major/bin/../lib/gcc/arm-none-eabi/10.2.1/../../../../arm-none-eabi/lib/thumb/v7e-m+fp/hard/libc_nano.a(lib_a-exit.o)
 .ARM.attributes
                0x000000000000050a       0x32 /work1/zyj/OK8MP/OK8MP-linux-sdk/gcc-arm-none-eabi-10-2020-q4-major/bin/../lib/gcc/arm-none-eabi/10.2.1/../../../../arm-none-eabi/lib/thumb/v7e-m+fp/hard/libc_nano.a(lib_a-impure.o)
 .ARM.attributes
                0x000000000000053c       0x34 /work1/zyj/OK8MP/OK8MP-linux-sdk/gcc-arm-none-eabi-10-2020-q4-major/bin/../lib/gcc/arm-none-eabi/10.2.1/../../../../arm-none-eabi/lib/thumb/v7e-m+fp/hard/libc_nano.a(lib_a-init.o)
 .ARM.attributes
                0x0000000000000570       0x34 /work1/zyj/OK8MP/OK8MP-linux-sdk/gcc-arm-none-eabi-10-2020-q4-major/bin/../lib/gcc/arm-none-eabi/10.2.1/../../../../arm-none-eabi/lib/thumb/v7e-m+fp/hard/libc_nano.a(lib_a-memcpy-stub.o)
 .ARM.attributes
                0x00000000000005a4       0x34 /work1/zyj/OK8MP/OK8MP-linux-sdk/gcc-arm-none-eabi-10-2020-q4-major/bin/../lib/gcc/arm-none-eabi/10.2.1/../../../../arm-none-eabi/lib/thumb/v7e-m+fp/hard/libc_nano.a(lib_a-memset.o)
 .ARM.attributes
                0x00000000000005d8       0x17 /work1/zyj/OK8MP/OK8MP-linux-sdk/gcc-arm-none-eabi-10-2020-q4-major/bin/../lib/gcc/arm-none-eabi/10.2.1/../../../../arm-none-eabi/lib/thumb/v7e-m+fp/hard/libc_nano.a(lib_a-strlen.o)
 .ARM.attributes